Archive member included to satisfy reference by file (symbol)

c:/tools/gcc-arm-none-eabi-10.3-2021.10/bin/../lib/gcc/arm-none-eabi/10.3.1/thumb/v6-m/nofp\libgcc.a(_dvmd_tls.o)
                              CMakeFiles/lcd_i2cpwm_demo.dir/C_/pico/pico-sdk/src/rp2_common/pico_divider/divider.S.obj (__aeabi_idiv0)
c:/tools/gcc-arm-none-eabi-10.3-2021.10/bin/../lib/gcc/arm-none-eabi/10.3.1/../../../../arm-none-eabi/lib/thumb/v6-m/nofp\libc.a(lib_a-calloc.o)
                              CMakeFiles/lcd_i2cpwm_demo.dir/C_/pico/pico-sdk/src/rp2_common/pico_malloc/pico_malloc.c.obj (calloc)
c:/tools/gcc-arm-none-eabi-10.3-2021.10/bin/../lib/gcc/arm-none-eabi/10.3.1/../../../../arm-none-eabi/lib/thumb/v6-m/nofp\libc.a(lib_a-callocr.o)
                              c:/tools/gcc-arm-none-eabi-10.3-2021.10/bin/../lib/gcc/arm-none-eabi/10.3.1/../../../../arm-none-eabi/lib/thumb/v6-m/nofp\libc.a(lib_a-calloc.o) (_calloc_r)
c:/tools/gcc-arm-none-eabi-10.3-2021.10/bin/../lib/gcc/arm-none-eabi/10.3.1/../../../../arm-none-eabi/lib/thumb/v6-m/nofp\libc.a(lib_a-errno.o)
                              c:/tools/gcc-arm-none-eabi-10.3-2021.10/bin/../lib/gcc/arm-none-eabi/10.3.1/../../../../arm-none-eabi/lib/thumb/v6-m/nofp\libc.a(lib_a-callocr.o) (__errno)
c:/tools/gcc-arm-none-eabi-10.3-2021.10/bin/../lib/gcc/arm-none-eabi/10.3.1/../../../../arm-none-eabi/lib/thumb/v6-m/nofp\libc.a(lib_a-impure.o)
                              c:/tools/gcc-arm-none-eabi-10.3-2021.10/bin/../lib/gcc/arm-none-eabi/10.3.1/../../../../arm-none-eabi/lib/thumb/v6-m/nofp\libc.a(lib_a-calloc.o) (_impure_ptr)
c:/tools/gcc-arm-none-eabi-10.3-2021.10/bin/../lib/gcc/arm-none-eabi/10.3.1/../../../../arm-none-eabi/lib/thumb/v6-m/nofp\libc.a(lib_a-init.o)
                              c:/tools/gcc-arm-none-eabi-10.3-2021.10/bin/../lib/gcc/arm-none-eabi/10.3.1/../../../../arm-none-eabi/lib/thumb/v6-m/nofp/crt0.o (__libc_init_array)
c:/tools/gcc-arm-none-eabi-10.3-2021.10/bin/../lib/gcc/arm-none-eabi/10.3.1/../../../../arm-none-eabi/lib/thumb/v6-m/nofp\libc.a(lib_a-malloc.o)
                              CMakeFiles/lcd_i2cpwm_demo.dir/C_/pico/pico-sdk/src/rp2_common/pico_malloc/pico_malloc.c.obj (malloc)
c:/tools/gcc-arm-none-eabi-10.3-2021.10/bin/../lib/gcc/arm-none-eabi/10.3.1/../../../../arm-none-eabi/lib/thumb/v6-m/nofp\libc.a(lib_a-mallocr.o)
                              c:/tools/gcc-arm-none-eabi-10.3-2021.10/bin/../lib/gcc/arm-none-eabi/10.3.1/../../../../arm-none-eabi/lib/thumb/v6-m/nofp\libc.a(lib_a-callocr.o) (_malloc_r)
c:/tools/gcc-arm-none-eabi-10.3-2021.10/bin/../lib/gcc/arm-none-eabi/10.3.1/../../../../arm-none-eabi/lib/thumb/v6-m/nofp\libc.a(lib_a-mlock.o)
                              c:/tools/gcc-arm-none-eabi-10.3-2021.10/bin/../lib/gcc/arm-none-eabi/10.3.1/../../../../arm-none-eabi/lib/thumb/v6-m/nofp\libc.a(lib_a-mallocr.o) (__malloc_lock)
c:/tools/gcc-arm-none-eabi-10.3-2021.10/bin/../lib/gcc/arm-none-eabi/10.3.1/../../../../arm-none-eabi/lib/thumb/v6-m/nofp\libc.a(lib_a-realloc.o)
                              CMakeFiles/lcd_i2cpwm_demo.dir/C_/pico/pico-sdk/src/rp2_common/pico_malloc/pico_malloc.c.obj (realloc)
c:/tools/gcc-arm-none-eabi-10.3-2021.10/bin/../lib/gcc/arm-none-eabi/10.3.1/../../../../arm-none-eabi/lib/thumb/v6-m/nofp\libc.a(lib_a-reallocr.o)
                              c:/tools/gcc-arm-none-eabi-10.3-2021.10/bin/../lib/gcc/arm-none-eabi/10.3.1/../../../../arm-none-eabi/lib/thumb/v6-m/nofp\libc.a(lib_a-realloc.o) (_realloc_r)
c:/tools/gcc-arm-none-eabi-10.3-2021.10/bin/../lib/gcc/arm-none-eabi/10.3.1/../../../../arm-none-eabi/lib/thumb/v6-m/nofp\libc.a(lib_a-sbrkr.o)
                              c:/tools/gcc-arm-none-eabi-10.3-2021.10/bin/../lib/gcc/arm-none-eabi/10.3.1/../../../../arm-none-eabi/lib/thumb/v6-m/nofp\libc.a(lib_a-mallocr.o) (_sbrk_r)
c:/tools/gcc-arm-none-eabi-10.3-2021.10/bin/../lib/gcc/arm-none-eabi/10.3.1/../../../../arm-none-eabi/lib/thumb/v6-m/nofp\libc.a(lib_a-strcmp.o)
                              CMakeFiles/lcd_i2cpwm_demo.dir/lib/fatfs/fatfs_storage.c.obj (strcmp)
c:/tools/gcc-arm-none-eabi-10.3-2021.10/bin/../lib/gcc/arm-none-eabi/10.3.1/../../../../arm-none-eabi/lib/thumb/v6-m/nofp\libc.a(lib_a-strlen-stub.o)
                              CMakeFiles/lcd_i2cpwm_demo.dir/lib/fatfs/fatfs_storage.c.obj (strlen)
c:/tools/gcc-arm-none-eabi-10.3-2021.10/bin/../lib/gcc/arm-none-eabi/10.3.1/../../../../arm-none-eabi/lib/thumb/v6-m/nofp\libc.a(lib_a-freer.o)
                              c:/tools/gcc-arm-none-eabi-10.3-2021.10/bin/../lib/gcc/arm-none-eabi/10.3.1/../../../../arm-none-eabi/lib/thumb/v6-m/nofp\libc.a(lib_a-malloc.o) (_free_r)
c:/tools/gcc-arm-none-eabi-10.3-2021.10/bin/../lib/gcc/arm-none-eabi/10.3.1/../../../../arm-none-eabi/lib/thumb/v6-m/nofp\libc.a(lib_a-lock.o)
                              c:/tools/gcc-arm-none-eabi-10.3-2021.10/bin/../lib/gcc/arm-none-eabi/10.3.1/../../../../arm-none-eabi/lib/thumb/v6-m/nofp\libc.a(lib_a-mlock.o) (__retarget_lock_acquire_recursive)
[...]
Memory Configuration

Name             Origin             Length             Attributes
FLASH            0x10000000         0x00200000         xr
RAM              0x20000000         0x00040000         xrw
SCRATCH_X        0x20040000         0x00001000         xrw
SCRATCH_Y        0x20041000         0x00001000         xrw
*default*        0x00000000         0xffffffff

Linker script and memory map

LOAD c:/tools/gcc-arm-none-eabi-10.3-2021.10/bin/../lib/gcc/arm-none-eabi/10.3.1/thumb/v6-m/nofp/crti.o
LOAD c:/tools/gcc-arm-none-eabi-10.3-2021.10/bin/../lib/gcc/arm-none-eabi/10.3.1/thumb/v6-m/nofp/crtbegin.o
LOAD c:/tools/gcc-arm-none-eabi-10.3-2021.10/bin/../lib/gcc/arm-none-eabi/10.3.1/../../../../arm-none-eabi/lib/thumb/v6-m/nofp/crt0.o

.flash_begin    0x10000000        0x0
                0x10000000                __flash_binary_start = .

.boot2          0x10000000      0x100
                0x10000000                __boot2_start__ = .
 *(.boot2)
 .boot2         0x10000000      0x100 C:\Users\Choi\AppData\Local\Temp\cc2CnoRj.o
                0x10000100                __boot2_end__ = .
                0x00000001                ASSERT (((__boot2_end__ - __boot2_start__) == 0x100), ERROR: Pico second stage bootloader must be 256 bytes in size)

.text           0x10000100     0xd0a8
                0x10000100                __logical_binary_start = .
 *(.vectors)
 .vectors       0x10000100       0xd4 CMakeFiles/lcd_i2cpwm_demo.dir/C_/pico/pico-sdk/src/rp2_common/pico_standard_link/crt0.S.obj
                0x10000100                __vectors
                0x10000100                __VECTOR_TABLE
                0x100001c0                isr_invalid
                0x100001c0                __default_isrs_start
                0x100001c2                NMI_Handler
                0x100001c4                HardFault_Handler
                0x100001c6                SVC_Handler
                0x100001c8                PendSV_Handler
                0x100001ca                SysTick_Handler
                0x100001cc                IO_IRQ_BANK0_Handler
                0x100001cc                PIO0_IRQ_0_Handler
                0x100001cc                USBCTRL_IRQ_Handler
                0x100001cc                SPI1_IRQ_Handler
                0x100001cc                isr_irq27
                0x100001cc                isr_irq31
                0x100001cc                PIO1_IRQ_1_Handler
                0x100001cc                DMA_IRQ_1_Handler
                0x100001cc                __unhandled_user_irq
                0x100001cc                SPI0_IRQ_Handler
                0x100001cc                isr_irq28
                0x100001cc                UART0_IRQ_Handler
                0x100001cc                __default_isrs_end
                0x100001cc                PIO0_IRQ_1_Handler
                0x100001cc                I2C0_IRQ_Handler
                0x100001cc                SIO_IRQ_PROC1_Handler
                0x100001cc                TIMER_IRQ_0_Handler
                0x100001cc                isr_irq30
                0x100001cc                UART1_IRQ_Handler
                0x100001cc                TIMER_IRQ_3_Handler
                0x100001cc                DMA_IRQ_0_Handler
                0x100001cc                RTC_IRQ_Handler
                0x100001cc                TIMER_IRQ_2_Handler
                0x100001cc                CLOCKS_IRQ_Handler
                0x100001cc                PIO1_IRQ_0_Handler
                0x100001cc                I2C1_IRQ_Handler
                0x100001cc                ADC_IRQ_FIFO_Handler
                0x100001cc                IO_IRQ_QSPI_Handler
                0x100001cc                SIO_IRQ_PROC0_Handler
                0x100001cc                TIMER_IRQ_1_Handler
                0x100001cc                XIP_IRQ_Handler
                0x100001cc                isr_irq29
                0x100001cc                isr_irq26
                0x100001cc                PWM_IRQ_WRAP_Handler
                0x100001d2                unhandled_user_irq_num_in_r0
 *(.binary_info_header)
 .binary_info_header
                0x100001d4       0x14 CMakeFiles/lcd_i2cpwm_demo.dir/C_/pico/pico-sdk/src/rp2_common/pico_standard_link/crt0.S.obj
                0x100001e8                __binary_info_header_end = .
 *(.reset)
 .reset         0x100001e8       0xa8 CMakeFiles/lcd_i2cpwm_demo.dir/C_/pico/pico-sdk/src/rp2_common/pico_standard_link/crt0.S.obj
                0x100001e8                _entry_point
                0x10000266                __get_current_exception
 .reset         0x10000290       0x30 CMakeFiles/lcd_i2cpwm_demo.dir/C_/pico/pico-sdk/src/rp2_common/pico_standard_link/binary_info.c.obj
 *(.init)
 .init          0x100002c0        0x4 c:/tools/gcc-arm-none-eabi-10.3-2021.10/bin/../lib/gcc/arm-none-eabi/10.3.1/thumb/v6-m/nofp/crti.o
                0x100002c0                _init
 *(EXCLUDE_FILE(*libm.a: *libc.a:*lib_a-mem*.o *libgcc.a:) .text*)
 .text          0x100002c4       0x48 c:/tools/gcc-arm-none-eabi-10.3-2021.10/bin/../lib/gcc/arm-none-eabi/10.3.1/thumb/v6-m/nofp/crtbegin.o
 .text.startup.main
                0x1000030c        0x8 CMakeFiles/lcd_i2cpwm_demo.dir/main.c.obj
                0x1000030c                main
 .text.lcd_run  0x10000314       0x58 CMakeFiles/lcd_i2cpwm_demo.dir/view/lcd_run.c.obj
                0x10000314                lcd_run
 .text.DEV_Digital_Write
                0x1000036c       0x14 CMakeFiles/lcd_i2cpwm_demo.dir/lib/config/DEV_Config.c.obj
                0x1000036c                DEV_Digital_Write
 .text.DEV_Digital_Read
                0x10000380       0x10 CMakeFiles/lcd_i2cpwm_demo.dir/lib/config/DEV_Config.c.obj
                0x10000380                DEV_Digital_Read
 .text.SENSOR_GPIO_Init
                0x10000390       0x6c CMakeFiles/lcd_i2cpwm_demo.dir/lib/config/DEV_Config.c.obj
                0x10000390                SENSOR_GPIO_Init
 .text.System_Init
                0x100003fc       0xe0 CMakeFiles/lcd_i2cpwm_demo.dir/lib/config/DEV_Config.c.obj
                0x100003fc                System_Init
 .text.SPI4W_Write_Byte
                0x100004dc       0x24 CMakeFiles/lcd_i2cpwm_demo.dir/lib/config/DEV_Config.c.obj
                0x100004dc                SPI4W_Write_Byte
 .text.SPI4W_Read_Byte
                0x10000500       0x20 CMakeFiles/lcd_i2cpwm_demo.dir/lib/config/DEV_Config.c.obj
                0x10000500                SPI4W_Read_Byte
 .text.Driver_Delay_ms
                0x10000520        0x8 CMakeFiles/lcd_i2cpwm_demo.dir/lib/config/DEV_Config.c.obj
                0x10000520                Driver_Delay_ms
 .text.Driver_Delay_us
                0x10000528        0x4 CMakeFiles/lcd_i2cpwm_demo.dir/lib/config/DEV_Config.c.obj
                0x10000528                Driver_Delay_us
 .text.disk_initialize
                0x1000052c       0x28 CMakeFiles/lcd_i2cpwm_demo.dir/lib/fatfs/diskio.c.obj
                0x1000052c                disk_initialize
 .text.disk_status
                0x10000554        0x4 CMakeFiles/lcd_i2cpwm_demo.dir/lib/fatfs/diskio.c.obj
                0x10000554                disk_status
 .text.disk_read
                0x10000558       0x34 CMakeFiles/lcd_i2cpwm_demo.dir/lib/fatfs/diskio.c.obj
                0x10000558                disk_read
 .text.disk_write
                0x1000058c       0x28 CMakeFiles/lcd_i2cpwm_demo.dir/lib/fatfs/diskio.c.obj
                0x1000058c                disk_write
 .text.disk_ioctl
                0x100005b4       0x54 CMakeFiles/lcd_i2cpwm_demo.dir/lib/fatfs/diskio.c.obj
                0x100005b4                disk_ioctl
 .text.get_fattime
                0x10000608        0x4 CMakeFiles/lcd_i2cpwm_demo.dir/lib/fatfs/diskio.c.obj
                0x10000608                get_fattime
 .text.show_button
                0x1000060c       0x78 CMakeFiles/lcd_i2cpwm_demo.dir/lib/fatfs/fatfs_storage.c.obj
                0x1000060c                show_button
 .text.show_num
                0x10000684      0x11c CMakeFiles/lcd_i2cpwm_demo.dir/lib/fatfs/fatfs_storage.c.obj
                0x10000684                show_num
 .text.Storage_OpenReadFile
                0x100007a0      0x1f4 CMakeFiles/lcd_i2cpwm_demo.dir/lib/fatfs/fatfs_storage.c.obj
                0x100007a0                Storage_OpenReadFile
 .text.check_fs
                0x10000994       0x80 CMakeFiles/lcd_i2cpwm_demo.dir/lib/fatfs/ff.c.obj
 .text.move_window
                0x10000a14       0x80 CMakeFiles/lcd_i2cpwm_demo.dir/lib/fatfs/ff.c.obj
 .text.find_volume
                0x10000a94      0x3ac CMakeFiles/lcd_i2cpwm_demo.dir/lib/fatfs/ff.c.obj
 .text.get_fat.part.0
                0x10000e40       0xd8 CMakeFiles/lcd_i2cpwm_demo.dir/lib/fatfs/ff.c.obj
 .text.f_read.part.0
                0x10000f18      0x250 CMakeFiles/lcd_i2cpwm_demo.dir/lib/fatfs/ff.c.obj
 .text.put_fat.part.0
                0x10001168      0x12c CMakeFiles/lcd_i2cpwm_demo.dir/lib/fatfs/ff.c.obj
 .text.sync_fs  0x10001294       0xc4 CMakeFiles/lcd_i2cpwm_demo.dir/lib/fatfs/ff.c.obj
 .text.create_chain
                0x10001358      0x1c4 CMakeFiles/lcd_i2cpwm_demo.dir/lib/fatfs/ff.c.obj
 .text.dir_sdi  0x1000151c      0x1a4 CMakeFiles/lcd_i2cpwm_demo.dir/lib/fatfs/ff.c.obj
 .text.follow_path
                0x100016c0      0x37c CMakeFiles/lcd_i2cpwm_demo.dir/lib/fatfs/ff.c.obj
 .text.remove_chain.part.0
                0x10001a3c      0x154 CMakeFiles/lcd_i2cpwm_demo.dir/lib/fatfs/ff.c.obj
 .text.dir_register
                0x10001b90      0x308 CMakeFiles/lcd_i2cpwm_demo.dir/lib/fatfs/ff.c.obj
 .text.f_mount  0x10001e98       0x5c CMakeFiles/lcd_i2cpwm_demo.dir/lib/fatfs/ff.c.obj
                0x10001e98                f_mount
 .text.f_open   0x10001ef4      0x194 CMakeFiles/lcd_i2cpwm_demo.dir/lib/fatfs/ff.c.obj
                0x10001ef4                f_open
 .text.f_read   0x10002088       0x5c CMakeFiles/lcd_i2cpwm_demo.dir/lib/fatfs/ff.c.obj
                0x10002088                f_read
 .text.f_close  0x100020e4       0xd8 CMakeFiles/lcd_i2cpwm_demo.dir/lib/fatfs/ff.c.obj
                0x100020e4                f_close
 .text.SD_Init  0x100021bc       0x6c CMakeFiles/lcd_i2cpwm_demo.dir/lib/lcd/LCD_Bmp.c.obj
                0x100021bc                SD_Init
 .text.LCD_SetGramScanWay
                0x10002228       0xa4 CMakeFiles/lcd_i2cpwm_demo.dir/lib/lcd/LCD_Driver.c.obj
                0x10002228                LCD_SetGramScanWay
 .text.LCD_Init
                0x100022cc     0x17b8 CMakeFiles/lcd_i2cpwm_demo.dir/lib/lcd/LCD_Driver.c.obj
                0x100022cc                LCD_Init
 .text.LCD_SetWindow
                0x10003a84      0x260 CMakeFiles/lcd_i2cpwm_demo.dir/lib/lcd/LCD_Driver.c.obj
                0x10003a84                LCD_SetWindow
 .text.LCD_SetCursor
                0x10003ce4      0x244 CMakeFiles/lcd_i2cpwm_demo.dir/lib/lcd/LCD_Driver.c.obj
                0x10003ce4                LCD_SetCursor
 .text.LCD_SetPointlColor
                0x10003f28       0x48 CMakeFiles/lcd_i2cpwm_demo.dir/lib/lcd/LCD_Driver.c.obj
                0x10003f28                LCD_SetPointlColor
 .text.LCD_SetArealColor
                0x10003f70       0x64 CMakeFiles/lcd_i2cpwm_demo.dir/lib/lcd/LCD_Driver.c.obj
                0x10003f70                LCD_SetArealColor
 .text.LCD_Clear
                0x10003fd4       0x58 CMakeFiles/lcd_i2cpwm_demo.dir/lib/lcd/LCD_Driver.c.obj
                0x10003fd4                LCD_Clear
 .text.GUI_DisChar.part.0
                0x1000402c      0x120 CMakeFiles/lcd_i2cpwm_demo.dir/lib/lcd/LCD_GUI.c.obj
 .text.GUI_DrawLine.part.0
                0x1000414c      0x1b4 CMakeFiles/lcd_i2cpwm_demo.dir/lib/lcd/LCD_GUI.c.obj
 .text.GUI_DrawRectangle.part.0
                0x10004300       0xd8 CMakeFiles/lcd_i2cpwm_demo.dir/lib/lcd/LCD_GUI.c.obj
 .text.GUI_DrawRectangle
                0x100043d8       0x48 CMakeFiles/lcd_i2cpwm_demo.dir/lib/lcd/LCD_GUI.c.obj
                0x100043d8                GUI_DrawRectangle
 .text.GUI_DisString_EN
                0x10004420       0xa4 CMakeFiles/lcd_i2cpwm_demo.dir/lib/lcd/LCD_GUI.c.obj
                0x10004420                GUI_DisString_EN
 .text.TP_Read_ADC_Average
                0x100044c4      0x108 CMakeFiles/lcd_i2cpwm_demo.dir/lib/lcd/LCD_Touch.c.obj
 .text.TP_Read_TwiceADC.constprop.0
                0x100045cc       0x84 CMakeFiles/lcd_i2cpwm_demo.dir/lib/lcd/LCD_Touch.c.obj
 .text.TP_GetAdFac
                0x10004650       0xec CMakeFiles/lcd_i2cpwm_demo.dir/lib/lcd/LCD_Touch.c.obj
                0x10004650                TP_GetAdFac
 .text.TP_gesmain
                0x1000473c      0x10c CMakeFiles/lcd_i2cpwm_demo.dir/lib/lcd/LCD_Touch.c.obj
                0x1000473c                TP_gesmain
 .text.TP_start_view
                0x10004848      0x258 CMakeFiles/lcd_i2cpwm_demo.dir/lib/lcd/LCD_Touch.c.obj
                0x10004848                TP_start_view
 .text.TP_Bmp_view
                0x10004aa0       0x20 CMakeFiles/lcd_i2cpwm_demo.dir/lib/lcd/LCD_Touch.c.obj
                0x10004aa0                TP_Bmp_view
 .text.Run_page
                0x10004ac0      0x45c CMakeFiles/lcd_i2cpwm_demo.dir/lib/lcd/LCD_Touch.c.obj
                0x10004ac0                Run_page
 .text.TP_DrawBoard
                0x10004f1c      0x470 CMakeFiles/lcd_i2cpwm_demo.dir/lib/lcd/LCD_Touch.c.obj
                0x10004f1c                TP_DrawBoard
 .text.TP_Init  0x1000538c       0x28 CMakeFiles/lcd_i2cpwm_demo.dir/lib/lcd/LCD_Touch.c.obj
                0x1000538c                TP_Init
 .text.SD_SendCmd.constprop.0
                0x100053b4       0x90 CMakeFiles/lcd_i2cpwm_demo.dir/lib/sdcard/MMC_SD.c.obj
 .text.SD_SPI_ReadWriteByte
                0x10005444        0x8 CMakeFiles/lcd_i2cpwm_demo.dir/lib/sdcard/MMC_SD.c.obj
                0x10005444                SD_SPI_ReadWriteByte
 .text.SD_SPI_SpeedLow
                0x1000544c        0x4 CMakeFiles/lcd_i2cpwm_demo.dir/lib/sdcard/MMC_SD.c.obj
                0x1000544c                SD_SPI_SpeedLow
 .text.SD_SPI_SpeedHigh
                0x10005450        0x4 CMakeFiles/lcd_i2cpwm_demo.dir/lib/sdcard/MMC_SD.c.obj
                0x10005450                SD_SPI_SpeedHigh
 .text.SD_WaitReady
                0x10005454       0x24 CMakeFiles/lcd_i2cpwm_demo.dir/lib/sdcard/MMC_SD.c.obj
                0x10005454                SD_WaitReady
 .text.SD_SendCmd
                0x10005478       0x98 CMakeFiles/lcd_i2cpwm_demo.dir/lib/sdcard/MMC_SD.c.obj
                0x10005478                SD_SendCmd
 .text.SD_GetCSD
                0x10005510       0x70 CMakeFiles/lcd_i2cpwm_demo.dir/lib/sdcard/MMC_SD.c.obj
                0x10005510                SD_GetCSD
 .text.SD_GetSectorCount
                0x10005580       0x70 CMakeFiles/lcd_i2cpwm_demo.dir/lib/sdcard/MMC_SD.c.obj
                0x10005580                SD_GetSectorCount
 .text.SD_Initialize
                0x100055f0      0x1bc CMakeFiles/lcd_i2cpwm_demo.dir/lib/sdcard/MMC_SD.c.obj
                0x100055f0                SD_Initialize
 .text.SD_ReadDisk
                0x100057ac       0xe0 CMakeFiles/lcd_i2cpwm_demo.dir/lib/sdcard/MMC_SD.c.obj
                0x100057ac                SD_ReadDisk
 .text.SD_WriteDisk
                0x1000588c      0x154 CMakeFiles/lcd_i2cpwm_demo.dir/lib/sdcard/MMC_SD.c.obj
                0x1000588c                SD_WriteDisk
 .text.i2c_bus_scan
                0x100059e0       0xac CMakeFiles/lcd_i2cpwm_demo.dir/lib/pca9685/pca9685.c.obj
                0x100059e0                i2c_bus_scan
 .text.getPCAmode
                0x10005a8c       0x84 CMakeFiles/lcd_i2cpwm_demo.dir/lib/pca9685/pca9685.c.obj
                0x10005a8c                getPCAmode
 .text.pca_i2c_init
                0x10005b10       0x40 CMakeFiles/lcd_i2cpwm_demo.dir/lib/pca9685/pca9685.c.obj
                0x10005b10                pca_i2c_init
 .text.startup.SystemInit
                0x10005b50       0x14 CMakeFiles/lcd_i2cpwm_demo.dir/C_/pico/pico-sdk/src/rp2_common/cmsis/stub/CMSIS/Device/RaspberryPi/RP2040/Source/system_RP2040.c.obj
                0x10005b50                SystemInit
 .text.clock_configure
                0x10005b64      0x114 CMakeFiles/lcd_i2cpwm_demo.dir/C_/pico/pico-sdk/src/rp2_common/hardware_clocks/clocks.c.obj
                0x10005b64                clock_configure
 .text.clocks_init
                0x10005c78      0x2bc CMakeFiles/lcd_i2cpwm_demo.dir/C_/pico/pico-sdk/src/rp2_common/hardware_clocks/clocks.c.obj
                0x10005c78                clocks_init
 .text.clock_get_hz
                0x10005f34        0xc CMakeFiles/lcd_i2cpwm_demo.dir/C_/pico/pico-sdk/src/rp2_common/hardware_clocks/clocks.c.obj
                0x10005f34                clock_get_hz
 .text.hw_claim_or_assert
                0x10005f40       0x44 CMakeFiles/lcd_i2cpwm_demo.dir/C_/pico/pico-sdk/src/rp2_common/hardware_claim/claim.c.obj
                0x10005f40                hw_claim_or_assert
 .text.hw_claim_unused_from_range
                0x10005f84       0x9c CMakeFiles/lcd_i2cpwm_demo.dir/C_/pico/pico-sdk/src/rp2_common/hardware_claim/claim.c.obj
                0x10005f84                hw_claim_unused_from_range
 .text.running_on_fpga
                0x10006020       0x10 CMakeFiles/lcd_i2cpwm_demo.dir/C_/pico/pico-sdk/src/rp2_common/pico_platform/platform.c.obj
                0x10006020                running_on_fpga
 .text.spin_locks_reset
                0x10006030       0x1c CMakeFiles/lcd_i2cpwm_demo.dir/C_/pico/pico-sdk/src/rp2_common/hardware_sync/sync.c.obj
                0x10006030                spin_locks_reset
 .text.next_striped_spin_lock_num
                0x1000604c       0x18 CMakeFiles/lcd_i2cpwm_demo.dir/C_/pico/pico-sdk/src/rp2_common/hardware_sync/sync.c.obj
                0x1000604c                next_striped_spin_lock_num
 .text.spin_lock_claim_unused
                0x10006064       0x20 CMakeFiles/lcd_i2cpwm_demo.dir/C_/pico/pico-sdk/src/rp2_common/hardware_sync/sync.c.obj
                0x10006064                spin_lock_claim_unused
 .text.gpio_set_function
                0x10006084       0x30 CMakeFiles/lcd_i2cpwm_demo.dir/C_/pico/pico-sdk/src/rp2_common/hardware_gpio/gpio.c.obj
                0x10006084                gpio_set_function
 .text.gpio_set_pulls
                0x100060b4       0x30 CMakeFiles/lcd_i2cpwm_demo.dir/C_/pico/pico-sdk/src/rp2_common/hardware_gpio/gpio.c.obj
                0x100060b4                gpio_set_pulls
 .text.gpio_init
                0x100060e4       0x3c CMakeFiles/lcd_i2cpwm_demo.dir/C_/pico/pico-sdk/src/rp2_common/hardware_gpio/gpio.c.obj
                0x100060e4                gpio_init
 .text.irq_set_enabled
                0x10006120       0x24 CMakeFiles/lcd_i2cpwm_demo.dir/C_/pico/pico-sdk/src/rp2_common/hardware_irq/irq.c.obj
                0x10006120                irq_set_enabled
 .text.irq_set_pending
                0x10006144       0x10 CMakeFiles/lcd_i2cpwm_demo.dir/C_/pico/pico-sdk/src/rp2_common/hardware_irq/irq.c.obj
                0x10006144                irq_set_pending
 .text.irq_has_shared_handler
                0x10006154       0x2c CMakeFiles/lcd_i2cpwm_demo.dir/C_/pico/pico-sdk/src/rp2_common/hardware_irq/irq.c.obj
                0x10006154                irq_has_shared_handler
 .text.irq_get_vtable_handler
                0x10006180       0x10 CMakeFiles/lcd_i2cpwm_demo.dir/C_/pico/pico-sdk/src/rp2_common/hardware_irq/irq.c.obj
                0x10006180                irq_get_vtable_handler
 .text.irq_set_exclusive_handler
                0x10006190       0x54 CMakeFiles/lcd_i2cpwm_demo.dir/C_/pico/pico-sdk/src/rp2_common/hardware_irq/irq.c.obj
                0x10006190                irq_set_exclusive_handler
 .text.irq_add_shared_handler
                0x100061e4      0x1e4 CMakeFiles/lcd_i2cpwm_demo.dir/C_/pico/pico-sdk/src/rp2_common/hardware_irq/irq.c.obj
                0x100061e4                irq_add_shared_handler
 .text.irq_remove_handler
                0x100063c8      0x1b4 CMakeFiles/lcd_i2cpwm_demo.dir/C_/pico/pico-sdk/src/rp2_common/hardware_irq/irq.c.obj
                0x100063c8                irq_remove_handler
 .text.irq_add_tail_to_free_list
                0x1000657c       0xb4 CMakeFiles/lcd_i2cpwm_demo.dir/C_/pico/pico-sdk/src/rp2_common/hardware_irq/irq.c.obj
                0x1000657c                irq_add_tail_to_free_list
 .text.irq_init_priorities
                0x10006630       0x24 CMakeFiles/lcd_i2cpwm_demo.dir/C_/pico/pico-sdk/src/rp2_common/hardware_irq/irq.c.obj
                0x10006630                irq_init_priorities
 .text.user_irq_claim_unused
                0x10006654       0x30 CMakeFiles/lcd_i2cpwm_demo.dir/C_/pico/pico-sdk/src/rp2_common/hardware_irq/irq.c.obj
                0x10006654                user_irq_claim_unused
 .text.lock_init
                0x10006684       0x10 CMakeFiles/lcd_i2cpwm_demo.dir/C_/pico/pico-sdk/src/common/pico_sync/lock_core.c.obj
                0x10006684                lock_init
 .text.timer_pool_entry_comparator
                0x10006694       0x34 CMakeFiles/lcd_i2cpwm_demo.dir/C_/pico/pico-sdk/src/common/pico_time/time.c.obj
                0x10006694                timer_pool_entry_comparator
 .text.sleep_until_callback
                0x100066c8       0x30 CMakeFiles/lcd_i2cpwm_demo.dir/C_/pico/pico-sdk/src/common/pico_time/time.c.obj
 .text.add_alarm_under_lock.isra.0
                0x100066f8      0x100 CMakeFiles/lcd_i2cpwm_demo.dir/C_/pico/pico-sdk/src/common/pico_time/time.c.obj
 .text.alarm_pool_alarm_callback
                0x100067f8      0x1c8 CMakeFiles/lcd_i2cpwm_demo.dir/C_/pico/pico-sdk/src/common/pico_time/time.c.obj
 .text.alarm_pool_add_alarm_at.constprop.0
                0x100069c0      0x11c CMakeFiles/lcd_i2cpwm_demo.dir/C_/pico/pico-sdk/src/common/pico_time/time.c.obj
 .text.alarm_pool_init_default
                0x10006adc       0x64 CMakeFiles/lcd_i2cpwm_demo.dir/C_/pico/pico-sdk/src/common/pico_time/time.c.obj
                0x10006adc                alarm_pool_init_default
 .text.alarm_pool_get_default
                0x10006b40        0x8 CMakeFiles/lcd_i2cpwm_demo.dir/C_/pico/pico-sdk/src/common/pico_time/time.c.obj
                0x10006b40                alarm_pool_get_default
 .text.alarm_pool_add_alarm_at
                0x10006b48      0x194 CMakeFiles/lcd_i2cpwm_demo.dir/C_/pico/pico-sdk/src/common/pico_time/time.c.obj
                0x10006b48                alarm_pool_add_alarm_at
 .text.sleep_until
                0x10006cdc       0xac CMakeFiles/lcd_i2cpwm_demo.dir/C_/pico/pico-sdk/src/common/pico_time/time.c.obj
                0x10006cdc                sleep_until
 .text.sleep_us
                0x10006d88       0x30 CMakeFiles/lcd_i2cpwm_demo.dir/C_/pico/pico-sdk/src/common/pico_time/time.c.obj
                0x10006d88                sleep_us
 .text.sleep_ms
                0x10006db8       0x38 CMakeFiles/lcd_i2cpwm_demo.dir/C_/pico/pico-sdk/src/common/pico_time/time.c.obj
                0x10006db8                sleep_ms
 .text.best_effort_wfe_or_timeout
                0x10006df0       0xd4 CMakeFiles/lcd_i2cpwm_demo.dir/C_/pico/pico-sdk/src/common/pico_time/time.c.obj
                0x10006df0                best_effort_wfe_or_timeout
 .text.hardware_alarm_irq_handler
                0x10006ec4       0xb8 CMakeFiles/lcd_i2cpwm_demo.dir/C_/pico/pico-sdk/src/rp2_common/hardware_timer/timer.c.obj
 .text.hardware_alarm_claim
                0x10006f7c       0x18 CMakeFiles/lcd_i2cpwm_demo.dir/C_/pico/pico-sdk/src/rp2_common/hardware_timer/timer.c.obj
                0x10006f7c                hardware_alarm_claim
 .text.time_us_64
                0x10006f94       0x14 CMakeFiles/lcd_i2cpwm_demo.dir/C_/pico/pico-sdk/src/rp2_common/hardware_timer/timer.c.obj
                0x10006f94                time_us_64
 .text.busy_wait_until
                0x10006fa8       0x20 CMakeFiles/lcd_i2cpwm_demo.dir/C_/pico/pico-sdk/src/rp2_common/hardware_timer/timer.c.obj
                0x10006fa8                busy_wait_until
 .text.hardware_alarm_set_callback
                0x10006fc8       0x8c CMakeFiles/lcd_i2cpwm_demo.dir/C_/pico/pico-sdk/src/rp2_common/hardware_timer/timer.c.obj
                0x10006fc8                hardware_alarm_set_callback
 .text.hardware_alarm_set_target
                0x10007054       0xe0 CMakeFiles/lcd_i2cpwm_demo.dir/C_/pico/pico-sdk/src/rp2_common/hardware_timer/timer.c.obj
                0x10007054                hardware_alarm_set_target
 .text.hardware_alarm_cancel
                0x10007134       0x3c CMakeFiles/lcd_i2cpwm_demo.dir/C_/pico/pico-sdk/src/rp2_common/hardware_timer/timer.c.obj
                0x10007134                hardware_alarm_cancel
 .text.ph_merge_nodes
                0x10007170       0x68 CMakeFiles/lcd_i2cpwm_demo.dir/C_/pico/pico-sdk/src/common/pico_util/pheap.c.obj
 .text.ph_post_alloc_init
                0x100071d8       0x3c CMakeFiles/lcd_i2cpwm_demo.dir/C_/pico/pico-sdk/src/common/pico_util/pheap.c.obj
                0x100071d8                ph_post_alloc_init
 .text.ph_merge_two_pass
                0x10007214       0x90 CMakeFiles/lcd_i2cpwm_demo.dir/C_/pico/pico-sdk/src/common/pico_util/pheap.c.obj
                0x10007214                ph_merge_two_pass
 .text.ph_remove_any_head
                0x100072a4       0xf8 CMakeFiles/lcd_i2cpwm_demo.dir/C_/pico/pico-sdk/src/common/pico_util/pheap.c.obj
 .text.ph_remove_head
                0x1000739c       0xfc CMakeFiles/lcd_i2cpwm_demo.dir/C_/pico/pico-sdk/src/common/pico_util/pheap.c.obj
                0x1000739c                ph_remove_head
 .text.ph_remove_and_free_node
                0x10007498       0x7c CMakeFiles/lcd_i2cpwm_demo.dir/C_/pico/pico-sdk/src/common/pico_util/pheap.c.obj
                0x10007498                ph_remove_and_free_node
 .text.mutex_init
                0x10007514       0x1c CMakeFiles/lcd_i2cpwm_demo.dir/C_/pico/pico-sdk/src/common/pico_sync/mutex.c.obj
                0x10007514                mutex_init
 .text.recursive_mutex_init
                0x10007530       0x1c CMakeFiles/lcd_i2cpwm_demo.dir/C_/pico/pico-sdk/src/common/pico_sync/mutex.c.obj
                0x10007530                recursive_mutex_init
 .text.critical_section_init
                0x1000754c       0x20 CMakeFiles/lcd_i2cpwm_demo.dir/C_/pico/pico-sdk/src/common/pico_sync/critical_section.c.obj
                0x1000754c                critical_section_init
 .text.pll_init
                0x1000756c       0xb0 CMakeFiles/lcd_i2cpwm_demo.dir/C_/pico/pico-sdk/src/rp2_common/hardware_pll/pll.c.obj
                0x1000756c                pll_init
 .text.watchdog_start_tick
                0x1000761c       0x10 CMakeFiles/lcd_i2cpwm_demo.dir/C_/pico/pico-sdk/src/rp2_common/hardware_watchdog/watchdog.c.obj
                0x1000761c                watchdog_start_tick
 .text.watchdog_reboot
                0x1000762c       0x98 CMakeFiles/lcd_i2cpwm_demo.dir/C_/pico/pico-sdk/src/rp2_common/hardware_watchdog/watchdog.c.obj
                0x1000762c                watchdog_reboot
 .text.xosc_init
                0x100076c4       0x28 CMakeFiles/lcd_i2cpwm_demo.dir/C_/pico/pico-sdk/src/rp2_common/hardware_xosc/xosc.c.obj
                0x100076c4                xosc_init
 .text.set_sys_clock_pll
                0x100076ec       0x78 CMakeFiles/lcd_i2cpwm_demo.dir/C_/pico/pico-sdk/src/rp2_common/pico_stdlib/stdlib.c.obj
                0x100076ec                set_sys_clock_pll
 .text.check_sys_clock_khz
                0x10007764      0x178 CMakeFiles/lcd_i2cpwm_demo.dir/C_/pico/pico-sdk/src/rp2_common/pico_stdlib/stdlib.c.obj
                0x10007764                check_sys_clock_khz
 .text.runtime_init
                0x100078dc       0xf0 CMakeFiles/lcd_i2cpwm_demo.dir/C_/pico/pico-sdk/src/rp2_common/pico_runtime/runtime.c.obj
                0x100078dc                runtime_init
 .text.exit     0x100079cc        0x4 CMakeFiles/lcd_i2cpwm_demo.dir/C_/pico/pico-sdk/src/rp2_common/pico_runtime/runtime.c.obj
                0x100079cc                exit
 .text.panic    0x100079d0       0x30 CMakeFiles/lcd_i2cpwm_demo.dir/C_/pico/pico-sdk/src/rp2_common/pico_runtime/runtime.c.obj
                0x100079d0                panic
 .text.hard_assertion_failure
                0x10007a00        0xc CMakeFiles/lcd_i2cpwm_demo.dir/C_/pico/pico-sdk/src/rp2_common/pico_runtime/runtime.c.obj
                0x10007a00                hard_assertion_failure
 .text._out_null
                0x10007a0c        0x4 CMakeFiles/lcd_i2cpwm_demo.dir/C_/pico/pico-sdk/src/rp2_common/pico_printf/printf.c.obj
 .text._out_rev
                0x10007a10       0x9c CMakeFiles/lcd_i2cpwm_demo.dir/C_/pico/pico-sdk/src/rp2_common/pico_printf/printf.c.obj
 .text._ntoa_format
                0x10007aac      0x1cc CMakeFiles/lcd_i2cpwm_demo.dir/C_/pico/pico-sdk/src/rp2_common/pico_printf/printf.c.obj
 .text._out_char
                0x10007c78       0x10 CMakeFiles/lcd_i2cpwm_demo.dir/C_/pico/pico-sdk/src/rp2_common/pico_printf/printf.c.obj
 .text._out_fct
                0x10007c88       0x10 CMakeFiles/lcd_i2cpwm_demo.dir/C_/pico/pico-sdk/src/rp2_common/pico_printf/printf.c.obj
 .text._etoa    0x10007c98      0x44c CMakeFiles/lcd_i2cpwm_demo.dir/C_/pico/pico-sdk/src/rp2_common/pico_printf/printf.c.obj
 .text._ftoa    0x100080e4      0x398 CMakeFiles/lcd_i2cpwm_demo.dir/C_/pico/pico-sdk/src/rp2_common/pico_printf/printf.c.obj
 .text._vsnprintf
                0x1000847c      0xb04 CMakeFiles/lcd_i2cpwm_demo.dir/C_/pico/pico-sdk/src/rp2_common/pico_printf/printf.c.obj
 .text.vfctprintf
                0x10008f80       0x20 CMakeFiles/lcd_i2cpwm_demo.dir/C_/pico/pico-sdk/src/rp2_common/pico_printf/printf.c.obj
                0x10008f80                vfctprintf
 .text.weak_raw_vprintf
                0x10008fa0       0x30 CMakeFiles/lcd_i2cpwm_demo.dir/C_/pico/pico-sdk/src/rp2_common/pico_printf/printf.c.obj
                0x10008fa0                weak_raw_vprintf
 .text          0x10008fd0       0x10 CMakeFiles/lcd_i2cpwm_demo.dir/C_/pico/pico-sdk/src/rp2_common/pico_bit_ops/bit_ops_aeabi.S.obj
 .text.rom_func_lookup
                0x10008fe0       0x10 CMakeFiles/lcd_i2cpwm_demo.dir/C_/pico/pico-sdk/src/rp2_common/pico_bootrom/bootrom.c.obj
                0x10008fe0                rom_func_lookup
 .text.rom_data_lookup
                0x10008ff0       0x10 CMakeFiles/lcd_i2cpwm_demo.dir/C_/pico/pico-sdk/src/rp2_common/pico_bootrom/bootrom.c.obj
                0x10008ff0                rom_data_lookup
 .text.rom_funcs_lookup
                0x10009000       0x44 CMakeFiles/lcd_i2cpwm_demo.dir/C_/pico/pico-sdk/src/rp2_common/pico_bootrom/bootrom.c.obj
                0x10009000                rom_funcs_lookup
 .text.__wrap___aeabi_idiv
                0x10009044       0x50 CMakeFiles/lcd_i2cpwm_demo.dir/C_/pico/pico-sdk/src/rp2_common/pico_divider/divider.S.obj
                0x10009044                __wrap___aeabi_idivmod
                0x10009044                divmod_s32s32
                0x10009044                div_s32s32
                0x10009044                __wrap___aeabi_idiv
                0x1000904c                divmod_s32s32_unsafe
                0x10009078                divmod_s32s32_savestate
 .text.__wrap___aeabi_uidiv
                0x10009094       0x4c CMakeFiles/lcd_i2cpwm_demo.dir/C_/pico/pico-sdk/src/rp2_common/pico_divider/divider.S.obj
                0x10009094                __wrap___aeabi_uidiv
                0x10009094                __wrap___aeabi_uidivmod
                0x10009094                div_u32u32
                0x10009094                divmod_u32u32
                0x1000909c                divmod_u32u32_unsafe
                0x100090c4                divmod_u32u32_savestate
 .text.__wrap___aeabi_ldiv
                0x100090e0      0x434 CMakeFiles/lcd_i2cpwm_demo.dir/C_/pico/pico-sdk/src/rp2_common/pico_divider/divider.S.obj
                0x100090e0                div_s64s64
                0x100090e0                divmod_s64s64
                0x100090e0                __wrap___aeabi_ldivmod
                0x10009118                divmod_u64u64
                0x10009118                div_u64u64
                0x10009118                __wrap___aeabi_uldivmod
                0x10009128                divmod_u64u64_savestate
                0x10009150                divmod_s64s64_unsafe
                0x100091d8                divmod_u64u64_unsafe
 .text.__wrap___aeabi_darithmetic
                0x10009514       0x80 CMakeFiles/lcd_i2cpwm_demo.dir/C_/pico/pico-sdk/src/rp2_common/pico_double/double_aeabi.S.obj
                0x10009514                __wrap___aeabi_drsub
                0x1000951a                __wrap___aeabi_dsub
                0x1000952c                __wrap___aeabi_dadd
                0x1000953e                __wrap___aeabi_ddiv
                0x1000957a                __wrap___aeabi_dmul
 .text.__wrap___aeabi_cdcmple
                0x10009594       0x6c CMakeFiles/lcd_i2cpwm_demo.dir/C_/pico/pico-sdk/src/rp2_common/pico_double/double_aeabi.S.obj
                0x10009594                __wrap___aeabi_cdrcmple
                0x100095a4                __wrap___aeabi_cdcmpeq
                0x100095a4                __wrap___aeabi_cdcmple
 .text.__wrap___aeabi_dcmplt
                0x10009600        0xc CMakeFiles/lcd_i2cpwm_demo.dir/C_/pico/pico-sdk/src/rp2_common/pico_double/double_aeabi.S.obj
                0x10009600                __wrap___aeabi_dcmplt
 .text.__wrap___aeabi_dcmple
                0x1000960c       0x10 CMakeFiles/lcd_i2cpwm_demo.dir/C_/pico/pico-sdk/src/rp2_common/pico_double/double_aeabi.S.obj
                0x1000960c                __wrap___aeabi_dcmple
 .text.__wrap___aeabi_dcmpge
                0x1000961c       0x10 CMakeFiles/lcd_i2cpwm_demo.dir/C_/pico/pico-sdk/src/rp2_common/pico_double/double_aeabi.S.obj
                0x1000961c                __wrap___aeabi_dcmpge
 .text.__wrap___aeabi_dcmpgt
                0x1000962c        0xa CMakeFiles/lcd_i2cpwm_demo.dir/C_/pico/pico-sdk/src/rp2_common/pico_double/double_aeabi.S.obj
                0x1000962c                __wrap___aeabi_dcmpgt
 .text.__wrap___aeabi_dcmpun
                0x10009636       0x1c CMakeFiles/lcd_i2cpwm_demo.dir/C_/pico/pico-sdk/src/rp2_common/pico_double/double_aeabi.S.obj
                0x10009636                __wrap___aeabi_dcmpun
 *fill*         0x10009652        0x2 
 .text.__wrap___aeabi_i2d
                0x10009654       0x38 CMakeFiles/lcd_i2cpwm_demo.dir/C_/pico/pico-sdk/src/rp2_common/pico_double/double_aeabi.S.obj
                0x10009654                __wrap___aeabi_ui2d
                0x1000965c                __wrap___aeabi_i2d
 .text.__wrap___aeabi_d2iz
                0x1000968c       0x48 CMakeFiles/lcd_i2cpwm_demo.dir/C_/pico/pico-sdk/src/rp2_common/pico_double/double_aeabi.S.obj
                0x1000968c                double2int_z
                0x1000968c                __wrap___aeabi_d2iz
 .text.__wrap___aeabi_d2uiz
                0x100096d4       0x18 CMakeFiles/lcd_i2cpwm_demo.dir/C_/pico/pico-sdk/src/rp2_common/pico_double/double_aeabi.S.obj
                0x100096d4                __wrap___aeabi_d2uiz
                0x100096d4                double2uint
 .text.__aeabi_double_init
                0x100096ec       0x94 CMakeFiles/lcd_i2cpwm_demo.dir/C_/pico/pico-sdk/src/rp2_common/pico_double/double_init_rom.c.obj
                0x100096ec                __aeabi_double_init
 .text.double_table_shim_on_use_helper
                0x10009780       0x2c CMakeFiles/lcd_i2cpwm_demo.dir/C_/pico/pico-sdk/src/rp2_common/pico_double/double_v1_rom_shim.S.obj
                0x10009780                double_table_shim_on_use_helper
 .text.__wrap___aeabi_dsub
                0x100097ac       0x10 CMakeFiles/lcd_i2cpwm_demo.dir/C_/pico/pico-sdk/src/rp2_common/pico_double/double_v1_rom_shim.S.obj
                0x100097ac                drsub_shim
                0x100097b2                dsub_shim
 .text.dadd_shim
                0x100097bc      0x15c CMakeFiles/lcd_i2cpwm_demo.dir/C_/pico/pico-sdk/src/rp2_common/pico_double/double_v1_rom_shim.S.obj
                0x100097bc                dadd_shim
 .text.dmul_shim
                0x10009918      0x15c CMakeFiles/lcd_i2cpwm_demo.dir/C_/pico/pico-sdk/src/rp2_common/pico_double/double_v1_rom_shim.S.obj
                0x10009918                dmul_shim
 .text.ddiv_shim
                0x10009a74      0x1b0 CMakeFiles/lcd_i2cpwm_demo.dir/C_/pico/pico-sdk/src/rp2_common/pico_double/double_v1_rom_shim.S.obj
                0x10009a74                ddiv_shim
 .text.double2uint_shim
                0x10009c24        0xe CMakeFiles/lcd_i2cpwm_demo.dir/C_/pico/pico-sdk/src/rp2_common/pico_double/double_v1_rom_shim.S.obj
                0x10009c24                double2uint_shim
                0x10009c26                double2ufix_shim
 *fill*         0x10009c32        0x2 
 .text.double2uint64_shim
                0x10009c34       0x70 CMakeFiles/lcd_i2cpwm_demo.dir/C_/pico/pico-sdk/src/rp2_common/pico_double/double_v1_rom_shim.S.obj
                0x10009c34                double2uint64_shim
                0x10009c36                double2ufix64_shim
                0x10009c56                d2fix_a
 .text.dunpacks
                0x10009ca4       0x3c CMakeFiles/lcd_i2cpwm_demo.dir/C_/pico/pico-sdk/src/rp2_common/pico_double/double_v1_rom_shim.S.obj
                0x10009ca4                dunpacks
 .text.__aeabi_lmul
                0x10009ce0       0x32 CMakeFiles/lcd_i2cpwm_demo.dir/C_/pico/pico-sdk/src/rp2_common/pico_int64_ops/pico_int64_ops_aeabi.S.obj
                0x10009ce0                __wrap___aeabi_lmul
 *fill*         0x10009d12        0x2 
 .text.__wrap___aeabi_farithmetic
                0x10009d14       0x48 CMakeFiles/lcd_i2cpwm_demo.dir/C_/pico/pico-sdk/src/rp2_common/pico_float/float_aeabi.S.obj
                0x10009d14                __wrap___aeabi_frsub
                0x10009d1a                __wrap___aeabi_fsub
                0x10009d20                __wrap___aeabi_fadd
                0x10009d26                __wrap___aeabi_fdiv
                0x10009d4e                __wrap___aeabi_fmul
 .text.__wrap___aeabi_i2f
                0x10009d5c       0x44 CMakeFiles/lcd_i2cpwm_demo.dir/C_/pico/pico-sdk/src/rp2_common/pico_float/float_aeabi.S.obj
                0x10009d5c                __wrap___aeabi_i2f
 .text.__wrap___aeabi_f2uiz
                0x10009da0        0xc CMakeFiles/lcd_i2cpwm_demo.dir/C_/pico/pico-sdk/src/rp2_common/pico_float/float_aeabi.S.obj
                0x10009da0                __wrap___aeabi_f2uiz
 .text.__aeabi_float_init
                0x10009dac       0x64 CMakeFiles/lcd_i2cpwm_demo.dir/C_/pico/pico-sdk/src/rp2_common/pico_float/float_init_rom.c.obj
                0x10009dac                __aeabi_float_init
 .text.float_table_shim_on_use_helper
                0x10009e10       0x2c CMakeFiles/lcd_i2cpwm_demo.dir/C_/pico/pico-sdk/src/rp2_common/pico_float/float_v1_rom_shim.S.obj
                0x10009e10                float_table_shim_on_use_helper
 .text          0x10009e3c       0x10 CMakeFiles/lcd_i2cpwm_demo.dir/C_/pico/pico-sdk/src/rp2_common/pico_mem_ops/mem_ops_aeabi.S.obj
                0x10009e3c                __aeabi_mem_init
 .text.memset   0x10009e4c        0xc CMakeFiles/lcd_i2cpwm_demo.dir/C_/pico/pico-sdk/src/rp2_common/pico_mem_ops/mem_ops_aeabi.S.obj
                0x10009e4c                __wrap_memset
 .text.memcpy   0x10009e58        0xc CMakeFiles/lcd_i2cpwm_demo.dir/C_/pico/pico-sdk/src/rp2_common/pico_mem_ops/mem_ops_aeabi.S.obj
                0x10009e58                __wrap_memcpy
                0x10009e58                __wrap___aeabi_memcpy
 .text.stdio_out_chars_no_crlf
                0x10009e64       0x10 CMakeFiles/lcd_i2cpwm_demo.dir/C_/pico/pico-sdk/src/rp2_common/pico_stdio/stdio.c.obj
 .text.stdio_out_chars_crlf
                0x10009e74       0xb4 CMakeFiles/lcd_i2cpwm_demo.dir/C_/pico/pico-sdk/src/rp2_common/pico_stdio/stdio.c.obj
 .text.stdio_buffered_printer
                0x10009f28       0x64 CMakeFiles/lcd_i2cpwm_demo.dir/C_/pico/pico-sdk/src/rp2_common/pico_stdio/stdio.c.obj
 .text.stdio_put_string.isra.0
                0x10009f8c       0xfc CMakeFiles/lcd_i2cpwm_demo.dir/C_/pico/pico-sdk/src/rp2_common/pico_stdio/stdio.c.obj
 .text.__wrap_putchar
                0x1000a088       0xa0 CMakeFiles/lcd_i2cpwm_demo.dir/C_/pico/pico-sdk/src/rp2_common/pico_stdio/stdio.c.obj
                0x1000a088                __wrap_putchar
 .text.__wrap_puts
                0x1000a128       0x3c CMakeFiles/lcd_i2cpwm_demo.dir/C_/pico/pico-sdk/src/rp2_common/pico_stdio/stdio.c.obj
                0x1000a128                __wrap_puts
 .text.stdio_set_driver_enabled
                0x1000a164       0x30 CMakeFiles/lcd_i2cpwm_demo.dir/C_/pico/pico-sdk/src/rp2_common/pico_stdio/stdio.c.obj
                0x1000a164                stdio_set_driver_enabled
 .text.__wrap_vprintf
                0x1000a194       0xd8 CMakeFiles/lcd_i2cpwm_demo.dir/C_/pico/pico-sdk/src/rp2_common/pico_stdio/stdio.c.obj
                0x1000a194                __wrap_vprintf
 .text.__wrap_printf
                0x1000a26c       0x18 CMakeFiles/lcd_i2cpwm_demo.dir/C_/pico/pico-sdk/src/rp2_common/pico_stdio/stdio.c.obj
                0x1000a26c                __wrap_printf
 .text.stdio_init_all
                0x1000a284        0x8 CMakeFiles/lcd_i2cpwm_demo.dir/C_/pico/pico-sdk/src/rp2_common/pico_stdio/stdio.c.obj
                0x1000a284                stdio_init_all
 .text.resetd_init
                0x1000a28c        0x4 CMakeFiles/lcd_i2cpwm_demo.dir/C_/pico/pico-sdk/src/rp2_common/pico_stdio_usb/reset_interface.c.obj
 .text.resetd_reset
                0x1000a290        0xc CMakeFiles/lcd_i2cpwm_demo.dir/C_/pico/pico-sdk/src/rp2_common/pico_stdio_usb/reset_interface.c.obj
 .text.resetd_open
                0x1000a29c       0x28 CMakeFiles/lcd_i2cpwm_demo.dir/C_/pico/pico-sdk/src/rp2_common/pico_stdio_usb/reset_interface.c.obj
 .text.resetd_xfer_cb
                0x1000a2c4        0x4 CMakeFiles/lcd_i2cpwm_demo.dir/C_/pico/pico-sdk/src/rp2_common/pico_stdio_usb/reset_interface.c.obj
 .text.resetd_control_xfer_cb
                0x1000a2c8       0x64 CMakeFiles/lcd_i2cpwm_demo.dir/C_/pico/pico-sdk/src/rp2_common/pico_stdio_usb/reset_interface.c.obj
 .text.usbd_app_driver_get_cb
                0x1000a32c        0xc CMakeFiles/lcd_i2cpwm_demo.dir/C_/pico/pico-sdk/src/rp2_common/pico_stdio_usb/reset_interface.c.obj
                0x1000a32c                usbd_app_driver_get_cb
 .text.tud_cdc_line_coding_cb
                0x1000a338       0x34 CMakeFiles/lcd_i2cpwm_demo.dir/C_/pico/pico-sdk/src/rp2_common/pico_stdio_usb/reset_interface.c.obj
                0x1000a338                tud_cdc_line_coding_cb
 .text.stdio_usb_in_chars
                0x1000a36c       0x68 CMakeFiles/lcd_i2cpwm_demo.dir/C_/pico/pico-sdk/src/rp2_common/pico_stdio_usb/stdio_usb.c.obj
                0x1000a36c                stdio_usb_in_chars
 .text.stdio_usb_out_chars
                0x1000a3d4       0xe4 CMakeFiles/lcd_i2cpwm_demo.dir/C_/pico/pico-sdk/src/rp2_common/pico_stdio_usb/stdio_usb.c.obj
 .text.timer_task
                0x1000a4b8       0x18 CMakeFiles/lcd_i2cpwm_demo.dir/C_/pico/pico-sdk/src/rp2_common/pico_stdio_usb/stdio_usb.c.obj
 .text.usb_irq  0x1000a4d0       0x10 CMakeFiles/lcd_i2cpwm_demo.dir/C_/pico/pico-sdk/src/rp2_common/pico_stdio_usb/stdio_usb.c.obj
 .text.low_priority_worker_irq
                0x1000a4e0       0x24 CMakeFiles/lcd_i2cpwm_demo.dir/C_/pico/pico-sdk/src/rp2_common/pico_stdio_usb/stdio_usb.c.obj
 .text.stdio_usb_init
                0x1000a504       0xb0 CMakeFiles/lcd_i2cpwm_demo.dir/C_/pico/pico-sdk/src/rp2_common/pico_stdio_usb/stdio_usb.c.obj
                0x1000a504                stdio_usb_init
 .text.tud_descriptor_device_cb
                0x1000a5b4        0x8 CMakeFiles/lcd_i2cpwm_demo.dir/C_/pico/pico-sdk/src/rp2_common/pico_stdio_usb/stdio_usb_descriptors.c.obj
                0x1000a5b4                tud_descriptor_device_cb
 .text.tud_descriptor_configuration_cb
                0x1000a5bc        0x8 CMakeFiles/lcd_i2cpwm_demo.dir/C_/pico/pico-sdk/src/rp2_common/pico_stdio_usb/stdio_usb_descriptors.c.obj
                0x1000a5bc                tud_descriptor_configuration_cb
 .text.tud_descriptor_string_cb
                0x1000a5c4       0x74 CMakeFiles/lcd_i2cpwm_demo.dir/C_/pico/pico-sdk/src/rp2_common/pico_stdio_usb/stdio_usb_descriptors.c.obj
                0x1000a5c4                tud_descriptor_string_cb
 .text.dcd_rp2040_irq
                0x1000a638      0x21c CMakeFiles/lcd_i2cpwm_demo.dir/C_/pico/pico-sdk/lib/tinyusb/src/portable/raspberrypi/rp2040/dcd_rp2040.c.obj
 .text.dcd_int_enable
                0x1000a854        0xc CMakeFiles/lcd_i2cpwm_demo.dir/C_/pico/pico-sdk/lib/tinyusb/src/portable/raspberrypi/rp2040/dcd_rp2040.c.obj
                0x1000a854                dcd_int_enable
 .text.dcd_set_address
                0x1000a860       0x14 CMakeFiles/lcd_i2cpwm_demo.dir/C_/pico/pico-sdk/lib/tinyusb/src/portable/raspberrypi/rp2040/dcd_rp2040.c.obj
                0x1000a860                dcd_set_address
 .text.dcd_connect
                0x1000a874       0x10 CMakeFiles/lcd_i2cpwm_demo.dir/C_/pico/pico-sdk/lib/tinyusb/src/portable/raspberrypi/rp2040/dcd_rp2040.c.obj
                0x1000a874                dcd_connect
 .text.dcd_init
                0x1000a884      0x144 CMakeFiles/lcd_i2cpwm_demo.dir/C_/pico/pico-sdk/lib/tinyusb/src/portable/raspberrypi/rp2040/dcd_rp2040.c.obj
                0x1000a884                dcd_init
 .text.dcd_edpt0_status_complete
                0x1000a9c8       0x1c CMakeFiles/lcd_i2cpwm_demo.dir/C_/pico/pico-sdk/lib/tinyusb/src/portable/raspberrypi/rp2040/dcd_rp2040.c.obj
                0x1000a9c8                dcd_edpt0_status_complete
 .text.dcd_edpt_open
                0x1000a9e4       0xf0 CMakeFiles/lcd_i2cpwm_demo.dir/C_/pico/pico-sdk/lib/tinyusb/src/portable/raspberrypi/rp2040/dcd_rp2040.c.obj
                0x1000a9e4                dcd_edpt_open
 .text.dcd_edpt_close_all
                0x1000aad4       0xbc CMakeFiles/lcd_i2cpwm_demo.dir/C_/pico/pico-sdk/lib/tinyusb/src/portable/raspberrypi/rp2040/dcd_rp2040.c.obj
                0x1000aad4                dcd_edpt_close_all
 .text.dcd_edpt_xfer
                0x1000ab90       0x24 CMakeFiles/lcd_i2cpwm_demo.dir/C_/pico/pico-sdk/lib/tinyusb/src/portable/raspberrypi/rp2040/dcd_rp2040.c.obj
                0x1000ab90                dcd_edpt_xfer
 .text.dcd_edpt_stall
                0x1000abb4       0x38 CMakeFiles/lcd_i2cpwm_demo.dir/C_/pico/pico-sdk/lib/tinyusb/src/portable/raspberrypi/rp2040/dcd_rp2040.c.obj
                0x1000abb4                dcd_edpt_stall
 .text.dcd_edpt_clear_stall
                0x1000abec       0x30 CMakeFiles/lcd_i2cpwm_demo.dir/C_/pico/pico-sdk/lib/tinyusb/src/portable/raspberrypi/rp2040/dcd_rp2040.c.obj
                0x1000abec                dcd_edpt_clear_stall
 .text._hw_endpoint_buffer_control_update32.part.0.isra.0
                0x1000ac1c       0x1c CMakeFiles/lcd_i2cpwm_demo.dir/C_/pico/pico-sdk/lib/tinyusb/src/portable/raspberrypi/rp2040/rp2040_usb.c.obj
 .text.rp2040_usb_init
                0x1000ac38       0x4c CMakeFiles/lcd_i2cpwm_demo.dir/C_/pico/pico-sdk/lib/tinyusb/src/portable/raspberrypi/rp2040/rp2040_usb.c.obj
                0x1000ac38                rp2040_usb_init
 .text.hw_endpoint_reset_transfer
                0x1000ac84        0xc CMakeFiles/lcd_i2cpwm_demo.dir/C_/pico/pico-sdk/lib/tinyusb/src/portable/raspberrypi/rp2040/rp2040_usb.c.obj
                0x1000ac84                hw_endpoint_reset_transfer
 .text._hw_endpoint_buffer_control_update32
                0x1000ac90       0x44 CMakeFiles/lcd_i2cpwm_demo.dir/C_/pico/pico-sdk/lib/tinyusb/src/portable/raspberrypi/rp2040/rp2040_usb.c.obj
                0x1000ac90                _hw_endpoint_buffer_control_update32
 .text.hw_endpoint_xfer_start
                0x1000acd4      0x138 CMakeFiles/lcd_i2cpwm_demo.dir/C_/pico/pico-sdk/lib/tinyusb/src/portable/raspberrypi/rp2040/rp2040_usb.c.obj
                0x1000acd4                hw_endpoint_xfer_start
 .text.hw_endpoint_xfer_continue
                0x1000ae0c      0x1e4 CMakeFiles/lcd_i2cpwm_demo.dir/C_/pico/pico-sdk/lib/tinyusb/src/portable/raspberrypi/rp2040/rp2040_usb.c.obj
                0x1000ae0c                hw_endpoint_xfer_continue
 .text.tud_mounted
                0x1000aff0       0x10 CMakeFiles/lcd_i2cpwm_demo.dir/C_/pico/pico-sdk/lib/tinyusb/src/device/usbd.c.obj
                0x1000aff0                tud_mounted
 .text.tud_suspended
                0x1000b000       0x10 CMakeFiles/lcd_i2cpwm_demo.dir/C_/pico/pico-sdk/lib/tinyusb/src/device/usbd.c.obj
                0x1000b000                tud_suspended
 .text.tud_inited
                0x1000b010        0xc CMakeFiles/lcd_i2cpwm_demo.dir/C_/pico/pico-sdk/lib/tinyusb/src/device/usbd.c.obj
                0x1000b010                tud_inited
 .text.tud_init
                0x1000b01c       0xd8 CMakeFiles/lcd_i2cpwm_demo.dir/C_/pico/pico-sdk/lib/tinyusb/src/device/usbd.c.obj
                0x1000b01c                tud_init
 .text.tud_task
                0x1000b0f4      0x8ec CMakeFiles/lcd_i2cpwm_demo.dir/C_/pico/pico-sdk/lib/tinyusb/src/device/usbd.c.obj
                0x1000b0f4                tud_task
 .text.dcd_event_bus_signal
                0x1000b9e0      0x120 CMakeFiles/lcd_i2cpwm_demo.dir/C_/pico/pico-sdk/lib/tinyusb/src/device/usbd.c.obj
                0x1000b9e0                dcd_event_bus_signal
 .text.dcd_event_bus_reset
                0x1000bb00       0x54 CMakeFiles/lcd_i2cpwm_demo.dir/C_/pico/pico-sdk/lib/tinyusb/src/device/usbd.c.obj
                0x1000bb00                dcd_event_bus_reset
 .text.dcd_event_setup_received
                0x1000bb54       0x50 CMakeFiles/lcd_i2cpwm_demo.dir/C_/pico/pico-sdk/lib/tinyusb/src/device/usbd.c.obj
                0x1000bb54                dcd_event_setup_received
 .text.dcd_event_xfer_complete
                0x1000bba4       0x68 CMakeFiles/lcd_i2cpwm_demo.dir/C_/pico/pico-sdk/lib/tinyusb/src/device/usbd.c.obj
                0x1000bba4                dcd_event_xfer_complete
 .text.usbd_open_edpt_pair
                0x1000bc0c       0x80 CMakeFiles/lcd_i2cpwm_demo.dir/C_/pico/pico-sdk/lib/tinyusb/src/device/usbd.c.obj
                0x1000bc0c                usbd_open_edpt_pair
 .text.usbd_edpt_open
                0x1000bc8c       0x30 CMakeFiles/lcd_i2cpwm_demo.dir/C_/pico/pico-sdk/lib/tinyusb/src/device/usbd.c.obj
                0x1000bc8c                usbd_edpt_open
 .text.usbd_edpt_claim
                0x1000bcbc       0x64 CMakeFiles/lcd_i2cpwm_demo.dir/C_/pico/pico-sdk/lib/tinyusb/src/device/usbd.c.obj
                0x1000bcbc                usbd_edpt_claim
 .text.usbd_edpt_release
                0x1000bd20       0x4c CMakeFiles/lcd_i2cpwm_demo.dir/C_/pico/pico-sdk/lib/tinyusb/src/device/usbd.c.obj
                0x1000bd20                usbd_edpt_release
 .text.usbd_edpt_xfer
                0x1000bd6c       0x48 CMakeFiles/lcd_i2cpwm_demo.dir/C_/pico/pico-sdk/lib/tinyusb/src/device/usbd.c.obj
                0x1000bd6c                usbd_edpt_xfer
 .text.tud_control_status
                0x1000bdb4       0x30 CMakeFiles/lcd_i2cpwm_demo.dir/C_/pico/pico-sdk/lib/tinyusb/src/device/usbd_control.c.obj
                0x1000bdb4                tud_control_status
 .text.tud_control_xfer
                0x1000bde4       0xbc CMakeFiles/lcd_i2cpwm_demo.dir/C_/pico/pico-sdk/lib/tinyusb/src/device/usbd_control.c.obj
                0x1000bde4                tud_control_xfer
 .text.usbd_control_reset
                0x1000bea0       0x14 CMakeFiles/lcd_i2cpwm_demo.dir/C_/pico/pico-sdk/lib/tinyusb/src/device/usbd_control.c.obj
                0x1000bea0                usbd_control_reset
 .text.usbd_control_set_complete_callback
                0x1000beb4        0xc CMakeFiles/lcd_i2cpwm_demo.dir/C_/pico/pico-sdk/lib/tinyusb/src/device/usbd_control.c.obj
                0x1000beb4                usbd_control_set_complete_callback
 .text.usbd_control_set_request
                0x1000bec0       0x1c CMakeFiles/lcd_i2cpwm_demo.dir/C_/pico/pico-sdk/lib/tinyusb/src/device/usbd_control.c.obj
                0x1000bec0                usbd_control_set_request
 .text.usbd_control_xfer_cb
                0x1000bedc       0xfc CMakeFiles/lcd_i2cpwm_demo.dir/C_/pico/pico-sdk/lib/tinyusb/src/device/usbd_control.c.obj
                0x1000bedc                usbd_control_xfer_cb
 .text.tud_cdc_n_connected
                0x1000bfd8       0x30 CMakeFiles/lcd_i2cpwm_demo.dir/C_/pico/pico-sdk/lib/tinyusb/src/class/cdc/cdc_device.c.obj
                0x1000bfd8                tud_cdc_n_connected
 .text.tud_cdc_n_available
                0x1000c008       0x18 CMakeFiles/lcd_i2cpwm_demo.dir/C_/pico/pico-sdk/lib/tinyusb/src/class/cdc/cdc_device.c.obj
                0x1000c008                tud_cdc_n_available
 .text.tud_cdc_n_read
                0x1000c020       0x70 CMakeFiles/lcd_i2cpwm_demo.dir/C_/pico/pico-sdk/lib/tinyusb/src/class/cdc/cdc_device.c.obj
                0x1000c020                tud_cdc_n_read
 .text.tud_cdc_n_write_flush
                0x1000c090       0x78 CMakeFiles/lcd_i2cpwm_demo.dir/C_/pico/pico-sdk/lib/tinyusb/src/class/cdc/cdc_device.c.obj
                0x1000c090                tud_cdc_n_write_flush
 .text.tud_cdc_n_write
                0x1000c108       0x34 CMakeFiles/lcd_i2cpwm_demo.dir/C_/pico/pico-sdk/lib/tinyusb/src/class/cdc/cdc_device.c.obj
                0x1000c108                tud_cdc_n_write
 .text.tud_cdc_n_write_available
                0x1000c13c       0x18 CMakeFiles/lcd_i2cpwm_demo.dir/C_/pico/pico-sdk/lib/tinyusb/src/class/cdc/cdc_device.c.obj
                0x1000c13c                tud_cdc_n_write_available
 .text.cdcd_init
                0x1000c154       0x7c CMakeFiles/lcd_i2cpwm_demo.dir/C_/pico/pico-sdk/lib/tinyusb/src/class/cdc/cdc_device.c.obj
                0x1000c154                cdcd_init
 .text.cdcd_reset
                0x1000c1d0       0x2c CMakeFiles/lcd_i2cpwm_demo.dir/C_/pico/pico-sdk/lib/tinyusb/src/class/cdc/cdc_device.c.obj
                0x1000c1d0                cdcd_reset
 .text.cdcd_open
                0x1000c1fc       0xe4 CMakeFiles/lcd_i2cpwm_demo.dir/C_/pico/pico-sdk/lib/tinyusb/src/class/cdc/cdc_device.c.obj
                0x1000c1fc                cdcd_open
 .text.cdcd_control_xfer_cb
                0x1000c2e0       0xe4 CMakeFiles/lcd_i2cpwm_demo.dir/C_/pico/pico-sdk/lib/tinyusb/src/class/cdc/cdc_device.c.obj
                0x1000c2e0                cdcd_control_xfer_cb
 .text.cdcd_xfer_cb
                0x1000c3c4      0x148 CMakeFiles/lcd_i2cpwm_demo.dir/C_/pico/pico-sdk/lib/tinyusb/src/class/cdc/cdc_device.c.obj
                0x1000c3c4                cdcd_xfer_cb
 .text.tusb_init
                0x1000c50c        0xc CMakeFiles/lcd_i2cpwm_demo.dir/C_/pico/pico-sdk/lib/tinyusb/src/tusb.c.obj
                0x1000c50c                tusb_init
 .text.tusb_inited
                0x1000c518        0x8 CMakeFiles/lcd_i2cpwm_demo.dir/C_/pico/pico-sdk/lib/tinyusb/src/tusb.c.obj
                0x1000c518                tusb_inited
 .text.tu_edpt_validate
                0x1000c520       0x78 CMakeFiles/lcd_i2cpwm_demo.dir/C_/pico/pico-sdk/lib/tinyusb/src/tusb.c.obj
                0x1000c520                tu_edpt_validate
 .text.tu_edpt_bind_driver
                0x1000c598       0x2c CMakeFiles/lcd_i2cpwm_demo.dir/C_/pico/pico-sdk/lib/tinyusb/src/tusb.c.obj
                0x1000c598                tu_edpt_bind_driver
 .text.tu_fifo_config
                0x1000c5c4       0x78 CMakeFiles/lcd_i2cpwm_demo.dir/C_/pico/pico-sdk/lib/tinyusb/src/common/tusb_fifo.c.obj
                0x1000c5c4                tu_fifo_config
 .text.tu_fifo_count
                0x1000c63c       0x20 CMakeFiles/lcd_i2cpwm_demo.dir/C_/pico/pico-sdk/lib/tinyusb/src/common/tusb_fifo.c.obj
                0x1000c63c                tu_fifo_count
 .text.tu_fifo_empty
                0x1000c65c       0x10 CMakeFiles/lcd_i2cpwm_demo.dir/C_/pico/pico-sdk/lib/tinyusb/src/common/tusb_fifo.c.obj
                0x1000c65c                tu_fifo_empty
 .text.tu_fifo_remaining
                0x1000c66c       0x1c CMakeFiles/lcd_i2cpwm_demo.dir/C_/pico/pico-sdk/lib/tinyusb/src/common/tusb_fifo.c.obj
                0x1000c66c                tu_fifo_remaining
 .text.tu_fifo_read
                0x1000c688       0x9c CMakeFiles/lcd_i2cpwm_demo.dir/C_/pico/pico-sdk/lib/tinyusb/src/common/tusb_fifo.c.obj
                0x1000c688                tu_fifo_read
 .text.tu_fifo_read_n
                0x1000c724      0x100 CMakeFiles/lcd_i2cpwm_demo.dir/C_/pico/pico-sdk/lib/tinyusb/src/common/tusb_fifo.c.obj
                0x1000c724                tu_fifo_read_n
 .text.tu_fifo_write
                0x1000c824       0x7c CMakeFiles/lcd_i2cpwm_demo.dir/C_/pico/pico-sdk/lib/tinyusb/src/common/tusb_fifo.c.obj
                0x1000c824                tu_fifo_write
 .text.tu_fifo_write_n
                0x1000c8a0      0x100 CMakeFiles/lcd_i2cpwm_demo.dir/C_/pico/pico-sdk/lib/tinyusb/src/common/tusb_fifo.c.obj
                0x1000c8a0                tu_fifo_write_n
 .text.tu_fifo_clear
                0x1000c9a0       0x4c CMakeFiles/lcd_i2cpwm_demo.dir/C_/pico/pico-sdk/lib/tinyusb/src/common/tusb_fifo.c.obj
                0x1000c9a0                tu_fifo_clear
 .text.tu_fifo_set_overwritable
                0x1000c9ec       0x3c CMakeFiles/lcd_i2cpwm_demo.dir/C_/pico/pico-sdk/lib/tinyusb/src/common/tusb_fifo.c.obj
                0x1000c9ec                tu_fifo_set_overwritable
 .text.startup._retrieve_unique_id_on_boot
                0x1000ca28       0x10 CMakeFiles/lcd_i2cpwm_demo.dir/C_/pico/pico-sdk/src/rp2_common/pico_unique_id/unique_id.c.obj
 .text.pico_get_unique_board_id_string
                0x1000ca38      0x1a8 CMakeFiles/lcd_i2cpwm_demo.dir/C_/pico/pico-sdk/src/rp2_common/pico_unique_id/unique_id.c.obj
                0x1000ca38                pico_get_unique_board_id_string
 .text.flash_get_unique_id
                0x1000cbe0       0x40 CMakeFiles/lcd_i2cpwm_demo.dir/C_/pico/pico-sdk/src/rp2_common/hardware_flash/flash.c.obj
                0x1000cbe0                flash_get_unique_id
 .text.spi_init
                0x1000cc20       0xf8 CMakeFiles/lcd_i2cpwm_demo.dir/C_/pico/pico-sdk/src/rp2_common/hardware_spi/spi.c.obj
                0x1000cc20                spi_init
 .text.spi_set_baudrate
                0x1000cd18       0x94 CMakeFiles/lcd_i2cpwm_demo.dir/C_/pico/pico-sdk/src/rp2_common/hardware_spi/spi.c.obj
                0x1000cd18                spi_set_baudrate
 .text.i2c_set_baudrate
                0x1000cdac       0xc4 CMakeFiles/lcd_i2cpwm_demo.dir/C_/pico/pico-sdk/src/rp2_common/hardware_i2c/i2c.c.obj
                0x1000cdac                i2c_set_baudrate
 .text.i2c_init
                0x1000ce70       0x54 CMakeFiles/lcd_i2cpwm_demo.dir/C_/pico/pico-sdk/src/rp2_common/hardware_i2c/i2c.c.obj
                0x1000ce70                i2c_init
 .text.i2c_write_blocking
                0x1000cec4       0xd0 CMakeFiles/lcd_i2cpwm_demo.dir/C_/pico/pico-sdk/src/rp2_common/hardware_i2c/i2c.c.obj
                0x1000cec4                i2c_write_blocking
 .text.i2c_read_blocking
                0x1000cf94       0xac CMakeFiles/lcd_i2cpwm_demo.dir/C_/pico/pico-sdk/src/rp2_common/hardware_i2c/i2c.c.obj
                0x1000cf94                i2c_read_blocking
 .text          0x1000d040       0x88 c:/tools/gcc-arm-none-eabi-10.3-2021.10/bin/../lib/gcc/arm-none-eabi/10.3.1/../../../../arm-none-eabi/lib/thumb/v6-m/nofp\libc.a(lib_a-strcmp.o)
                0x1000d040                strcmp
 .text.strlen   0x1000d0c8       0x5c c:/tools/gcc-arm-none-eabi-10.3-2021.10/bin/../lib/gcc/arm-none-eabi/10.3.1/../../../../arm-none-eabi/lib/thumb/v6-m/nofp\libc.a(lib_a-strlen-stub.o)
                0x1000d0c8                strlen
 *(.fini)
 .fini          0x1000d124        0x4 c:/tools/gcc-arm-none-eabi-10.3-2021.10/bin/../lib/gcc/arm-none-eabi/10.3.1/thumb/v6-m/nofp/crti.o
                0x1000d124                _fini
 .fini.__stub   0x1000d128       0x80 linker stubs
 *crtbegin.o(.ctors)
 *crtbegin?.o(.ctors)
 *(EXCLUDE_FILE(*crtend.o *crtend?.o) .ctors)
 *(SORT_BY_NAME(.ctors.*))
 *(.ctors)
 *crtbegin.o(.dtors)
 *crtbegin?.o(.dtors)
 *(EXCLUDE_FILE(*crtend.o *crtend?.o) .dtors)
 *(SORT_BY_NAME(.dtors.*))
 *(.dtors)
 *(.eh_frame*)
 .eh_frame      0x1000d1a8        0x0 c:/tools/gcc-arm-none-eabi-10.3-2021.10/bin/../lib/gcc/arm-none-eabi/10.3.1/thumb/v6-m/nofp/crtbegin.o
                0x1000d1a8                . = ALIGN (0x4)

.glue_7         0x1000d1a8        0x0
 .glue_7        0x1000d1a8        0x0 linker stubs

.glue_7t        0x1000d1a8        0x0
 .glue_7t       0x1000d1a8        0x0 linker stubs

.vfp11_veneer   0x1000d1a8        0x0
 .vfp11_veneer  0x1000d1a8        0x0 linker stubs

.v4_bx          0x1000d1a8        0x0
 .v4_bx         0x1000d1a8        0x0 linker stubs

.iplt           0x1000d1a8        0x0
 .iplt          0x1000d1a8        0x0 c:/tools/gcc-arm-none-eabi-10.3-2021.10/bin/../lib/gcc/arm-none-eabi/10.3.1/thumb/v6-m/nofp/crtbegin.o

.rodata         0x1000d1a8     0x238c
 *(EXCLUDE_FILE(*libm.a: *libc.a:*lib_a-mem*.o *libgcc.a:) .rodata*)
 .rodata.lcd_run.str1.4
                0x1000d1a8       0x18 CMakeFiles/lcd_i2cpwm_demo.dir/view/lcd_run.c.obj
 .rodata.System_Init.str1.4
                0x1000d1c0       0x32 CMakeFiles/lcd_i2cpwm_demo.dir/lib/config/DEV_Config.c.obj
 *fill*         0x1000d1f2        0x2 
 .rodata.Storage_OpenReadFile.str1.4
                0x1000d1f4       0x7e CMakeFiles/lcd_i2cpwm_demo.dir/lib/fatfs/fatfs_storage.c.obj
                                 0x98 (size before relaxing)
 *fill*         0x1000d272        0x2 
 .rodata.follow_path.str1.4
                0x1000d274        0xf CMakeFiles/lcd_i2cpwm_demo.dir/lib/fatfs/ff.c.obj
 *fill*         0x1000d283        0x1 
 .rodata.ExCvt  0x1000d284       0x80 CMakeFiles/lcd_i2cpwm_demo.dir/lib/fatfs/ff.c.obj
 .rodata.Font16_Table
                0x1000d304      0xbe0 CMakeFiles/lcd_i2cpwm_demo.dir/lib/font/font16.c.obj
                0x1000d304                Font16_Table
 .rodata.Font20_Table
                0x1000dee4      0xed8 CMakeFiles/lcd_i2cpwm_demo.dir/lib/font/font20.c.obj
                0x1000dee4                Font20_Table
 .rodata.SD_Init.str1.4
                0x1000edbc       0x62 CMakeFiles/lcd_i2cpwm_demo.dir/lib/lcd/LCD_Bmp.c.obj
 *fill*         0x1000ee1e        0x2 
 .rodata.CSWTCH.9
                0x1000ee20        0xe CMakeFiles/lcd_i2cpwm_demo.dir/lib/lcd/LCD_Driver.c.obj
 *fill*         0x1000ee2e        0x2 
 .rodata.TP_GetAdFac.str1.4
                0x1000ee30       0x43 CMakeFiles/lcd_i2cpwm_demo.dir/lib/lcd/LCD_Touch.c.obj
 *fill*         0x1000ee73        0x1 
 .rodata.TP_gesmain.str1.4
                0x1000ee74       0x24 CMakeFiles/lcd_i2cpwm_demo.dir/lib/lcd/LCD_Touch.c.obj
 .rodata.TP_start_view.str1.4
                0x1000ee98       0xa4 CMakeFiles/lcd_i2cpwm_demo.dir/lib/lcd/LCD_Touch.c.obj
 .rodata.TP_start_view
                0x1000ef3c       0x3c CMakeFiles/lcd_i2cpwm_demo.dir/lib/lcd/LCD_Touch.c.obj
 .rodata.Run_page.str1.4
                0x1000ef78        0xf CMakeFiles/lcd_i2cpwm_demo.dir/lib/lcd/LCD_Touch.c.obj
 *fill*         0x1000ef87        0x1 
 .rodata.TP_DrawBoard.str1.4
                0x1000ef88        0x7 CMakeFiles/lcd_i2cpwm_demo.dir/lib/lcd/LCD_Touch.c.obj
 *fill*         0x1000ef8f        0x1 
 .rodata.i2c_bus_scan.str1.4
                0x1000ef90       0x5a CMakeFiles/lcd_i2cpwm_demo.dir/lib/pca9685/pca9685.c.obj
                                 0x5e (size before relaxing)
 *fill*         0x1000efea        0x2 
 .rodata.getPCAmode.str1.4
                0x1000efec       0x20 CMakeFiles/lcd_i2cpwm_demo.dir/lib/pca9685/pca9685.c.obj
 .rodata.__bi_53.0
                0x1000f00c        0x8 CMakeFiles/lcd_i2cpwm_demo.dir/lib/pca9685/pca9685.c.obj
 .rodata.spin_lock_claim_unused.str1.4
                0x1000f014       0x1b CMakeFiles/lcd_i2cpwm_demo.dir/C_/pico/pico-sdk/src/rp2_common/hardware_sync/sync.c.obj
 *fill*         0x1000f02f        0x1 
 .rodata.user_irq_claim_unused.str1.4
                0x1000f030       0x1b CMakeFiles/lcd_i2cpwm_demo.dir/C_/pico/pico-sdk/src/rp2_common/hardware_irq/irq.c.obj
 *fill*         0x1000f04b        0x1 
 .rodata.hardware_alarm_claim.str1.4
                0x1000f04c       0x22 CMakeFiles/lcd_i2cpwm_demo.dir/C_/pico/pico-sdk/src/rp2_common/hardware_timer/timer.c.obj
 *fill*         0x1000f06e        0x2 
 .rodata.panic.str1.4
                0x1000f070       0x10 CMakeFiles/lcd_i2cpwm_demo.dir/C_/pico/pico-sdk/src/rp2_common/pico_runtime/runtime.c.obj
                                 0x12 (size before relaxing)
 .rodata.hard_assertion_failure.str1.4
                0x1000f080        0xc CMakeFiles/lcd_i2cpwm_demo.dir/C_/pico/pico-sdk/src/rp2_common/pico_runtime/runtime.c.obj
 .rodata._ftoa.str1.4
                0x1000f08c       0x15 CMakeFiles/lcd_i2cpwm_demo.dir/C_/pico/pico-sdk/src/rp2_common/pico_printf/printf.c.obj
 *fill*         0x1000f0a1        0x3 
 .rodata._vsnprintf
                0x1000f0a4      0x1e0 CMakeFiles/lcd_i2cpwm_demo.dir/C_/pico/pico-sdk/src/rp2_common/pico_printf/printf.c.obj
 *fill*         0x1000f284        0x4 
 .rodata.pow10.0
                0x1000f288       0x50 CMakeFiles/lcd_i2cpwm_demo.dir/C_/pico/pico-sdk/src/rp2_common/pico_printf/printf.c.obj
 .rodata.str1.4
                0x1000f2d8       0x44 CMakeFiles/lcd_i2cpwm_demo.dir/C_/pico/pico-sdk/src/rp2_common/pico_standard_link/binary_info.c.obj
 .rodata.__bi_44
                0x1000f31c        0xc CMakeFiles/lcd_i2cpwm_demo.dir/C_/pico/pico-sdk/src/rp2_common/pico_standard_link/binary_info.c.obj
 .rodata.__bi_75
                0x1000f328        0xc CMakeFiles/lcd_i2cpwm_demo.dir/C_/pico/pico-sdk/src/rp2_common/pico_standard_link/binary_info.c.obj
 .rodata.__bi_81
                0x1000f334        0xc CMakeFiles/lcd_i2cpwm_demo.dir/C_/pico/pico-sdk/src/rp2_common/pico_standard_link/binary_info.c.obj
 .rodata.crlf_str.0
                0x1000f340        0x2 CMakeFiles/lcd_i2cpwm_demo.dir/C_/pico/pico-sdk/src/rp2_common/pico_stdio/stdio.c.obj
 *fill*         0x1000f342        0x2 
 .rodata._resetd_driver
                0x1000f344       0x18 CMakeFiles/lcd_i2cpwm_demo.dir/C_/pico/pico-sdk/src/rp2_common/pico_stdio_usb/reset_interface.c.obj
 .rodata.str1.4
                0x1000f35c       0x13 CMakeFiles/lcd_i2cpwm_demo.dir/C_/pico/pico-sdk/src/rp2_common/pico_stdio_usb/stdio_usb.c.obj
 *fill*         0x1000f36f        0x1 
 .rodata.__bi_118.0
                0x1000f370        0xc CMakeFiles/lcd_i2cpwm_demo.dir/C_/pico/pico-sdk/src/rp2_common/pico_stdio_usb/stdio_usb.c.obj
 .rodata.str1.4
                0x1000f37c       0x2a CMakeFiles/lcd_i2cpwm_demo.dir/C_/pico/pico-sdk/src/rp2_common/pico_stdio_usb/stdio_usb_descriptors.c.obj
 *fill*         0x1000f3a6        0x2 
 .rodata.usbd_desc_cfg
                0x1000f3a8       0x54 CMakeFiles/lcd_i2cpwm_demo.dir/C_/pico/pico-sdk/src/rp2_common/pico_stdio_usb/stdio_usb_descriptors.c.obj
 .rodata.usbd_desc_device
                0x1000f3fc       0x12 CMakeFiles/lcd_i2cpwm_demo.dir/C_/pico/pico-sdk/src/rp2_common/pico_stdio_usb/stdio_usb_descriptors.c.obj
 *fill*         0x1000f40e        0x2 
 .rodata.usbd_desc_str
                0x1000f410       0x18 CMakeFiles/lcd_i2cpwm_demo.dir/C_/pico/pico-sdk/src/rp2_common/pico_stdio_usb/stdio_usb_descriptors.c.obj
 .rodata.dcd_rp2040_irq.str1.4
                0x1000f428       0x14 CMakeFiles/lcd_i2cpwm_demo.dir/C_/pico/pico-sdk/lib/tinyusb/src/portable/raspberrypi/rp2040/dcd_rp2040.c.obj
 .rodata._hw_endpoint_buffer_control_update32.part.0.isra.0.str1.4
                0x1000f43c       0x1f CMakeFiles/lcd_i2cpwm_demo.dir/C_/pico/pico-sdk/lib/tinyusb/src/portable/raspberrypi/rp2040/rp2040_usb.c.obj
 *fill*         0x1000f45b        0x1 
 .rodata.hw_endpoint_xfer_continue.str1.4
                0x1000f45c       0x29 CMakeFiles/lcd_i2cpwm_demo.dir/C_/pico/pico-sdk/lib/tinyusb/src/portable/raspberrypi/rp2040/rp2040_usb.c.obj
 *fill*         0x1000f485        0x3 
 .rodata.str1.4
                0x1000f488        0x7 CMakeFiles/lcd_i2cpwm_demo.dir/C_/pico/pico-sdk/lib/tinyusb/src/portable/raspberrypi/rp2040/rp2040_usb.c.obj
 *fill*         0x1000f48f        0x1 
 .rodata.tud_task
                0x1000f490       0x8c CMakeFiles/lcd_i2cpwm_demo.dir/C_/pico/pico-sdk/lib/tinyusb/src/device/usbd.c.obj
 .rodata._usbd_driver
                0x1000f51c       0x18 CMakeFiles/lcd_i2cpwm_demo.dir/C_/pico/pico-sdk/lib/tinyusb/src/device/usbd.c.obj
                0x1000f534                . = ALIGN (0x4)
 *(SORT_BY_ALIGNMENT(SORT_BY_NAME(.flashdata*)))
                0x1000f534                . = ALIGN (0x4)

.rel.dyn        0x1000f534        0x0
 .rel.iplt      0x1000f534        0x0 c:/tools/gcc-arm-none-eabi-10.3-2021.10/bin/../lib/gcc/arm-none-eabi/10.3.1/thumb/v6-m/nofp/crtbegin.o

.ARM.extab
 *(.ARM.extab* .gnu.linkonce.armextab.*)
                0x1000f534                __exidx_start = .

.ARM.exidx
 *(.ARM.exidx* .gnu.linkonce.armexidx.*)
                0x1000f534                __exidx_end = .
                0x1000f534                . = ALIGN (0x4)
                0x1000f534                __binary_info_start = .

.binary_info    0x1000f534       0x24
 *(.binary_info.keep.*)
 .binary_info.keep.__bi_ptr53
                0x1000f534        0x4 CMakeFiles/lcd_i2cpwm_demo.dir/lib/pca9685/pca9685.c.obj
 .binary_info.keep.__bi_ptr22
                0x1000f538        0x4 CMakeFiles/lcd_i2cpwm_demo.dir/C_/pico/pico-sdk/src/rp2_common/pico_standard_link/binary_info.c.obj
 .binary_info.keep.__bi_ptr30
                0x1000f53c        0x4 CMakeFiles/lcd_i2cpwm_demo.dir/C_/pico/pico-sdk/src/rp2_common/pico_standard_link/binary_info.c.obj
 .binary_info.keep.__bi_ptr38
                0x1000f540        0x4 CMakeFiles/lcd_i2cpwm_demo.dir/C_/pico/pico-sdk/src/rp2_common/pico_standard_link/binary_info.c.obj
 .binary_info.keep.__bi_ptr44
                0x1000f544        0x4 CMakeFiles/lcd_i2cpwm_demo.dir/C_/pico/pico-sdk/src/rp2_common/pico_standard_link/binary_info.c.obj
 .binary_info.keep.__bi_ptr50
                0x1000f548        0x4 CMakeFiles/lcd_i2cpwm_demo.dir/C_/pico/pico-sdk/src/rp2_common/pico_standard_link/binary_info.c.obj
 .binary_info.keep.__bi_ptr75
                0x1000f54c        0x4 CMakeFiles/lcd_i2cpwm_demo.dir/C_/pico/pico-sdk/src/rp2_common/pico_standard_link/binary_info.c.obj
 .binary_info.keep.__bi_ptr81
                0x1000f550        0x4 CMakeFiles/lcd_i2cpwm_demo.dir/C_/pico/pico-sdk/src/rp2_common/pico_standard_link/binary_info.c.obj
 *(.binary_info.*)
 .binary_info.__bi_ptr118
                0x1000f554        0x4 CMakeFiles/lcd_i2cpwm_demo.dir/C_/pico/pico-sdk/src/rp2_common/pico_stdio_usb/stdio_usb.c.obj
                0x1000f558                __binary_info_end = .
                0x1000f558                . = ALIGN (0x4)
                0x1000f558                __etext = .

.ram_vector_table
                0x20000000       0xc0
 *(.ram_vector_table)
 .ram_vector_table
                0x20000000       0xc0 CMakeFiles/lcd_i2cpwm_demo.dir/C_/pico/pico-sdk/src/rp2_common/pico_runtime/runtime.c.obj
                0x20000000                ram_vector_table

.data           0x200000c0      0x464 load address 0x1000f558
                0x200000c0                __data_start__ = .
 *(vtable)
 *(.time_critical*)
 .time_critical.mutex_enter_blocking
                0x200000c0       0x48 CMakeFiles/lcd_i2cpwm_demo.dir/C_/pico/pico-sdk/src/common/pico_sync/mutex.c.obj
                0x200000c0                mutex_enter_blocking
 .time_critical.mutex_try_enter
                0x20000108       0x44 CMakeFiles/lcd_i2cpwm_demo.dir/C_/pico/pico-sdk/src/common/pico_sync/mutex.c.obj
                0x20000108                mutex_try_enter
 .time_critical.mutex_enter_timeout_ms
                0x2000014c       0xa0 CMakeFiles/lcd_i2cpwm_demo.dir/C_/pico/pico-sdk/src/common/pico_sync/mutex.c.obj
                0x2000014c                mutex_enter_timeout_ms
 .time_critical.mutex_exit
                0x200001ec       0x28 CMakeFiles/lcd_i2cpwm_demo.dir/C_/pico/pico-sdk/src/common/pico_sync/mutex.c.obj
                0x200001ec                mutex_exit
 .time_critical.flash_init_boot2_copyout
                0x20000214       0x30 CMakeFiles/lcd_i2cpwm_demo.dir/C_/pico/pico-sdk/src/rp2_common/hardware_flash/flash.c.obj
 .time_critical.flash_enable_xip_via_boot2
                0x20000244       0x10 CMakeFiles/lcd_i2cpwm_demo.dir/C_/pico/pico-sdk/src/rp2_common/hardware_flash/flash.c.obj
 .time_critical.flash_cs_force
                0x20000254       0x38 CMakeFiles/lcd_i2cpwm_demo.dir/C_/pico/pico-sdk/src/rp2_common/hardware_flash/flash.c.obj
 .time_critical.flash_do_cmd
                0x2000028c       0xc4 CMakeFiles/lcd_i2cpwm_demo.dir/C_/pico/pico-sdk/src/rp2_common/hardware_flash/flash.c.obj
                0x2000028c                flash_do_cmd
 .time_critical.spi_write_read_blocking
                0x20000350       0x74 CMakeFiles/lcd_i2cpwm_demo.dir/C_/pico/pico-sdk/src/rp2_common/hardware_spi/spi.c.obj
                0x20000350                spi_write_read_blocking
 *(.text*)
 .text          0x200003c4        0x4 c:/tools/gcc-arm-none-eabi-10.3-2021.10/bin/../lib/gcc/arm-none-eabi/10.3.1/thumb/v6-m/nofp\libgcc.a(_dvmd_tls.o)
                0x200003c4                __aeabi_idiv0
                0x200003c4                __aeabi_ldiv0
 .text.__stub   0x200003c8       0x30 linker stubs
                0x200003f8                . = ALIGN (0x4)
 *(.rodata*)
                0x200003f8                . = ALIGN (0x4)
 *(.data*)
 .data.Font16   0x200003f8        0x8 CMakeFiles/lcd_i2cpwm_demo.dir/lib/font/font16.c.obj
                0x200003f8                Font16
 .data.Font20   0x20000400        0x8 CMakeFiles/lcd_i2cpwm_demo.dir/lib/font/font20.c.obj
                0x20000400                Font20
 .data.id       0x20000408        0x1 CMakeFiles/lcd_i2cpwm_demo.dir/lib/lcd/LCD_Driver.c.obj
                0x20000408                id
 .data.m1_power
                0x20000409        0x1 CMakeFiles/lcd_i2cpwm_demo.dir/lib/lcd/LCD_Touch.c.obj
                0x20000409                m1_power
 .data.m2_power
                0x2000040a        0x1 CMakeFiles/lcd_i2cpwm_demo.dir/lib/lcd/LCD_Touch.c.obj
                0x2000040a                m2_power
 .data.m3_power
                0x2000040b        0x1 CMakeFiles/lcd_i2cpwm_demo.dir/lib/lcd/LCD_Touch.c.obj
                0x2000040b                m3_power
 .data.main1    0x2000040c        0x1 CMakeFiles/lcd_i2cpwm_demo.dir/lib/lcd/LCD_Touch.c.obj
                0x2000040c                main1
 *fill*         0x2000040d        0x1 
 .data.pagestatus
                0x2000040e        0x2 CMakeFiles/lcd_i2cpwm_demo.dir/lib/lcd/LCD_Touch.c.obj
                0x2000040e                pagestatus
 .data.striped_spin_lock_num
                0x20000410        0x1 CMakeFiles/lcd_i2cpwm_demo.dir/C_/pico/pico-sdk/src/rp2_common/hardware_sync/sync.c.obj
 *fill*         0x20000411        0x3 
 .data          0x20000414       0x48 CMakeFiles/lcd_i2cpwm_demo.dir/C_/pico/pico-sdk/src/rp2_common/hardware_irq/irq_handler_chain.S.obj
                0x20000414                irq_handler_chain_slots
                0x20000444                irq_handler_chain_first_slot
                0x2000044e                irq_handler_chain_remove_tail
 .data.default_alarm_pool
                0x2000045c       0x18 CMakeFiles/lcd_i2cpwm_demo.dir/C_/pico/pico-sdk/src/common/pico_time/time.c.obj
 .data.default_alarm_pool_heap
                0x20000474       0x10 CMakeFiles/lcd_i2cpwm_demo.dir/C_/pico/pico-sdk/src/common/pico_time/time.c.obj
 *fill*         0x20000484        0xc 
 .data.aeabi_bits_funcs
                0x20000490       0x10 CMakeFiles/lcd_i2cpwm_demo.dir/C_/pico/pico-sdk/src/rp2_common/pico_bit_ops/bit_ops_aeabi.S.obj
                0x20000490                aeabi_bits_funcs
                0x200004a0                aeabi_bits_funcs_end
 .data.aeabi_mem_funcs
                0x200004a0       0x10 CMakeFiles/lcd_i2cpwm_demo.dir/C_/pico/pico-sdk/src/rp2_common/pico_mem_ops/mem_ops_aeabi.S.obj
                0x200004a0                aeabi_mem_funcs
                0x200004b0                aeabi_mem_funcs_end
 .data.stdio_usb
                0x200004b0       0x14 CMakeFiles/lcd_i2cpwm_demo.dir/C_/pico/pico-sdk/src/rp2_common/pico_stdio_usb/stdio_usb.c.obj
                0x200004b0                stdio_usb
 .data.ep_dir_string
                0x200004c4        0x8 CMakeFiles/lcd_i2cpwm_demo.dir/C_/pico/pico-sdk/lib/tinyusb/src/portable/raspberrypi/rp2040/rp2040_usb.c.obj
                0x200004c4                ep_dir_string
 .data._usbd_qdef
                0x200004cc       0x24 CMakeFiles/lcd_i2cpwm_demo.dir/C_/pico/pico-sdk/lib/tinyusb/src/device/usbd.c.obj
                0x200004cc                _usbd_qdef
 .data.i2c0_inst
                0x200004f0        0x8 CMakeFiles/lcd_i2cpwm_demo.dir/C_/pico/pico-sdk/src/rp2_common/hardware_i2c/i2c.c.obj
                0x200004f0                i2c0_inst
 .data.i2c1_inst
                0x200004f8        0x8 CMakeFiles/lcd_i2cpwm_demo.dir/C_/pico/pico-sdk/src/rp2_common/hardware_i2c/i2c.c.obj
                0x200004f8                i2c1_inst
                0x20000500                . = ALIGN (0x4)
 *(.after_data.*)
                0x20000500                . = ALIGN (0x4)
                0x20000500                PROVIDE (__mutex_array_start = .)
 *(SORT_BY_NAME(.mutex_array.*))
 *(.mutex_array)
 .mutex_array   0x20000500        0x8 CMakeFiles/lcd_i2cpwm_demo.dir/C_/pico/pico-sdk/src/rp2_common/pico_stdio/stdio.c.obj
                0x20000508                PROVIDE (__mutex_array_end = .)
                0x20000508                . = ALIGN (0x4)
                0x20000508                PROVIDE (__preinit_array_start = .)
 *(SORT_BY_NAME(.preinit_array.*))
 .preinit_array.00001
                0x20000508        0x4 CMakeFiles/lcd_i2cpwm_demo.dir/C_/pico/pico-sdk/src/rp2_common/pico_mem_ops/mem_ops_aeabi.S.obj
 .preinit_array.00010
                0x2000050c        0x4 CMakeFiles/lcd_i2cpwm_demo.dir/C_/pico/pico-sdk/src/rp2_common/pico_bit_ops/bit_ops_aeabi.S.obj
 .preinit_array.00020
                0x20000510        0x4 CMakeFiles/lcd_i2cpwm_demo.dir/C_/pico/pico-sdk/src/rp2_common/pico_double/double_aeabi.S.obj
 .preinit_array.00020
                0x20000514        0x4 CMakeFiles/lcd_i2cpwm_demo.dir/C_/pico/pico-sdk/src/rp2_common/pico_float/float_aeabi.S.obj
 *(.preinit_array)
                0x20000518                PROVIDE (__preinit_array_end = .)
                0x20000518                . = ALIGN (0x4)
                0x20000518                PROVIDE (__init_array_start = .)
 *(SORT_BY_NAME(.init_array.*))
 *(.init_array)
 .init_array    0x20000518        0x4 c:/tools/gcc-arm-none-eabi-10.3-2021.10/bin/../lib/gcc/arm-none-eabi/10.3.1/thumb/v6-m/nofp/crtbegin.o
 .init_array    0x2000051c        0x4 CMakeFiles/lcd_i2cpwm_demo.dir/C_/pico/pico-sdk/src/rp2_common/cmsis/stub/CMSIS/Device/RaspberryPi/RP2040/Source/system_RP2040.c.obj
 .init_array    0x20000520        0x4 CMakeFiles/lcd_i2cpwm_demo.dir/C_/pico/pico-sdk/src/rp2_common/pico_unique_id/unique_id.c.obj
                0x20000524                PROVIDE (__init_array_end = .)
                0x20000524                . = ALIGN (0x4)
                [!provide]                PROVIDE (__fini_array_start = .)
 *(SORT_BY_NAME(.fini_array.*))
 *(.fini_array)
                [!provide]                PROVIDE (__fini_array_end = .)
 *(.jcr)
                0x20000524                . = ALIGN (0x4)
                0x20000524                __data_end__ = .

.igot.plt       0x20000524        0x0 load address 0x1000f9bc
 .igot.plt      0x20000524        0x0 c:/tools/gcc-arm-none-eabi-10.3-2021.10/bin/../lib/gcc/arm-none-eabi/10.3.1/thumb/v6-m/nofp/crtbegin.o

.uninitialized_data
                0x20000524        0x0 load address 0x1000f9bc
                0x20000524                . = ALIGN (0x4)
 *(.uninitialized_data*)

.scratch_x      0x20040000        0x0 load address 0x1000f9bc
                0x20040000                __scratch_x_start__ = .
 *(.scratch_x.*)
                0x20040000                . = ALIGN (0x4)
                0x20040000                __scratch_x_end__ = .
                0x1000f9bc                __scratch_x_source__ = LOADADDR (.scratch_x)

.scratch_y      0x20041000        0x0 load address 0x1000f9bc
                0x20041000                __scratch_y_start__ = .
 *(.scratch_y.*)
                0x20041000                . = ALIGN (0x4)
                0x20041000                __scratch_y_end__ = .
                0x1000f9bc                __scratch_y_source__ = LOADADDR (.scratch_y)

.bss            0x20000528    0x2c14c
                0x20000528                . = ALIGN (0x4)
                0x20000528                __bss_start__ = .
 *(SORT_BY_ALIGNMENT(SORT_BY_NAME(.bss*)))
 .bss.clock_start1
                0x20000528        0x8 CMakeFiles/lcd_i2cpwm_demo.dir/lib/lcd/LCD_Touch.c.obj
                0x20000528                clock_start1
 .bss.default_alarm_pool_entries
                0x20000530      0x100 CMakeFiles/lcd_i2cpwm_demo.dir/C_/pico/pico-sdk/src/common/pico_time/time.c.obj
 .bss.last_avail_time.1
                0x20000630        0x8 CMakeFiles/lcd_i2cpwm_demo.dir/C_/pico/pico-sdk/src/rp2_common/pico_stdio_usb/stdio_usb.c.obj
 .bss.sd_table  0x20000638      0x100 CMakeFiles/lcd_i2cpwm_demo.dir/C_/pico/pico-sdk/src/rp2_common/pico_double/double_init_rom.c.obj
                0x20000638                sd_table
 .bss.sf_table  0x20000738      0x100 CMakeFiles/lcd_i2cpwm_demo.dir/C_/pico/pico-sdk/src/rp2_common/pico_float/float_init_rom.c.obj
                0x20000738                sf_table
 .bss           0x20000838       0x1c c:/tools/gcc-arm-none-eabi-10.3-2021.10/bin/../lib/gcc/arm-none-eabi/10.3.1/thumb/v6-m/nofp/crtbegin.o
 .bss.BytesRead
                0x20000854        0x4 CMakeFiles/lcd_i2cpwm_demo.dir/lib/fatfs/fatfs_storage.c.obj
                0x20000854                BytesRead
 .bss.FatFs     0x20000858        0x4 CMakeFiles/lcd_i2cpwm_demo.dir/lib/fatfs/ff.c.obj
 .bss.SystemCoreClock
                0x2000085c        0x4 CMakeFiles/lcd_i2cpwm_demo.dir/C_/pico/pico-sdk/src/rp2_common/cmsis/stub/CMSIS/Device/RaspberryPi/RP2040/Source/system_RP2040.c.obj
                0x2000085c                SystemCoreClock
 .bss._app_driver
                0x20000860        0x4 CMakeFiles/lcd_i2cpwm_demo.dir/C_/pico/pico-sdk/lib/tinyusb/src/device/usbd.c.obj
 .bss._cdcd_itf
                0x20000864      0x2d8 CMakeFiles/lcd_i2cpwm_demo.dir/C_/pico/pico-sdk/lib/tinyusb/src/class/cdc/cdc_device.c.obj
 .bss._ctrl_xfer
                0x20000b3c       0x14 CMakeFiles/lcd_i2cpwm_demo.dir/C_/pico/pico-sdk/lib/tinyusb/src/device/usbd_control.c.obj
 .bss._ubsd_mutexdef
                0x20000b50        0x8 CMakeFiles/lcd_i2cpwm_demo.dir/C_/pico/pico-sdk/lib/tinyusb/src/device/usbd.c.obj
 .bss._usbd_ctrl_buf
                0x20000b58       0x40 CMakeFiles/lcd_i2cpwm_demo.dir/C_/pico/pico-sdk/lib/tinyusb/src/device/usbd_control.c.obj
 .bss._usbd_dev
                0x20000b98       0x53 CMakeFiles/lcd_i2cpwm_demo.dir/C_/pico/pico-sdk/lib/tinyusb/src/device/usbd.c.obj
 *fill*         0x20000beb        0x1 
 .bss._usbd_mutex
                0x20000bec        0x4 CMakeFiles/lcd_i2cpwm_demo.dir/C_/pico/pico-sdk/lib/tinyusb/src/device/usbd.c.obj
 .bss._usbd_q   0x20000bf0        0x4 CMakeFiles/lcd_i2cpwm_demo.dir/C_/pico/pico-sdk/lib/tinyusb/src/device/usbd.c.obj
 .bss._usbd_qdef_buf
                0x20000bf4       0xc0 CMakeFiles/lcd_i2cpwm_demo.dir/C_/pico/pico-sdk/lib/tinyusb/src/device/usbd.c.obj
                0x20000bf4                _usbd_qdef_buf
 .bss.aBuffer   0x20000cb4      0x2d0 CMakeFiles/lcd_i2cpwm_demo.dir/lib/fatfs/fatfs_storage.c.obj
 .bss.alarm_callbacks
                0x20000f84       0x10 CMakeFiles/lcd_i2cpwm_demo.dir/C_/pico/pico-sdk/src/rp2_common/hardware_timer/timer.c.obj
 .bss.boot2_copyout
                0x20000f94      0x100 CMakeFiles/lcd_i2cpwm_demo.dir/C_/pico/pico-sdk/src/rp2_common/hardware_flash/flash.c.obj
 .bss.claimed   0x20001094        0x4 CMakeFiles/lcd_i2cpwm_demo.dir/C_/pico/pico-sdk/src/rp2_common/hardware_sync/sync.c.obj
 .bss.configured_freq
                0x20001098       0x28 CMakeFiles/lcd_i2cpwm_demo.dir/C_/pico/pico-sdk/src/rp2_common/hardware_clocks/clocks.c.obj
 .bss.default_alarm_pool_entry_ids_high
                0x200010c0       0x10 CMakeFiles/lcd_i2cpwm_demo.dir/C_/pico/pico-sdk/src/common/pico_time/time.c.obj
 .bss.default_alarm_pool_heap_nodes
                0x200010d0       0x30 CMakeFiles/lcd_i2cpwm_demo.dir/C_/pico/pico-sdk/src/common/pico_time/time.c.obj
 .bss.desc_str.0
                0x20001100       0x28 CMakeFiles/lcd_i2cpwm_demo.dir/C_/pico/pico-sdk/src/rp2_common/pico_stdio_usb/stdio_usb_descriptors.c.obj
 .bss.drivers   0x20001128        0x4 CMakeFiles/lcd_i2cpwm_demo.dir/C_/pico/pico-sdk/src/rp2_common/pico_stdio/stdio.c.obj
 .bss.file_name
                0x2000112c      0x113 CMakeFiles/lcd_i2cpwm_demo.dir/lib/lcd/LCD_Bmp.c.obj
                0x2000112c                file_name
 *fill*         0x2000123f        0x1 
 .bss.filter    0x20001240        0x4 CMakeFiles/lcd_i2cpwm_demo.dir/C_/pico/pico-sdk/src/rp2_common/pico_stdio/stdio.c.obj
 .bss.han_in_button
                0x20001244     0x3200 CMakeFiles/lcd_i2cpwm_demo.dir/lib/fatfs/fatfs_storage.c.obj
                0x20001244                han_in_button
 .bss.hw_endpoints
                0x20004444      0x400 CMakeFiles/lcd_i2cpwm_demo.dir/C_/pico/pico-sdk/lib/tinyusb/src/portable/raspberrypi/rp2040/dcd_rp2040.c.obj
 .bss.lazy_vsnprintf
                0x20004844        0x4 CMakeFiles/lcd_i2cpwm_demo.dir/C_/pico/pico-sdk/src/rp2_common/pico_printf/printf.c.obj
 .bss.load_value
                0x20004848        0x4 CMakeFiles/lcd_i2cpwm_demo.dir/C_/pico/pico-sdk/src/rp2_common/hardware_watchdog/watchdog.c.obj
 .bss.microSDFatFs
                0x2000484c      0x230 CMakeFiles/lcd_i2cpwm_demo.dir/lib/lcd/LCD_Bmp.c.obj
                0x2000484c                microSDFatFs
 .bss.next_buffer_ptr
                0x20004a7c        0x4 CMakeFiles/lcd_i2cpwm_demo.dir/C_/pico/pico-sdk/lib/tinyusb/src/portable/raspberrypi/rp2040/dcd_rp2040.c.obj
 .bss.num_in    0x20004a80     0x2300 CMakeFiles/lcd_i2cpwm_demo.dir/lib/fatfs/fatfs_storage.c.obj
                0x20004a80                num_in
 .bss.pDirectoryFiles
                0x20006d80       0x64 CMakeFiles/lcd_i2cpwm_demo.dir/lib/lcd/LCD_Bmp.c.obj
                0x20006d80                pDirectoryFiles
 .bss.pic       0x20006de4    0x25800 CMakeFiles/lcd_i2cpwm_demo.dir/lib/fatfs/fatfs_storage.c.obj
                0x20006de4                pic
 .bss.pools     0x2002c5e4       0x10 CMakeFiles/lcd_i2cpwm_demo.dir/C_/pico/pico-sdk/src/common/pico_time/time.c.obj
 .bss.retrieved_id
                0x2002c5f4        0x8 CMakeFiles/lcd_i2cpwm_demo.dir/C_/pico/pico-sdk/src/rp2_common/pico_unique_id/unique_id.c.obj
 .bss.sLCD_DIS  0x2002c5fc        0xa CMakeFiles/lcd_i2cpwm_demo.dir/lib/lcd/LCD_Driver.c.obj
                0x2002c5fc                sLCD_DIS
 *fill*         0x2002c606        0x2 
 .bss.sTP_DEV   0x2002c608       0x1c CMakeFiles/lcd_i2cpwm_demo.dir/lib/lcd/LCD_Touch.c.obj
 .bss.sTP_Draw  0x2002c624        0x8 CMakeFiles/lcd_i2cpwm_demo.dir/lib/lcd/LCD_Touch.c.obj
 .bss.sf_clz_func
                0x2002c62c        0x4 CMakeFiles/lcd_i2cpwm_demo.dir/C_/pico/pico-sdk/src/rp2_common/pico_double/double_init_rom.c.obj
                0x2002c62c                sf_clz_func
 .bss.sleep_notifier
                0x2002c630        0x4 CMakeFiles/lcd_i2cpwm_demo.dir/C_/pico/pico-sdk/src/common/pico_time/time.c.obj
 .bss.stdio_usb_mutex
                0x2002c634        0x8 CMakeFiles/lcd_i2cpwm_demo.dir/C_/pico/pico-sdk/src/rp2_common/pico_stdio_usb/stdio_usb.c.obj
 .bss.target_hi
                0x2002c63c       0x10 CMakeFiles/lcd_i2cpwm_demo.dir/C_/pico/pico-sdk/src/rp2_common/hardware_timer/timer.c.obj
 .bss.usbd_serial_str
                0x2002c64c       0x11 CMakeFiles/lcd_i2cpwm_demo.dir/C_/pico/pico-sdk/src/rp2_common/pico_stdio_usb/stdio_usb_descriptors.c.obj
 *fill*         0x2002c65d        0x3 
 .bss.user_irq_claimed
                0x2002c660        0x2 CMakeFiles/lcd_i2cpwm_demo.dir/C_/pico/pico-sdk/src/rp2_common/hardware_irq/irq.c.obj
 .bss.Fsid      0x2002c662        0x2 CMakeFiles/lcd_i2cpwm_demo.dir/lib/fatfs/ff.c.obj
 .bss.SD_Type   0x2002c664        0x1 CMakeFiles/lcd_i2cpwm_demo.dir/lib/sdcard/MMC_SD.c.obj
                0x2002c664                SD_Type
 .bss._app_driver_count
                0x2002c665        0x1 CMakeFiles/lcd_i2cpwm_demo.dir/C_/pico/pico-sdk/lib/tinyusb/src/device/usbd.c.obj
 .bss._usbd_initialized
                0x2002c666        0x1 CMakeFiles/lcd_i2cpwm_demo.dir/C_/pico/pico-sdk/lib/tinyusb/src/device/usbd.c.obj
 .bss.boot2_copyout_valid
                0x2002c667        0x1 CMakeFiles/lcd_i2cpwm_demo.dir/C_/pico/pico-sdk/src/rp2_common/hardware_flash/flash.c.obj
 .bss.claimed   0x2002c668        0x1 CMakeFiles/lcd_i2cpwm_demo.dir/C_/pico/pico-sdk/src/rp2_common/hardware_timer/timer.c.obj
 .bss.f_res     0x2002c669        0x1 CMakeFiles/lcd_i2cpwm_demo.dir/lib/lcd/LCD_Bmp.c.obj
                0x2002c669                f_res
 .bss.h2o2_run  0x2002c66a        0x1 CMakeFiles/lcd_i2cpwm_demo.dir/lib/lcd/LCD_Touch.c.obj
                0x2002c66a                h2o2_run
 .bss.irq_hander_chain_free_slot_head
                0x2002c66b        0x1 CMakeFiles/lcd_i2cpwm_demo.dir/C_/pico/pico-sdk/src/rp2_common/hardware_irq/irq.c.obj
 .bss.itf_num   0x2002c66c        0x1 CMakeFiles/lcd_i2cpwm_demo.dir/C_/pico/pico-sdk/src/rp2_common/pico_stdio_usb/reset_interface.c.obj
 .bss.low_priority_irq_num
                0x2002c66d        0x1 CMakeFiles/lcd_i2cpwm_demo.dir/C_/pico/pico-sdk/src/rp2_common/pico_stdio_usb/stdio_usb.c.obj
 .bss.main2     0x2002c66e        0x1 CMakeFiles/lcd_i2cpwm_demo.dir/lib/lcd/LCD_Touch.c.obj
                0x2002c66e                main2
 .bss.main3     0x2002c66f        0x1 CMakeFiles/lcd_i2cpwm_demo.dir/lib/lcd/LCD_Touch.c.obj
                0x2002c66f                main3
 .bss.nai_run   0x2002c670        0x1 CMakeFiles/lcd_i2cpwm_demo.dir/lib/lcd/LCD_Touch.c.obj
                0x2002c670                nai_run
 .bss.sample_run
                0x2002c671        0x1 CMakeFiles/lcd_i2cpwm_demo.dir/lib/lcd/LCD_Touch.c.obj
                0x2002c671                sample_run
 .bss.timer_callbacks_pending
                0x2002c672        0x1 CMakeFiles/lcd_i2cpwm_demo.dir/C_/pico/pico-sdk/src/rp2_common/hardware_timer/timer.c.obj
 .bss.valve_view
                0x2002c673        0x1 CMakeFiles/lcd_i2cpwm_demo.dir/lib/lcd/LCD_Touch.c.obj
                0x2002c673                valve_view
 *(COMMON)
                0x2002c674                . = ALIGN (0x4)
                0x2002c674                __bss_end__ = .

.heap           0x2002c674      0x800
                0x2002c674                __end__ = .
                0x2002c674                end = __end__
 *(.heap*)
 .heap          0x2002c674      0x800 CMakeFiles/lcd_i2cpwm_demo.dir/C_/pico/pico-sdk/src/rp2_common/pico_standard_link/crt0.S.obj
                0x2002ce74                __HeapLimit = .

.stack1_dummy   0x20040000        0x0
 *(.stack1*)

.stack_dummy    0x20041000      0x800
 *(.stack*)
 .stack         0x20041000      0x800 CMakeFiles/lcd_i2cpwm_demo.dir/C_/pico/pico-sdk/src/rp2_common/pico_standard_link/crt0.S.obj

.flash_end      0x1000f9bc        0x0
                0x1000f9bc                __flash_binary_end = .
                0x20040000                __StackLimit = (ORIGIN (RAM) + LENGTH (RAM))
                0x20041000                __StackOneTop = (ORIGIN (SCRATCH_X) + LENGTH (SCRATCH_X))
                0x20042000                __StackTop = (ORIGIN (SCRATCH_Y) + LENGTH (SCRATCH_Y))
                0x20041000                __StackOneBottom = (__StackOneTop - SIZEOF (.stack1_dummy))
                0x20041800                __StackBottom = (__StackTop - SIZEOF (.stack_dummy))
                0x20042000                PROVIDE (__stack = __StackTop)
                0x00000001                ASSERT ((__StackLimit >= __HeapLimit), region RAM overflowed)
                0x00000001                ASSERT (((__binary_info_header_end - __logical_binary_start) <= 0x100), Binary info must be in first 256 bytes of the binary)
LOAD CMakeFiles/lcd_i2cpwm_demo.dir/main.c.obj
LOAD CMakeFiles/lcd_i2cpwm_demo.dir/view/lcd_run.c.obj
LOAD CMakeFiles/lcd_i2cpwm_demo.dir/lib/config/DEV_Config.c.obj
LOAD CMakeFiles/lcd_i2cpwm_demo.dir/lib/fatfs/diskio.c.obj
LOAD CMakeFiles/lcd_i2cpwm_demo.dir/lib/fatfs/fatfs_storage.c.obj
LOAD CMakeFiles/lcd_i2cpwm_demo.dir/lib/fatfs/ff.c.obj
LOAD CMakeFiles/lcd_i2cpwm_demo.dir/lib/font/font8.c.obj
LOAD CMakeFiles/lcd_i2cpwm_demo.dir/lib/font/font12.c.obj
LOAD CMakeFiles/lcd_i2cpwm_demo.dir/lib/font/font16.c.obj
LOAD CMakeFiles/lcd_i2cpwm_demo.dir/lib/font/font20.c.obj
LOAD CMakeFiles/lcd_i2cpwm_demo.dir/lib/font/font24.c.obj
LOAD CMakeFiles/lcd_i2cpwm_demo.dir/lib/lcd/LCD_Bmp.c.obj
LOAD CMakeFiles/lcd_i2cpwm_demo.dir/lib/lcd/LCD_Driver.c.obj
LOAD CMakeFiles/lcd_i2cpwm_demo.dir/lib/lcd/LCD_GUI.c.obj
LOAD CMakeFiles/lcd_i2cpwm_demo.dir/lib/lcd/LCD_Touch.c.obj
LOAD CMakeFiles/lcd_i2cpwm_demo.dir/lib/sdcard/MMC_SD.c.obj
LOAD CMakeFiles/lcd_i2cpwm_demo.dir/lib/pca9685/pca9685.c.obj
LOAD CMakeFiles/lcd_i2cpwm_demo.dir/C_/pico/pico-sdk/src/rp2_common/cmsis/stub/CMSIS/Device/RaspberryPi/RP2040/Source/system_RP2040.c.obj
LOAD CMakeFiles/lcd_i2cpwm_demo.dir/C_/pico/pico-sdk/src/rp2_common/hardware_clocks/clocks.c.obj
LOAD CMakeFiles/lcd_i2cpwm_demo.dir/C_/pico/pico-sdk/src/rp2_common/hardware_claim/claim.c.obj
LOAD CMakeFiles/lcd_i2cpwm_demo.dir/C_/pico/pico-sdk/src/rp2_common/pico_platform/platform.c.obj
LOAD CMakeFiles/lcd_i2cpwm_demo.dir/C_/pico/pico-sdk/src/rp2_common/hardware_sync/sync.c.obj
LOAD CMakeFiles/lcd_i2cpwm_demo.dir/C_/pico/pico-sdk/src/rp2_common/hardware_gpio/gpio.c.obj
LOAD CMakeFiles/lcd_i2cpwm_demo.dir/C_/pico/pico-sdk/src/rp2_common/hardware_irq/irq.c.obj