Archive member included to satisfy reference by file (symbol)

c:/tools/gcc-arm-none-eabi-10.3-2021.10/bin/../lib/gcc/arm-none-eabi/10.3.1/thumb/v6-m/nofp\libgcc.a(_dvmd_tls.o)
                              CMakeFiles/lcd_i2cpwm_demo.dir/C_/pico/pico-sdk/src/rp2_common/pico_divider/divider.S.obj (__aeabi_idiv0)
c:/tools/gcc-arm-none-eabi-10.3-2021.10/bin/../lib/gcc/arm-none-eabi/10.3.1/../../../../arm-none-eabi/lib/thumb/v6-m/nofp\libc.a(lib_a-calloc.o)
                              CMakeFiles/lcd_i2cpwm_demo.dir/C_/pico/pico-sdk/src/rp2_common/pico_malloc/pico_malloc.c.obj (calloc)
c:/tools/gcc-arm-none-eabi-10.3-2021.10/bin/../lib/gcc/arm-none-eabi/10.3.1/../../../../arm-none-eabi/lib/thumb/v6-m/nofp\libc.a(lib_a-callocr.o)
                              c:/tools/gcc-arm-none-eabi-10.3-2021.10/bin/../lib/gcc/arm-none-eabi/10.3.1/../../../../arm-none-eabi/lib/thumb/v6-m/nofp\libc.a(lib_a-calloc.o) (_calloc_r)
c:/tools/gcc-arm-none-eabi-10.3-2021.10/bin/../lib/gcc/arm-none-eabi/10.3.1/../../../../arm-none-eabi/lib/thumb/v6-m/nofp\libc.a(lib_a-errno.o)
                              c:/tools/gcc-arm-none-eabi-10.3-2021.10/bin/../lib/gcc/arm-none-eabi/10.3.1/../../../../arm-none-eabi/lib/thumb/v6-m/nofp\libc.a(lib_a-callocr.o) (__errno)
c:/tools/gcc-arm-none-eabi-10.3-2021.10/bin/../lib/gcc/arm-none-eabi/10.3.1/../../../../arm-none-eabi/lib/thumb/v6-m/nofp\libc.a(lib_a-impure.o)
                              c:/tools/gcc-arm-none-eabi-10.3-2021.10/bin/../lib/gcc/arm-none-eabi/10.3.1/../../../../arm-none-eabi/lib/thumb/v6-m/nofp\libc.a(lib_a-calloc.o) (_impure_ptr)
c:/tools/gcc-arm-none-eabi-10.3-2021.10/bin/../lib/gcc/arm-none-eabi/10.3.1/../../../../arm-none-eabi/lib/thumb/v6-m/nofp\libc.a(lib_a-init.o)
                              c:/tools/gcc-arm-none-eabi-10.3-2021.10/bin/../lib/gcc/arm-none-eabi/10.3.1/../../../../arm-none-eabi/lib/thumb/v6-m/nofp/crt0.o (__libc_init_array)
c:/tools/gcc-arm-none-eabi-10.3-2021.10/bin/../lib/gcc/arm-none-eabi/10.3.1/../../../../arm-none-eabi/lib/thumb/v6-m/nofp\libc.a(lib_a-malloc.o)
                              CMakeFiles/lcd_i2cpwm_demo.dir/C_/pico/pico-sdk/src/rp2_common/pico_malloc/pico_malloc.c.obj (malloc)
c:/tools/gcc-arm-none-eabi-10.3-2021.10/bin/../lib/gcc/arm-none-eabi/10.3.1/../../../../arm-none-eabi/lib/thumb/v6-m/nofp\libc.a(lib_a-mallocr.o)
                              c:/tools/gcc-arm-none-eabi-10.3-2021.10/bin/../lib/gcc/arm-none-eabi/10.3.1/../../../../arm-none-eabi/lib/thumb/v6-m/nofp\libc.a(lib_a-callocr.o) (_malloc_r)
c:/tools/gcc-arm-none-eabi-10.3-2021.10/bin/../lib/gcc/arm-none-eabi/10.3.1/../../../../arm-none-eabi/lib/thumb/v6-m/nofp\libc.a(lib_a-mlock.o)
                              c:/tools/gcc-arm-none-eabi-10.3-2021.10/bin/../lib/gcc/arm-none-eabi/10.3.1/../../../../arm-none-eabi/lib/thumb/v6-m/nofp\libc.a(lib_a-mallocr.o) (__malloc_lock)
c:/tools/gcc-arm-none-eabi-10.3-2021.10/bin/../lib/gcc/arm-none-eabi/10.3.1/../../../../arm-none-eabi/lib/thumb/v6-m/nofp\libc.a(lib_a-realloc.o)
                              CMakeFiles/lcd_i2cpwm_demo.dir/C_/pico/pico-sdk/src/rp2_common/pico_malloc/pico_malloc.c.obj (realloc)
c:/tools/gcc-arm-none-eabi-10.3-2021.10/bin/../lib/gcc/arm-none-eabi/10.3.1/../../../../arm-none-eabi/lib/thumb/v6-m/nofp\libc.a(lib_a-reallocr.o)
                              c:/tools/gcc-arm-none-eabi-10.3-2021.10/bin/../lib/gcc/arm-none-eabi/10.3.1/../../../../arm-none-eabi/lib/thumb/v6-m/nofp\libc.a(lib_a-realloc.o) (_realloc_r)
c:/tools/gcc-arm-none-eabi-10.3-2021.10/bin/../lib/gcc/arm-none-eabi/10.3.1/../../../../arm-none-eabi/lib/thumb/v6-m/nofp\libc.a(lib_a-sbrkr.o)
                              c:/tools/gcc-arm-none-eabi-10.3-2021.10/bin/../lib/gcc/arm-none-eabi/10.3.1/../../../../arm-none-eabi/lib/thumb/v6-m/nofp\libc.a(lib_a-mallocr.o) (_sbrk_r)
c:/tools/gcc-arm-none-eabi-10.3-2021.10/bin/../lib/gcc/arm-none-eabi/10.3.1/../../../../arm-none-eabi/lib/thumb/v6-m/nofp\libc.a(lib_a-strlen-stub.o)
                              CMakeFiles/lcd_i2cpwm_demo.dir/lib/fatfs/fatfs_storage.c.obj (strlen)
c:/tools/gcc-arm-none-eabi-10.3-2021.10/bin/../lib/gcc/arm-none-eabi/10.3.1/../../../../arm-none-eabi/lib/thumb/v6-m/nofp\libc.a(lib_a-freer.o)
                              c:/tools/gcc-arm-none-eabi-10.3-2021.10/bin/../lib/gcc/arm-none-eabi/10.3.1/../../../../arm-none-eabi/lib/thumb/v6-m/nofp\libc.a(lib_a-malloc.o) (_free_r)
c:/tools/gcc-arm-none-eabi-10.3-2021.10/bin/../lib/gcc/arm-none-eabi/10.3.1/../../../../arm-none-eabi/lib/thumb/v6-m/nofp\libc.a(lib_a-lock.o)
                              c:/tools/gcc-arm-none-eabi-10.3-2021.10/bin/../lib/gcc/arm-none-eabi/10.3.1/../../../../arm-none-eabi/lib/thumb/v6-m/nofp\libc.a(lib_a-mlock.o) (__retarget_lock_acquire_recursive)
c:/tools/gcc-arm-none-eabi-10.3-2021.10/bin/../lib/gcc/arm-none-eabi/10.3.1/../../../../arm-none-eabi/lib/thumb/v6-m/nofp\libc.a(lib_a-memmove.o)
[...]
Memory Configuration

Name             Origin             Length             Attributes
FLASH            0x10000000         0x00200000         xr
RAM              0x20000000         0x00040000         xrw
SCRATCH_X        0x20040000         0x00001000         xrw
SCRATCH_Y        0x20041000         0x00001000         xrw
*default*        0x00000000         0xffffffff

Linker script and memory map

LOAD c:/tools/gcc-arm-none-eabi-10.3-2021.10/bin/../lib/gcc/arm-none-eabi/10.3.1/thumb/v6-m/nofp/crti.o
LOAD c:/tools/gcc-arm-none-eabi-10.3-2021.10/bin/../lib/gcc/arm-none-eabi/10.3.1/thumb/v6-m/nofp/crtbegin.o
LOAD c:/tools/gcc-arm-none-eabi-10.3-2021.10/bin/../lib/gcc/arm-none-eabi/10.3.1/../../../../arm-none-eabi/lib/thumb/v6-m/nofp/crt0.o

.flash_begin    0x10000000        0x0
                0x10000000                __flash_binary_start = .

.boot2          0x10000000      0x100
                0x10000000                __boot2_start__ = .
 *(.boot2)
 .boot2         0x10000000      0x100 C:\Users\Choi\AppData\Local\Temp\ccSR4rWY.o
                0x10000100                __boot2_end__ = .
                0x00000001                ASSERT (((__boot2_end__ - __boot2_start__) == 0x100), ERROR: Pico second stage bootloader must be 256 bytes in size)

.text           0x10000100     0xcd78
                0x10000100                __logical_binary_start = .
 *(.vectors)
 .vectors       0x10000100       0xd4 CMakeFiles/lcd_i2cpwm_demo.dir/C_/pico/pico-sdk/src/rp2_common/pico_standard_link/crt0.S.obj
                0x10000100                __vectors
                0x10000100                __VECTOR_TABLE
                0x100001c0                isr_invalid
                0x100001c0                __default_isrs_start
                0x100001c2                NMI_Handler
                0x100001c4                HardFault_Handler
                0x100001c6                SVC_Handler
                0x100001c8                PendSV_Handler
                0x100001ca                SysTick_Handler
                0x100001cc                IO_IRQ_BANK0_Handler
                0x100001cc                PIO0_IRQ_0_Handler
                0x100001cc                USBCTRL_IRQ_Handler
                0x100001cc                SPI1_IRQ_Handler
                0x100001cc                isr_irq27
                0x100001cc                isr_irq31
                0x100001cc                PIO1_IRQ_1_Handler
                0x100001cc                DMA_IRQ_1_Handler
                0x100001cc                __unhandled_user_irq
                0x100001cc                SPI0_IRQ_Handler
                0x100001cc                isr_irq28
                0x100001cc                UART0_IRQ_Handler
                0x100001cc                __default_isrs_end
                0x100001cc                PIO0_IRQ_1_Handler
                0x100001cc                I2C0_IRQ_Handler
                0x100001cc                SIO_IRQ_PROC1_Handler
                0x100001cc                TIMER_IRQ_0_Handler
                0x100001cc                isr_irq30
                0x100001cc                UART1_IRQ_Handler
                0x100001cc                TIMER_IRQ_3_Handler
                0x100001cc                DMA_IRQ_0_Handler
                0x100001cc                RTC_IRQ_Handler
                0x100001cc                TIMER_IRQ_2_Handler
                0x100001cc                CLOCKS_IRQ_Handler
                0x100001cc                PIO1_IRQ_0_Handler
                0x100001cc                I2C1_IRQ_Handler
                0x100001cc                ADC_IRQ_FIFO_Handler
                0x100001cc                IO_IRQ_QSPI_Handler
                0x100001cc                SIO_IRQ_PROC0_Handler
                0x100001cc                TIMER_IRQ_1_Handler
                0x100001cc                XIP_IRQ_Handler
                0x100001cc                isr_irq29
                0x100001cc                isr_irq26
                0x100001cc                PWM_IRQ_WRAP_Handler
                0x100001d2                unhandled_user_irq_num_in_r0
 *(.binary_info_header)
 .binary_info_header
                0x100001d4       0x14 CMakeFiles/lcd_i2cpwm_demo.dir/C_/pico/pico-sdk/src/rp2_common/pico_standard_link/crt0.S.obj
                0x100001e8                __binary_info_header_end = .
 *(.reset)
 .reset         0x100001e8       0xa8 CMakeFiles/lcd_i2cpwm_demo.dir/C_/pico/pico-sdk/src/rp2_common/pico_standard_link/crt0.S.obj
                0x100001e8                _entry_point
                0x10000266                __get_current_exception
 .reset         0x10000290       0x30 CMakeFiles/lcd_i2cpwm_demo.dir/C_/pico/pico-sdk/src/rp2_common/pico_standard_link/binary_info.c.obj
 *(.init)
 .init          0x100002c0        0x4 c:/tools/gcc-arm-none-eabi-10.3-2021.10/bin/../lib/gcc/arm-none-eabi/10.3.1/thumb/v6-m/nofp/crti.o
                0x100002c0                _init
 *(EXCLUDE_FILE(*libm.a: *libc.a:*lib_a-mem*.o *libgcc.a:) .text*)
 .text          0x100002c4       0x48 c:/tools/gcc-arm-none-eabi-10.3-2021.10/bin/../lib/gcc/arm-none-eabi/10.3.1/thumb/v6-m/nofp/crtbegin.o
 .text.startup.main
                0x1000030c        0x8 CMakeFiles/lcd_i2cpwm_demo.dir/main.c.obj
                0x1000030c                main
 .text.lcd_test
                0x10000314       0x3c CMakeFiles/lcd_i2cpwm_demo.dir/view/lcd_test.c.obj
                0x10000314                lcd_test
 .text.DEV_Digital_Write
                0x10000350       0x14 CMakeFiles/lcd_i2cpwm_demo.dir/lib/config/DEV_Config.c.obj
                0x10000350                DEV_Digital_Write
 .text.DEV_Digital_Read
                0x10000364       0x10 CMakeFiles/lcd_i2cpwm_demo.dir/lib/config/DEV_Config.c.obj
                0x10000364                DEV_Digital_Read
 .text.DEV_PWM_Init
                0x10000374      0x19c CMakeFiles/lcd_i2cpwm_demo.dir/lib/config/DEV_Config.c.obj
                0x10000374                DEV_PWM_Init
 .text.PWMON    0x10000510       0x7c CMakeFiles/lcd_i2cpwm_demo.dir/lib/config/DEV_Config.c.obj
                0x10000510                PWMON
 .text.PWMOFF   0x1000058c       0x5c CMakeFiles/lcd_i2cpwm_demo.dir/lib/config/DEV_Config.c.obj
                0x1000058c                PWMOFF
 .text.System_Init
                0x100005e8       0xd8 CMakeFiles/lcd_i2cpwm_demo.dir/lib/config/DEV_Config.c.obj
                0x100005e8                System_Init
 .text.SPI4W_Write_Byte
                0x100006c0       0x24 CMakeFiles/lcd_i2cpwm_demo.dir/lib/config/DEV_Config.c.obj
                0x100006c0                SPI4W_Write_Byte
 .text.SPI4W_Read_Byte
                0x100006e4       0x20 CMakeFiles/lcd_i2cpwm_demo.dir/lib/config/DEV_Config.c.obj
                0x100006e4                SPI4W_Read_Byte
 .text.Driver_Delay_ms
                0x10000704        0x8 CMakeFiles/lcd_i2cpwm_demo.dir/lib/config/DEV_Config.c.obj
                0x10000704                Driver_Delay_ms
 .text.Driver_Delay_us
                0x1000070c        0x4 CMakeFiles/lcd_i2cpwm_demo.dir/lib/config/DEV_Config.c.obj
                0x1000070c                Driver_Delay_us
 .text.disk_initialize
                0x10000710       0x28 CMakeFiles/lcd_i2cpwm_demo.dir/lib/fatfs/diskio.c.obj
                0x10000710                disk_initialize
 .text.disk_status
                0x10000738        0x4 CMakeFiles/lcd_i2cpwm_demo.dir/lib/fatfs/diskio.c.obj
                0x10000738                disk_status
 .text.disk_read
                0x1000073c       0x34 CMakeFiles/lcd_i2cpwm_demo.dir/lib/fatfs/diskio.c.obj
                0x1000073c                disk_read
 .text.disk_write
                0x10000770       0x28 CMakeFiles/lcd_i2cpwm_demo.dir/lib/fatfs/diskio.c.obj
                0x10000770                disk_write
 .text.disk_ioctl
                0x10000798       0x54 CMakeFiles/lcd_i2cpwm_demo.dir/lib/fatfs/diskio.c.obj
                0x10000798                disk_ioctl
 .text.get_fattime
                0x100007ec        0x4 CMakeFiles/lcd_i2cpwm_demo.dir/lib/fatfs/diskio.c.obj
                0x100007ec                get_fattime
 .text.Storage_OpenReadFile
                0x100007f0      0x1a0 CMakeFiles/lcd_i2cpwm_demo.dir/lib/fatfs/fatfs_storage.c.obj
                0x100007f0                Storage_OpenReadFile
 .text.check_fs
                0x10000990       0x80 CMakeFiles/lcd_i2cpwm_demo.dir/lib/fatfs/ff.c.obj
 .text.move_window
                0x10000a10       0x80 CMakeFiles/lcd_i2cpwm_demo.dir/lib/fatfs/ff.c.obj
 .text.find_volume
                0x10000a90      0x3ac CMakeFiles/lcd_i2cpwm_demo.dir/lib/fatfs/ff.c.obj
 .text.get_fat.part.0
                0x10000e3c       0xd8 CMakeFiles/lcd_i2cpwm_demo.dir/lib/fatfs/ff.c.obj
 .text.f_read.part.0
                0x10000f14      0x250 CMakeFiles/lcd_i2cpwm_demo.dir/lib/fatfs/ff.c.obj
 .text.put_fat.part.0
                0x10001164      0x12c CMakeFiles/lcd_i2cpwm_demo.dir/lib/fatfs/ff.c.obj
 .text.sync_fs  0x10001290       0xc4 CMakeFiles/lcd_i2cpwm_demo.dir/lib/fatfs/ff.c.obj
 .text.create_chain
                0x10001354      0x1c4 CMakeFiles/lcd_i2cpwm_demo.dir/lib/fatfs/ff.c.obj
 .text.dir_sdi  0x10001518      0x1a4 CMakeFiles/lcd_i2cpwm_demo.dir/lib/fatfs/ff.c.obj
 .text.follow_path
                0x100016bc      0x37c CMakeFiles/lcd_i2cpwm_demo.dir/lib/fatfs/ff.c.obj
 .text.remove_chain.part.0
                0x10001a38      0x154 CMakeFiles/lcd_i2cpwm_demo.dir/lib/fatfs/ff.c.obj
 .text.dir_register
                0x10001b8c      0x308 CMakeFiles/lcd_i2cpwm_demo.dir/lib/fatfs/ff.c.obj
 .text.f_mount  0x10001e94       0x5c CMakeFiles/lcd_i2cpwm_demo.dir/lib/fatfs/ff.c.obj
                0x10001e94                f_mount
 .text.f_open   0x10001ef0      0x194 CMakeFiles/lcd_i2cpwm_demo.dir/lib/fatfs/ff.c.obj
                0x10001ef0                f_open
 .text.f_read   0x10002084       0x5c CMakeFiles/lcd_i2cpwm_demo.dir/lib/fatfs/ff.c.obj
                0x10002084                f_read
 .text.f_close  0x100020e0       0xd8 CMakeFiles/lcd_i2cpwm_demo.dir/lib/fatfs/ff.c.obj
                0x100020e0                f_close
 .text.SD_Init  0x100021b8       0x6c CMakeFiles/lcd_i2cpwm_demo.dir/lib/lcd/LCD_Bmp.c.obj
                0x100021b8                SD_Init
 .text.LCD_SetGramScanWay
                0x10002224       0xa4 CMakeFiles/lcd_i2cpwm_demo.dir/lib/lcd/LCD_Driver.c.obj
                0x10002224                LCD_SetGramScanWay
 .text.LCD_Init
                0x100022c8     0x17b8 CMakeFiles/lcd_i2cpwm_demo.dir/lib/lcd/LCD_Driver.c.obj
                0x100022c8                LCD_Init
 .text.LCD_SetWindow
                0x10003a80      0x260 CMakeFiles/lcd_i2cpwm_demo.dir/lib/lcd/LCD_Driver.c.obj
                0x10003a80                LCD_SetWindow
 .text.LCD_SetCursor
                0x10003ce0      0x244 CMakeFiles/lcd_i2cpwm_demo.dir/lib/lcd/LCD_Driver.c.obj
                0x10003ce0                LCD_SetCursor
 .text.LCD_SetPointlColor
                0x10003f24       0x48 CMakeFiles/lcd_i2cpwm_demo.dir/lib/lcd/LCD_Driver.c.obj
                0x10003f24                LCD_SetPointlColor
 .text.LCD_SetArealColor
                0x10003f6c       0x64 CMakeFiles/lcd_i2cpwm_demo.dir/lib/lcd/LCD_Driver.c.obj
                0x10003f6c                LCD_SetArealColor
 .text.LCD_Clear
                0x10003fd0       0x58 CMakeFiles/lcd_i2cpwm_demo.dir/lib/lcd/LCD_Driver.c.obj
                0x10003fd0                LCD_Clear
 .text.GUI_DisChar.part.0
                0x10004028      0x120 CMakeFiles/lcd_i2cpwm_demo.dir/lib/lcd/LCD_GUI.c.obj
 .text.GUI_DrawLine.part.0
                0x10004148      0x1b4 CMakeFiles/lcd_i2cpwm_demo.dir/lib/lcd/LCD_GUI.c.obj
 .text.GUI_DrawRectangle.part.0
                0x100042fc       0xd8 CMakeFiles/lcd_i2cpwm_demo.dir/lib/lcd/LCD_GUI.c.obj
 .text.GUI_DrawLine
                0x100043d4       0x3c CMakeFiles/lcd_i2cpwm_demo.dir/lib/lcd/LCD_GUI.c.obj
                0x100043d4                GUI_DrawLine
 .text.GUI_DrawRectangle
                0x10004410       0x48 CMakeFiles/lcd_i2cpwm_demo.dir/lib/lcd/LCD_GUI.c.obj
                0x10004410                GUI_DrawRectangle
 .text.GUI_DisString_EN
                0x10004458       0xa4 CMakeFiles/lcd_i2cpwm_demo.dir/lib/lcd/LCD_GUI.c.obj
                0x10004458                GUI_DisString_EN
 .text.TP_Read_ADC_Average
                0x100044fc      0x108 CMakeFiles/lcd_i2cpwm_demo.dir/lib/lcd/LCD_Touch.c.obj
 .text.TP_Read_TwiceADC.constprop.0
                0x10004604       0x84 CMakeFiles/lcd_i2cpwm_demo.dir/lib/lcd/LCD_Touch.c.obj
 .text.TP_GetAdFac
                0x10004688       0xec CMakeFiles/lcd_i2cpwm_demo.dir/lib/lcd/LCD_Touch.c.obj
                0x10004688                TP_GetAdFac
 .text.TP_gesmain
                0x10004774       0x78 CMakeFiles/lcd_i2cpwm_demo.dir/lib/lcd/LCD_Touch.c.obj
                0x10004774                TP_gesmain
 .text.TP_gessensor
                0x100047ec      0x140 CMakeFiles/lcd_i2cpwm_demo.dir/lib/lcd/LCD_Touch.c.obj
                0x100047ec                TP_gessensor
 .text.TP_gessensor_pwm
                0x1000492c      0x144 CMakeFiles/lcd_i2cpwm_demo.dir/lib/lcd/LCD_Touch.c.obj
                0x1000492c                TP_gessensor_pwm
 .text.TP_gessetting
                0x10004a70      0x200 CMakeFiles/lcd_i2cpwm_demo.dir/lib/lcd/LCD_Touch.c.obj
                0x10004a70                TP_gessetting
 .text.TP_gesmpresultstart
                0x10004c70       0x74 CMakeFiles/lcd_i2cpwm_demo.dir/lib/lcd/LCD_Touch.c.obj
                0x10004c70                TP_gesmpresultstart
 .text.TP_DrawBoard
                0x10004ce4      0x3d8 CMakeFiles/lcd_i2cpwm_demo.dir/lib/lcd/LCD_Touch.c.obj
                0x10004ce4                TP_DrawBoard
 .text.TP_Init  0x100050bc       0x28 CMakeFiles/lcd_i2cpwm_demo.dir/lib/lcd/LCD_Touch.c.obj
                0x100050bc                TP_Init
 .text.SD_SendCmd.constprop.0
                0x100050e4       0x90 CMakeFiles/lcd_i2cpwm_demo.dir/lib/sdcard/MMC_SD.c.obj
 .text.SD_SPI_ReadWriteByte
                0x10005174        0x8 CMakeFiles/lcd_i2cpwm_demo.dir/lib/sdcard/MMC_SD.c.obj
                0x10005174                SD_SPI_ReadWriteByte
 .text.SD_SPI_SpeedLow
                0x1000517c        0x4 CMakeFiles/lcd_i2cpwm_demo.dir/lib/sdcard/MMC_SD.c.obj
                0x1000517c                SD_SPI_SpeedLow
 .text.SD_SPI_SpeedHigh
                0x10005180        0x4 CMakeFiles/lcd_i2cpwm_demo.dir/lib/sdcard/MMC_SD.c.obj
                0x10005180                SD_SPI_SpeedHigh
 .text.SD_WaitReady
                0x10005184       0x24 CMakeFiles/lcd_i2cpwm_demo.dir/lib/sdcard/MMC_SD.c.obj
                0x10005184                SD_WaitReady
 .text.SD_SendCmd
                0x100051a8       0x98 CMakeFiles/lcd_i2cpwm_demo.dir/lib/sdcard/MMC_SD.c.obj
                0x100051a8                SD_SendCmd
 .text.SD_GetCSD
                0x10005240       0x70 CMakeFiles/lcd_i2cpwm_demo.dir/lib/sdcard/MMC_SD.c.obj
                0x10005240                SD_GetCSD
 .text.SD_GetSectorCount
                0x100052b0       0x70 CMakeFiles/lcd_i2cpwm_demo.dir/lib/sdcard/MMC_SD.c.obj
                0x100052b0                SD_GetSectorCount
 .text.SD_Initialize
                0x10005320      0x1bc CMakeFiles/lcd_i2cpwm_demo.dir/lib/sdcard/MMC_SD.c.obj
                0x10005320                SD_Initialize
 .text.SD_ReadDisk
                0x100054dc       0xe0 CMakeFiles/lcd_i2cpwm_demo.dir/lib/sdcard/MMC_SD.c.obj
                0x100054dc                SD_ReadDisk
 .text.SD_WriteDisk
                0x100055bc      0x154 CMakeFiles/lcd_i2cpwm_demo.dir/lib/sdcard/MMC_SD.c.obj
                0x100055bc                SD_WriteDisk
 .text.i2c_bus_scan
                0x10005710       0xac CMakeFiles/lcd_i2cpwm_demo.dir/lib/pca9685/pca9685.c.obj
                0x10005710                i2c_bus_scan
 .text.pca_i2c_init
                0x100057bc       0x44 CMakeFiles/lcd_i2cpwm_demo.dir/lib/pca9685/pca9685.c.obj
                0x100057bc                pca_i2c_init
 .text.setPWM   0x10005800       0x94 CMakeFiles/lcd_i2cpwm_demo.dir/lib/pca9685/pca9685.c.obj
                0x10005800                setPWM
 .text.getPCAmode
                0x10005894       0x38 CMakeFiles/lcd_i2cpwm_demo.dir/lib/pca9685/pca9685.c.obj
                0x10005894                getPCAmode
 .text.startup.SystemInit
                0x100058cc       0x14 CMakeFiles/lcd_i2cpwm_demo.dir/C_/pico/pico-sdk/src/rp2_common/cmsis/stub/CMSIS/Device/RaspberryPi/RP2040/Source/system_RP2040.c.obj
                0x100058cc                SystemInit
 .text.clock_configure
                0x100058e0      0x114 CMakeFiles/lcd_i2cpwm_demo.dir/C_/pico/pico-sdk/src/rp2_common/hardware_clocks/clocks.c.obj
                0x100058e0                clock_configure
 .text.clocks_init
                0x100059f4      0x2bc CMakeFiles/lcd_i2cpwm_demo.dir/C_/pico/pico-sdk/src/rp2_common/hardware_clocks/clocks.c.obj
                0x100059f4                clocks_init
 .text.clock_get_hz
                0x10005cb0        0xc CMakeFiles/lcd_i2cpwm_demo.dir/C_/pico/pico-sdk/src/rp2_common/hardware_clocks/clocks.c.obj
                0x10005cb0                clock_get_hz
 .text.hw_claim_or_assert
                0x10005cbc       0x44 CMakeFiles/lcd_i2cpwm_demo.dir/C_/pico/pico-sdk/src/rp2_common/hardware_claim/claim.c.obj
                0x10005cbc                hw_claim_or_assert
 .text.hw_claim_unused_from_range
                0x10005d00       0x9c CMakeFiles/lcd_i2cpwm_demo.dir/C_/pico/pico-sdk/src/rp2_common/hardware_claim/claim.c.obj
                0x10005d00                hw_claim_unused_from_range
 .text.running_on_fpga
                0x10005d9c       0x10 CMakeFiles/lcd_i2cpwm_demo.dir/C_/pico/pico-sdk/src/rp2_common/pico_platform/platform.c.obj
                0x10005d9c                running_on_fpga
 .text.spin_locks_reset
                0x10005dac       0x1c CMakeFiles/lcd_i2cpwm_demo.dir/C_/pico/pico-sdk/src/rp2_common/hardware_sync/sync.c.obj
                0x10005dac                spin_locks_reset
 .text.next_striped_spin_lock_num
                0x10005dc8       0x18 CMakeFiles/lcd_i2cpwm_demo.dir/C_/pico/pico-sdk/src/rp2_common/hardware_sync/sync.c.obj
                0x10005dc8                next_striped_spin_lock_num
 .text.spin_lock_claim_unused
                0x10005de0       0x20 CMakeFiles/lcd_i2cpwm_demo.dir/C_/pico/pico-sdk/src/rp2_common/hardware_sync/sync.c.obj
                0x10005de0                spin_lock_claim_unused
 .text.gpio_set_function
                0x10005e00       0x30 CMakeFiles/lcd_i2cpwm_demo.dir/C_/pico/pico-sdk/src/rp2_common/hardware_gpio/gpio.c.obj
                0x10005e00                gpio_set_function
 .text.gpio_set_pulls
                0x10005e30       0x30 CMakeFiles/lcd_i2cpwm_demo.dir/C_/pico/pico-sdk/src/rp2_common/hardware_gpio/gpio.c.obj
                0x10005e30                gpio_set_pulls
 .text.gpio_init
                0x10005e60       0x3c CMakeFiles/lcd_i2cpwm_demo.dir/C_/pico/pico-sdk/src/rp2_common/hardware_gpio/gpio.c.obj
                0x10005e60                gpio_init
 .text.irq_set_enabled
                0x10005e9c       0x24 CMakeFiles/lcd_i2cpwm_demo.dir/C_/pico/pico-sdk/src/rp2_common/hardware_irq/irq.c.obj
                0x10005e9c                irq_set_enabled
 .text.irq_set_pending
                0x10005ec0       0x10 CMakeFiles/lcd_i2cpwm_demo.dir/C_/pico/pico-sdk/src/rp2_common/hardware_irq/irq.c.obj
                0x10005ec0                irq_set_pending
 .text.irq_has_shared_handler
                0x10005ed0       0x2c CMakeFiles/lcd_i2cpwm_demo.dir/C_/pico/pico-sdk/src/rp2_common/hardware_irq/irq.c.obj
                0x10005ed0                irq_has_shared_handler
 .text.irq_get_vtable_handler
                0x10005efc       0x10 CMakeFiles/lcd_i2cpwm_demo.dir/C_/pico/pico-sdk/src/rp2_common/hardware_irq/irq.c.obj
                0x10005efc                irq_get_vtable_handler
 .text.irq_set_exclusive_handler
                0x10005f0c       0x54 CMakeFiles/lcd_i2cpwm_demo.dir/C_/pico/pico-sdk/src/rp2_common/hardware_irq/irq.c.obj
                0x10005f0c                irq_set_exclusive_handler
 .text.irq_add_shared_handler
                0x10005f60      0x1e4 CMakeFiles/lcd_i2cpwm_demo.dir/C_/pico/pico-sdk/src/rp2_common/hardware_irq/irq.c.obj
                0x10005f60                irq_add_shared_handler
 .text.irq_remove_handler
                0x10006144      0x1b4 CMakeFiles/lcd_i2cpwm_demo.dir/C_/pico/pico-sdk/src/rp2_common/hardware_irq/irq.c.obj
                0x10006144                irq_remove_handler
 .text.irq_add_tail_to_free_list
                0x100062f8       0xb4 CMakeFiles/lcd_i2cpwm_demo.dir/C_/pico/pico-sdk/src/rp2_common/hardware_irq/irq.c.obj
                0x100062f8                irq_add_tail_to_free_list
 .text.irq_init_priorities
                0x100063ac       0x24 CMakeFiles/lcd_i2cpwm_demo.dir/C_/pico/pico-sdk/src/rp2_common/hardware_irq/irq.c.obj
                0x100063ac                irq_init_priorities
 .text.user_irq_claim_unused
                0x100063d0       0x30 CMakeFiles/lcd_i2cpwm_demo.dir/C_/pico/pico-sdk/src/rp2_common/hardware_irq/irq.c.obj
                0x100063d0                user_irq_claim_unused
 .text.lock_init
                0x10006400       0x10 CMakeFiles/lcd_i2cpwm_demo.dir/C_/pico/pico-sdk/src/common/pico_sync/lock_core.c.obj
                0x10006400                lock_init
 .text.timer_pool_entry_comparator
                0x10006410       0x34 CMakeFiles/lcd_i2cpwm_demo.dir/C_/pico/pico-sdk/src/common/pico_time/time.c.obj
                0x10006410                timer_pool_entry_comparator
 .text.sleep_until_callback
                0x10006444       0x30 CMakeFiles/lcd_i2cpwm_demo.dir/C_/pico/pico-sdk/src/common/pico_time/time.c.obj
 .text.add_alarm_under_lock.isra.0
                0x10006474      0x100 CMakeFiles/lcd_i2cpwm_demo.dir/C_/pico/pico-sdk/src/common/pico_time/time.c.obj
 .text.alarm_pool_alarm_callback
                0x10006574      0x1c8 CMakeFiles/lcd_i2cpwm_demo.dir/C_/pico/pico-sdk/src/common/pico_time/time.c.obj
 .text.alarm_pool_add_alarm_at.constprop.0
                0x1000673c      0x11c CMakeFiles/lcd_i2cpwm_demo.dir/C_/pico/pico-sdk/src/common/pico_time/time.c.obj
 .text.alarm_pool_init_default
                0x10006858       0x64 CMakeFiles/lcd_i2cpwm_demo.dir/C_/pico/pico-sdk/src/common/pico_time/time.c.obj
                0x10006858                alarm_pool_init_default
 .text.alarm_pool_get_default
                0x100068bc        0x8 CMakeFiles/lcd_i2cpwm_demo.dir/C_/pico/pico-sdk/src/common/pico_time/time.c.obj
                0x100068bc                alarm_pool_get_default
 .text.alarm_pool_add_alarm_at
                0x100068c4      0x194 CMakeFiles/lcd_i2cpwm_demo.dir/C_/pico/pico-sdk/src/common/pico_time/time.c.obj
                0x100068c4                alarm_pool_add_alarm_at
 .text.sleep_until
                0x10006a58       0xac CMakeFiles/lcd_i2cpwm_demo.dir/C_/pico/pico-sdk/src/common/pico_time/time.c.obj
                0x10006a58                sleep_until
 .text.sleep_ms
                0x10006b04       0x38 CMakeFiles/lcd_i2cpwm_demo.dir/C_/pico/pico-sdk/src/common/pico_time/time.c.obj
                0x10006b04                sleep_ms
 .text.best_effort_wfe_or_timeout
                0x10006b3c       0xd4 CMakeFiles/lcd_i2cpwm_demo.dir/C_/pico/pico-sdk/src/common/pico_time/time.c.obj
                0x10006b3c                best_effort_wfe_or_timeout
 .text.hardware_alarm_irq_handler
                0x10006c10       0xb8 CMakeFiles/lcd_i2cpwm_demo.dir/C_/pico/pico-sdk/src/rp2_common/hardware_timer/timer.c.obj
 .text.hardware_alarm_claim
                0x10006cc8       0x18 CMakeFiles/lcd_i2cpwm_demo.dir/C_/pico/pico-sdk/src/rp2_common/hardware_timer/timer.c.obj
                0x10006cc8                hardware_alarm_claim
 .text.time_us_64
                0x10006ce0       0x14 CMakeFiles/lcd_i2cpwm_demo.dir/C_/pico/pico-sdk/src/rp2_common/hardware_timer/timer.c.obj
                0x10006ce0                time_us_64
 .text.busy_wait_until
                0x10006cf4       0x20 CMakeFiles/lcd_i2cpwm_demo.dir/C_/pico/pico-sdk/src/rp2_common/hardware_timer/timer.c.obj
                0x10006cf4                busy_wait_until
 .text.hardware_alarm_set_callback
                0x10006d14       0x8c CMakeFiles/lcd_i2cpwm_demo.dir/C_/pico/pico-sdk/src/rp2_common/hardware_timer/timer.c.obj
                0x10006d14                hardware_alarm_set_callback
 .text.hardware_alarm_set_target
                0x10006da0       0xe0 CMakeFiles/lcd_i2cpwm_demo.dir/C_/pico/pico-sdk/src/rp2_common/hardware_timer/timer.c.obj
                0x10006da0                hardware_alarm_set_target
 .text.hardware_alarm_cancel
                0x10006e80       0x3c CMakeFiles/lcd_i2cpwm_demo.dir/C_/pico/pico-sdk/src/rp2_common/hardware_timer/timer.c.obj
                0x10006e80                hardware_alarm_cancel
 .text.ph_merge_nodes
                0x10006ebc       0x68 CMakeFiles/lcd_i2cpwm_demo.dir/C_/pico/pico-sdk/src/common/pico_util/pheap.c.obj
 .text.ph_post_alloc_init
                0x10006f24       0x3c CMakeFiles/lcd_i2cpwm_demo.dir/C_/pico/pico-sdk/src/common/pico_util/pheap.c.obj
                0x10006f24                ph_post_alloc_init
 .text.ph_merge_two_pass
                0x10006f60       0x90 CMakeFiles/lcd_i2cpwm_demo.dir/C_/pico/pico-sdk/src/common/pico_util/pheap.c.obj
                0x10006f60                ph_merge_two_pass
 .text.ph_remove_any_head
                0x10006ff0       0xf8 CMakeFiles/lcd_i2cpwm_demo.dir/C_/pico/pico-sdk/src/common/pico_util/pheap.c.obj
 .text.ph_remove_head
                0x100070e8       0xfc CMakeFiles/lcd_i2cpwm_demo.dir/C_/pico/pico-sdk/src/common/pico_util/pheap.c.obj
                0x100070e8                ph_remove_head
 .text.ph_remove_and_free_node
                0x100071e4       0x7c CMakeFiles/lcd_i2cpwm_demo.dir/C_/pico/pico-sdk/src/common/pico_util/pheap.c.obj
                0x100071e4                ph_remove_and_free_node
 .text.mutex_init
                0x10007260       0x1c CMakeFiles/lcd_i2cpwm_demo.dir/C_/pico/pico-sdk/src/common/pico_sync/mutex.c.obj
                0x10007260                mutex_init
 .text.recursive_mutex_init
                0x1000727c       0x1c CMakeFiles/lcd_i2cpwm_demo.dir/C_/pico/pico-sdk/src/common/pico_sync/mutex.c.obj
                0x1000727c                recursive_mutex_init
 .text.critical_section_init
                0x10007298       0x20 CMakeFiles/lcd_i2cpwm_demo.dir/C_/pico/pico-sdk/src/common/pico_sync/critical_section.c.obj
                0x10007298                critical_section_init
 .text.pll_init
                0x100072b8       0xb0 CMakeFiles/lcd_i2cpwm_demo.dir/C_/pico/pico-sdk/src/rp2_common/hardware_pll/pll.c.obj
                0x100072b8                pll_init
 .text.watchdog_start_tick
                0x10007368       0x10 CMakeFiles/lcd_i2cpwm_demo.dir/C_/pico/pico-sdk/src/rp2_common/hardware_watchdog/watchdog.c.obj
                0x10007368                watchdog_start_tick
 .text.watchdog_reboot
                0x10007378       0x98 CMakeFiles/lcd_i2cpwm_demo.dir/C_/pico/pico-sdk/src/rp2_common/hardware_watchdog/watchdog.c.obj
                0x10007378                watchdog_reboot
 .text.xosc_init
                0x10007410       0x28 CMakeFiles/lcd_i2cpwm_demo.dir/C_/pico/pico-sdk/src/rp2_common/hardware_xosc/xosc.c.obj
                0x10007410                xosc_init
 .text.set_sys_clock_pll
                0x10007438       0x78 CMakeFiles/lcd_i2cpwm_demo.dir/C_/pico/pico-sdk/src/rp2_common/pico_stdlib/stdlib.c.obj
                0x10007438                set_sys_clock_pll
 .text.check_sys_clock_khz
                0x100074b0      0x178 CMakeFiles/lcd_i2cpwm_demo.dir/C_/pico/pico-sdk/src/rp2_common/pico_stdlib/stdlib.c.obj
                0x100074b0                check_sys_clock_khz
 .text.runtime_init
                0x10007628       0xf0 CMakeFiles/lcd_i2cpwm_demo.dir/C_/pico/pico-sdk/src/rp2_common/pico_runtime/runtime.c.obj
                0x10007628                runtime_init
 .text.exit     0x10007718        0x4 CMakeFiles/lcd_i2cpwm_demo.dir/C_/pico/pico-sdk/src/rp2_common/pico_runtime/runtime.c.obj
                0x10007718                exit
 .text.panic    0x1000771c       0x30 CMakeFiles/lcd_i2cpwm_demo.dir/C_/pico/pico-sdk/src/rp2_common/pico_runtime/runtime.c.obj
                0x1000771c                panic
 .text.hard_assertion_failure
                0x1000774c        0xc CMakeFiles/lcd_i2cpwm_demo.dir/C_/pico/pico-sdk/src/rp2_common/pico_runtime/runtime.c.obj
                0x1000774c                hard_assertion_failure
 .text._out_null
                0x10007758        0x4 CMakeFiles/lcd_i2cpwm_demo.dir/C_/pico/pico-sdk/src/rp2_common/pico_printf/printf.c.obj
 .text._out_rev
                0x1000775c       0x9c CMakeFiles/lcd_i2cpwm_demo.dir/C_/pico/pico-sdk/src/rp2_common/pico_printf/printf.c.obj
 .text._ntoa_format
                0x100077f8      0x1cc CMakeFiles/lcd_i2cpwm_demo.dir/C_/pico/pico-sdk/src/rp2_common/pico_printf/printf.c.obj
 .text._out_char
                0x100079c4       0x10 CMakeFiles/lcd_i2cpwm_demo.dir/C_/pico/pico-sdk/src/rp2_common/pico_printf/printf.c.obj
 .text._out_fct
                0x100079d4       0x10 CMakeFiles/lcd_i2cpwm_demo.dir/C_/pico/pico-sdk/src/rp2_common/pico_printf/printf.c.obj
 .text._etoa    0x100079e4      0x44c CMakeFiles/lcd_i2cpwm_demo.dir/C_/pico/pico-sdk/src/rp2_common/pico_printf/printf.c.obj
 .text._ftoa    0x10007e30      0x398 CMakeFiles/lcd_i2cpwm_demo.dir/C_/pico/pico-sdk/src/rp2_common/pico_printf/printf.c.obj
 .text._vsnprintf
                0x100081c8      0xb04 CMakeFiles/lcd_i2cpwm_demo.dir/C_/pico/pico-sdk/src/rp2_common/pico_printf/printf.c.obj
 .text.vfctprintf
                0x10008ccc       0x20 CMakeFiles/lcd_i2cpwm_demo.dir/C_/pico/pico-sdk/src/rp2_common/pico_printf/printf.c.obj
                0x10008ccc                vfctprintf
 .text.weak_raw_vprintf
                0x10008cec       0x30 CMakeFiles/lcd_i2cpwm_demo.dir/C_/pico/pico-sdk/src/rp2_common/pico_printf/printf.c.obj
                0x10008cec                weak_raw_vprintf
 .text          0x10008d1c       0x10 CMakeFiles/lcd_i2cpwm_demo.dir/C_/pico/pico-sdk/src/rp2_common/pico_bit_ops/bit_ops_aeabi.S.obj
 .text.rom_func_lookup
                0x10008d2c       0x10 CMakeFiles/lcd_i2cpwm_demo.dir/C_/pico/pico-sdk/src/rp2_common/pico_bootrom/bootrom.c.obj
                0x10008d2c                rom_func_lookup
 .text.rom_data_lookup
                0x10008d3c       0x10 CMakeFiles/lcd_i2cpwm_demo.dir/C_/pico/pico-sdk/src/rp2_common/pico_bootrom/bootrom.c.obj
                0x10008d3c                rom_data_lookup
 .text.rom_funcs_lookup
                0x10008d4c       0x44 CMakeFiles/lcd_i2cpwm_demo.dir/C_/pico/pico-sdk/src/rp2_common/pico_bootrom/bootrom.c.obj
                0x10008d4c                rom_funcs_lookup
 .text.__wrap___aeabi_idiv
                0x10008d90       0x50 CMakeFiles/lcd_i2cpwm_demo.dir/C_/pico/pico-sdk/src/rp2_common/pico_divider/divider.S.obj
                0x10008d90                __wrap___aeabi_idivmod
                0x10008d90                divmod_s32s32
                0x10008d90                div_s32s32
                0x10008d90                __wrap___aeabi_idiv
                0x10008d98                divmod_s32s32_unsafe
                0x10008dc4                divmod_s32s32_savestate
 .text.__wrap___aeabi_uidiv
                0x10008de0       0x4c CMakeFiles/lcd_i2cpwm_demo.dir/C_/pico/pico-sdk/src/rp2_common/pico_divider/divider.S.obj
                0x10008de0                __wrap___aeabi_uidiv
                0x10008de0                __wrap___aeabi_uidivmod
                0x10008de0                div_u32u32
                0x10008de0                divmod_u32u32
                0x10008de8                divmod_u32u32_unsafe
                0x10008e10                divmod_u32u32_savestate
 .text.__wrap___aeabi_ldiv
                0x10008e2c      0x434 CMakeFiles/lcd_i2cpwm_demo.dir/C_/pico/pico-sdk/src/rp2_common/pico_divider/divider.S.obj
                0x10008e2c                div_s64s64
                0x10008e2c                divmod_s64s64
                0x10008e2c                __wrap___aeabi_ldivmod
                0x10008e64                divmod_u64u64
                0x10008e64                div_u64u64
                0x10008e64                __wrap___aeabi_uldivmod
                0x10008e74                divmod_u64u64_savestate
                0x10008e9c                divmod_s64s64_unsafe
                0x10008f24                divmod_u64u64_unsafe
 .text.__wrap___aeabi_darithmetic
                0x10009260       0x80 CMakeFiles/lcd_i2cpwm_demo.dir/C_/pico/pico-sdk/src/rp2_common/pico_double/double_aeabi.S.obj
                0x10009260                __wrap___aeabi_drsub
                0x10009266                __wrap___aeabi_dsub
                0x10009278                __wrap___aeabi_dadd
                0x1000928a                __wrap___aeabi_ddiv
                0x100092c6                __wrap___aeabi_dmul
 .text.__wrap___aeabi_cdcmple
                0x100092e0       0x6c CMakeFiles/lcd_i2cpwm_demo.dir/C_/pico/pico-sdk/src/rp2_common/pico_double/double_aeabi.S.obj
                0x100092e0                __wrap___aeabi_cdrcmple
                0x100092f0                __wrap___aeabi_cdcmpeq
                0x100092f0                __wrap___aeabi_cdcmple
 .text.__wrap___aeabi_dcmplt
                0x1000934c        0xc CMakeFiles/lcd_i2cpwm_demo.dir/C_/pico/pico-sdk/src/rp2_common/pico_double/double_aeabi.S.obj
                0x1000934c                __wrap___aeabi_dcmplt
 .text.__wrap___aeabi_dcmple
                0x10009358       0x10 CMakeFiles/lcd_i2cpwm_demo.dir/C_/pico/pico-sdk/src/rp2_common/pico_double/double_aeabi.S.obj
                0x10009358                __wrap___aeabi_dcmple
 .text.__wrap___aeabi_dcmpge
                0x10009368       0x10 CMakeFiles/lcd_i2cpwm_demo.dir/C_/pico/pico-sdk/src/rp2_common/pico_double/double_aeabi.S.obj
                0x10009368                __wrap___aeabi_dcmpge
 .text.__wrap___aeabi_dcmpgt
                0x10009378        0xa CMakeFiles/lcd_i2cpwm_demo.dir/C_/pico/pico-sdk/src/rp2_common/pico_double/double_aeabi.S.obj
                0x10009378                __wrap___aeabi_dcmpgt
 .text.__wrap___aeabi_dcmpun
                0x10009382       0x1c CMakeFiles/lcd_i2cpwm_demo.dir/C_/pico/pico-sdk/src/rp2_common/pico_double/double_aeabi.S.obj
                0x10009382                __wrap___aeabi_dcmpun
 *fill*         0x1000939e        0x2 
 .text.__wrap___aeabi_i2d
                0x100093a0       0x38 CMakeFiles/lcd_i2cpwm_demo.dir/C_/pico/pico-sdk/src/rp2_common/pico_double/double_aeabi.S.obj
                0x100093a0                __wrap___aeabi_ui2d
                0x100093a8                __wrap___aeabi_i2d
 .text.__wrap___aeabi_d2iz
                0x100093d8       0x48 CMakeFiles/lcd_i2cpwm_demo.dir/C_/pico/pico-sdk/src/rp2_common/pico_double/double_aeabi.S.obj
                0x100093d8                double2int_z
                0x100093d8                __wrap___aeabi_d2iz
 .text.__wrap___aeabi_d2uiz
                0x10009420       0x18 CMakeFiles/lcd_i2cpwm_demo.dir/C_/pico/pico-sdk/src/rp2_common/pico_double/double_aeabi.S.obj
                0x10009420                __wrap___aeabi_d2uiz
                0x10009420                double2uint
 .text.__aeabi_double_init
                0x10009438       0x94 CMakeFiles/lcd_i2cpwm_demo.dir/C_/pico/pico-sdk/src/rp2_common/pico_double/double_init_rom.c.obj
                0x10009438                __aeabi_double_init
 .text.double_table_shim_on_use_helper
                0x100094cc       0x2c CMakeFiles/lcd_i2cpwm_demo.dir/C_/pico/pico-sdk/src/rp2_common/pico_double/double_v1_rom_shim.S.obj
                0x100094cc                double_table_shim_on_use_helper
 .text.__wrap___aeabi_dsub
                0x100094f8       0x10 CMakeFiles/lcd_i2cpwm_demo.dir/C_/pico/pico-sdk/src/rp2_common/pico_double/double_v1_rom_shim.S.obj
                0x100094f8                drsub_shim
                0x100094fe                dsub_shim
 .text.dadd_shim
                0x10009508      0x15c CMakeFiles/lcd_i2cpwm_demo.dir/C_/pico/pico-sdk/src/rp2_common/pico_double/double_v1_rom_shim.S.obj
                0x10009508                dadd_shim
 .text.dmul_shim
                0x10009664      0x15c CMakeFiles/lcd_i2cpwm_demo.dir/C_/pico/pico-sdk/src/rp2_common/pico_double/double_v1_rom_shim.S.obj
                0x10009664                dmul_shim
 .text.ddiv_shim
                0x100097c0      0x1b0 CMakeFiles/lcd_i2cpwm_demo.dir/C_/pico/pico-sdk/src/rp2_common/pico_double/double_v1_rom_shim.S.obj
                0x100097c0                ddiv_shim
 .text.double2uint_shim
                0x10009970        0xe CMakeFiles/lcd_i2cpwm_demo.dir/C_/pico/pico-sdk/src/rp2_common/pico_double/double_v1_rom_shim.S.obj
                0x10009970                double2uint_shim
                0x10009972                double2ufix_shim
 *fill*         0x1000997e        0x2 
 .text.double2uint64_shim
                0x10009980       0x70 CMakeFiles/lcd_i2cpwm_demo.dir/C_/pico/pico-sdk/src/rp2_common/pico_double/double_v1_rom_shim.S.obj
                0x10009980                double2uint64_shim
                0x10009982                double2ufix64_shim
                0x100099a2                d2fix_a
 .text.dunpacks
                0x100099f0       0x3c CMakeFiles/lcd_i2cpwm_demo.dir/C_/pico/pico-sdk/src/rp2_common/pico_double/double_v1_rom_shim.S.obj
                0x100099f0                dunpacks
 .text.__aeabi_lmul
                0x10009a2c       0x32 CMakeFiles/lcd_i2cpwm_demo.dir/C_/pico/pico-sdk/src/rp2_common/pico_int64_ops/pico_int64_ops_aeabi.S.obj
                0x10009a2c                __wrap___aeabi_lmul
 *fill*         0x10009a5e        0x2 
 .text.__wrap___aeabi_farithmetic
                0x10009a60       0x48 CMakeFiles/lcd_i2cpwm_demo.dir/C_/pico/pico-sdk/src/rp2_common/pico_float/float_aeabi.S.obj
                0x10009a60                __wrap___aeabi_frsub
                0x10009a66                __wrap___aeabi_fsub
                0x10009a6c                __wrap___aeabi_fadd
                0x10009a72                __wrap___aeabi_fdiv
                0x10009a9a                __wrap___aeabi_fmul
 .text.__wrap___aeabi_ui2f
                0x10009aa8        0xa CMakeFiles/lcd_i2cpwm_demo.dir/C_/pico/pico-sdk/src/rp2_common/pico_float/float_aeabi.S.obj
                0x10009aa8                __wrap___aeabi_ui2f
 *fill*         0x10009ab2        0x2 
 .text.__wrap___aeabi_i2f
                0x10009ab4       0x44 CMakeFiles/lcd_i2cpwm_demo.dir/C_/pico/pico-sdk/src/rp2_common/pico_float/float_aeabi.S.obj
                0x10009ab4                __wrap___aeabi_i2f
 .text.__wrap___aeabi_f2uiz
                0x10009af8        0xc CMakeFiles/lcd_i2cpwm_demo.dir/C_/pico/pico-sdk/src/rp2_common/pico_float/float_aeabi.S.obj
                0x10009af8                __wrap___aeabi_f2uiz
 .text.__aeabi_float_init
                0x10009b04       0x64 CMakeFiles/lcd_i2cpwm_demo.dir/C_/pico/pico-sdk/src/rp2_common/pico_float/float_init_rom.c.obj
                0x10009b04                __aeabi_float_init
 .text.float_table_shim_on_use_helper
                0x10009b68       0x2c CMakeFiles/lcd_i2cpwm_demo.dir/C_/pico/pico-sdk/src/rp2_common/pico_float/float_v1_rom_shim.S.obj
                0x10009b68                float_table_shim_on_use_helper
 .text          0x10009b94       0x10 CMakeFiles/lcd_i2cpwm_demo.dir/C_/pico/pico-sdk/src/rp2_common/pico_mem_ops/mem_ops_aeabi.S.obj
                0x10009b94                __aeabi_mem_init
 .text.memset   0x10009ba4        0xc CMakeFiles/lcd_i2cpwm_demo.dir/C_/pico/pico-sdk/src/rp2_common/pico_mem_ops/mem_ops_aeabi.S.obj
                0x10009ba4                __wrap_memset
 .text.memcpy   0x10009bb0        0xc CMakeFiles/lcd_i2cpwm_demo.dir/C_/pico/pico-sdk/src/rp2_common/pico_mem_ops/mem_ops_aeabi.S.obj
                0x10009bb0                __wrap_memcpy
                0x10009bb0                __wrap___aeabi_memcpy
 .text.stdio_out_chars_no_crlf
                0x10009bbc       0x10 CMakeFiles/lcd_i2cpwm_demo.dir/C_/pico/pico-sdk/src/rp2_common/pico_stdio/stdio.c.obj
 .text.stdio_out_chars_crlf
                0x10009bcc       0xb4 CMakeFiles/lcd_i2cpwm_demo.dir/C_/pico/pico-sdk/src/rp2_common/pico_stdio/stdio.c.obj
 .text.stdio_buffered_printer
                0x10009c80       0x64 CMakeFiles/lcd_i2cpwm_demo.dir/C_/pico/pico-sdk/src/rp2_common/pico_stdio/stdio.c.obj
 .text.stdio_put_string.isra.0
                0x10009ce4       0xfc CMakeFiles/lcd_i2cpwm_demo.dir/C_/pico/pico-sdk/src/rp2_common/pico_stdio/stdio.c.obj
 .text.__wrap_putchar
                0x10009de0       0xa0 CMakeFiles/lcd_i2cpwm_demo.dir/C_/pico/pico-sdk/src/rp2_common/pico_stdio/stdio.c.obj
                0x10009de0                __wrap_putchar
 .text.__wrap_puts
                0x10009e80       0x3c CMakeFiles/lcd_i2cpwm_demo.dir/C_/pico/pico-sdk/src/rp2_common/pico_stdio/stdio.c.obj
                0x10009e80                __wrap_puts
 .text.stdio_set_driver_enabled
                0x10009ebc       0x30 CMakeFiles/lcd_i2cpwm_demo.dir/C_/pico/pico-sdk/src/rp2_common/pico_stdio/stdio.c.obj
                0x10009ebc                stdio_set_driver_enabled
 .text.__wrap_vprintf
                0x10009eec       0xd8 CMakeFiles/lcd_i2cpwm_demo.dir/C_/pico/pico-sdk/src/rp2_common/pico_stdio/stdio.c.obj
                0x10009eec                __wrap_vprintf
 .text.__wrap_printf
                0x10009fc4       0x18 CMakeFiles/lcd_i2cpwm_demo.dir/C_/pico/pico-sdk/src/rp2_common/pico_stdio/stdio.c.obj
                0x10009fc4                __wrap_printf
 .text.stdio_init_all
                0x10009fdc        0x8 CMakeFiles/lcd_i2cpwm_demo.dir/C_/pico/pico-sdk/src/rp2_common/pico_stdio/stdio.c.obj
                0x10009fdc                stdio_init_all
 .text.resetd_init
                0x10009fe4        0x4 CMakeFiles/lcd_i2cpwm_demo.dir/C_/pico/pico-sdk/src/rp2_common/pico_stdio_usb/reset_interface.c.obj
 .text.resetd_reset
                0x10009fe8        0xc CMakeFiles/lcd_i2cpwm_demo.dir/C_/pico/pico-sdk/src/rp2_common/pico_stdio_usb/reset_interface.c.obj
 .text.resetd_open
                0x10009ff4       0x28 CMakeFiles/lcd_i2cpwm_demo.dir/C_/pico/pico-sdk/src/rp2_common/pico_stdio_usb/reset_interface.c.obj
 .text.resetd_xfer_cb
                0x1000a01c        0x4 CMakeFiles/lcd_i2cpwm_demo.dir/C_/pico/pico-sdk/src/rp2_common/pico_stdio_usb/reset_interface.c.obj
 .text.resetd_control_xfer_cb
                0x1000a020       0x64 CMakeFiles/lcd_i2cpwm_demo.dir/C_/pico/pico-sdk/src/rp2_common/pico_stdio_usb/reset_interface.c.obj
 .text.usbd_app_driver_get_cb
                0x1000a084        0xc CMakeFiles/lcd_i2cpwm_demo.dir/C_/pico/pico-sdk/src/rp2_common/pico_stdio_usb/reset_interface.c.obj
                0x1000a084                usbd_app_driver_get_cb
 .text.tud_cdc_line_coding_cb
                0x1000a090       0x34 CMakeFiles/lcd_i2cpwm_demo.dir/C_/pico/pico-sdk/src/rp2_common/pico_stdio_usb/reset_interface.c.obj
                0x1000a090                tud_cdc_line_coding_cb
 .text.stdio_usb_in_chars
                0x1000a0c4       0x68 CMakeFiles/lcd_i2cpwm_demo.dir/C_/pico/pico-sdk/src/rp2_common/pico_stdio_usb/stdio_usb.c.obj
                0x1000a0c4                stdio_usb_in_chars
 .text.stdio_usb_out_chars
                0x1000a12c       0xe4 CMakeFiles/lcd_i2cpwm_demo.dir/C_/pico/pico-sdk/src/rp2_common/pico_stdio_usb/stdio_usb.c.obj
 .text.timer_task
                0x1000a210       0x18 CMakeFiles/lcd_i2cpwm_demo.dir/C_/pico/pico-sdk/src/rp2_common/pico_stdio_usb/stdio_usb.c.obj
 .text.usb_irq  0x1000a228       0x10 CMakeFiles/lcd_i2cpwm_demo.dir/C_/pico/pico-sdk/src/rp2_common/pico_stdio_usb/stdio_usb.c.obj
 .text.low_priority_worker_irq
                0x1000a238       0x24 CMakeFiles/lcd_i2cpwm_demo.dir/C_/pico/pico-sdk/src/rp2_common/pico_stdio_usb/stdio_usb.c.obj
 .text.stdio_usb_init
                0x1000a25c       0xb0 CMakeFiles/lcd_i2cpwm_demo.dir/C_/pico/pico-sdk/src/rp2_common/pico_stdio_usb/stdio_usb.c.obj
                0x1000a25c                stdio_usb_init
 .text.tud_descriptor_device_cb
                0x1000a30c        0x8 CMakeFiles/lcd_i2cpwm_demo.dir/C_/pico/pico-sdk/src/rp2_common/pico_stdio_usb/stdio_usb_descriptors.c.obj
                0x1000a30c                tud_descriptor_device_cb
 .text.tud_descriptor_configuration_cb
                0x1000a314        0x8 CMakeFiles/lcd_i2cpwm_demo.dir/C_/pico/pico-sdk/src/rp2_common/pico_stdio_usb/stdio_usb_descriptors.c.obj
                0x1000a314                tud_descriptor_configuration_cb
 .text.tud_descriptor_string_cb
                0x1000a31c       0x74 CMakeFiles/lcd_i2cpwm_demo.dir/C_/pico/pico-sdk/src/rp2_common/pico_stdio_usb/stdio_usb_descriptors.c.obj
                0x1000a31c                tud_descriptor_string_cb
 .text.dcd_rp2040_irq
                0x1000a390      0x21c CMakeFiles/lcd_i2cpwm_demo.dir/C_/pico/pico-sdk/lib/tinyusb/src/portable/raspberrypi/rp2040/dcd_rp2040.c.obj
 .text.dcd_int_enable
                0x1000a5ac        0xc CMakeFiles/lcd_i2cpwm_demo.dir/C_/pico/pico-sdk/lib/tinyusb/src/portable/raspberrypi/rp2040/dcd_rp2040.c.obj
                0x1000a5ac                dcd_int_enable
 .text.dcd_set_address
                0x1000a5b8       0x14 CMakeFiles/lcd_i2cpwm_demo.dir/C_/pico/pico-sdk/lib/tinyusb/src/portable/raspberrypi/rp2040/dcd_rp2040.c.obj
                0x1000a5b8                dcd_set_address
 .text.dcd_connect
                0x1000a5cc       0x10 CMakeFiles/lcd_i2cpwm_demo.dir/C_/pico/pico-sdk/lib/tinyusb/src/portable/raspberrypi/rp2040/dcd_rp2040.c.obj
                0x1000a5cc                dcd_connect
 .text.dcd_init
                0x1000a5dc      0x144 CMakeFiles/lcd_i2cpwm_demo.dir/C_/pico/pico-sdk/lib/tinyusb/src/portable/raspberrypi/rp2040/dcd_rp2040.c.obj
                0x1000a5dc                dcd_init
 .text.dcd_edpt0_status_complete
                0x1000a720       0x1c CMakeFiles/lcd_i2cpwm_demo.dir/C_/pico/pico-sdk/lib/tinyusb/src/portable/raspberrypi/rp2040/dcd_rp2040.c.obj
                0x1000a720                dcd_edpt0_status_complete
 .text.dcd_edpt_open
                0x1000a73c       0xf0 CMakeFiles/lcd_i2cpwm_demo.dir/C_/pico/pico-sdk/lib/tinyusb/src/portable/raspberrypi/rp2040/dcd_rp2040.c.obj
                0x1000a73c                dcd_edpt_open
 .text.dcd_edpt_close_all
                0x1000a82c       0xbc CMakeFiles/lcd_i2cpwm_demo.dir/C_/pico/pico-sdk/lib/tinyusb/src/portable/raspberrypi/rp2040/dcd_rp2040.c.obj
                0x1000a82c                dcd_edpt_close_all
 .text.dcd_edpt_xfer
                0x1000a8e8       0x24 CMakeFiles/lcd_i2cpwm_demo.dir/C_/pico/pico-sdk/lib/tinyusb/src/portable/raspberrypi/rp2040/dcd_rp2040.c.obj
                0x1000a8e8                dcd_edpt_xfer
 .text.dcd_edpt_stall
                0x1000a90c       0x38 CMakeFiles/lcd_i2cpwm_demo.dir/C_/pico/pico-sdk/lib/tinyusb/src/portable/raspberrypi/rp2040/dcd_rp2040.c.obj
                0x1000a90c                dcd_edpt_stall
 .text.dcd_edpt_clear_stall
                0x1000a944       0x30 CMakeFiles/lcd_i2cpwm_demo.dir/C_/pico/pico-sdk/lib/tinyusb/src/portable/raspberrypi/rp2040/dcd_rp2040.c.obj
                0x1000a944                dcd_edpt_clear_stall
 .text._hw_endpoint_buffer_control_update32.part.0.isra.0
                0x1000a974       0x1c CMakeFiles/lcd_i2cpwm_demo.dir/C_/pico/pico-sdk/lib/tinyusb/src/portable/raspberrypi/rp2040/rp2040_usb.c.obj
 .text.rp2040_usb_init
                0x1000a990       0x4c CMakeFiles/lcd_i2cpwm_demo.dir/C_/pico/pico-sdk/lib/tinyusb/src/portable/raspberrypi/rp2040/rp2040_usb.c.obj
                0x1000a990                rp2040_usb_init
 .text.hw_endpoint_reset_transfer
                0x1000a9dc        0xc CMakeFiles/lcd_i2cpwm_demo.dir/C_/pico/pico-sdk/lib/tinyusb/src/portable/raspberrypi/rp2040/rp2040_usb.c.obj
                0x1000a9dc                hw_endpoint_reset_transfer
 .text._hw_endpoint_buffer_control_update32
                0x1000a9e8       0x44 CMakeFiles/lcd_i2cpwm_demo.dir/C_/pico/pico-sdk/lib/tinyusb/src/portable/raspberrypi/rp2040/rp2040_usb.c.obj
                0x1000a9e8                _hw_endpoint_buffer_control_update32
 .text.hw_endpoint_xfer_start
                0x1000aa2c      0x138 CMakeFiles/lcd_i2cpwm_demo.dir/C_/pico/pico-sdk/lib/tinyusb/src/portable/raspberrypi/rp2040/rp2040_usb.c.obj
                0x1000aa2c                hw_endpoint_xfer_start
 .text.hw_endpoint_xfer_continue
                0x1000ab64      0x1e4 CMakeFiles/lcd_i2cpwm_demo.dir/C_/pico/pico-sdk/lib/tinyusb/src/portable/raspberrypi/rp2040/rp2040_usb.c.obj
                0x1000ab64                hw_endpoint_xfer_continue
 .text.tud_mounted
                0x1000ad48       0x10 CMakeFiles/lcd_i2cpwm_demo.dir/C_/pico/pico-sdk/lib/tinyusb/src/device/usbd.c.obj
                0x1000ad48                tud_mounted
 .text.tud_suspended
                0x1000ad58       0x10 CMakeFiles/lcd_i2cpwm_demo.dir/C_/pico/pico-sdk/lib/tinyusb/src/device/usbd.c.obj
                0x1000ad58                tud_suspended
 .text.tud_inited
                0x1000ad68        0xc CMakeFiles/lcd_i2cpwm_demo.dir/C_/pico/pico-sdk/lib/tinyusb/src/device/usbd.c.obj
                0x1000ad68                tud_inited
 .text.tud_init
                0x1000ad74       0xd8 CMakeFiles/lcd_i2cpwm_demo.dir/C_/pico/pico-sdk/lib/tinyusb/src/device/usbd.c.obj
                0x1000ad74                tud_init
 .text.tud_task
                0x1000ae4c      0x8ec CMakeFiles/lcd_i2cpwm_demo.dir/C_/pico/pico-sdk/lib/tinyusb/src/device/usbd.c.obj
                0x1000ae4c                tud_task
 .text.dcd_event_bus_signal
                0x1000b738      0x120 CMakeFiles/lcd_i2cpwm_demo.dir/C_/pico/pico-sdk/lib/tinyusb/src/device/usbd.c.obj
                0x1000b738                dcd_event_bus_signal
 .text.dcd_event_bus_reset
                0x1000b858       0x54 CMakeFiles/lcd_i2cpwm_demo.dir/C_/pico/pico-sdk/lib/tinyusb/src/device/usbd.c.obj
                0x1000b858                dcd_event_bus_reset
 .text.dcd_event_setup_received
                0x1000b8ac       0x50 CMakeFiles/lcd_i2cpwm_demo.dir/C_/pico/pico-sdk/lib/tinyusb/src/device/usbd.c.obj
                0x1000b8ac                dcd_event_setup_received
 .text.dcd_event_xfer_complete
                0x1000b8fc       0x68 CMakeFiles/lcd_i2cpwm_demo.dir/C_/pico/pico-sdk/lib/tinyusb/src/device/usbd.c.obj
                0x1000b8fc                dcd_event_xfer_complete
 .text.usbd_open_edpt_pair
                0x1000b964       0x80 CMakeFiles/lcd_i2cpwm_demo.dir/C_/pico/pico-sdk/lib/tinyusb/src/device/usbd.c.obj
                0x1000b964                usbd_open_edpt_pair
 .text.usbd_edpt_open
                0x1000b9e4       0x30 CMakeFiles/lcd_i2cpwm_demo.dir/C_/pico/pico-sdk/lib/tinyusb/src/device/usbd.c.obj
                0x1000b9e4                usbd_edpt_open
 .text.usbd_edpt_claim
                0x1000ba14       0x64 CMakeFiles/lcd_i2cpwm_demo.dir/C_/pico/pico-sdk/lib/tinyusb/src/device/usbd.c.obj
                0x1000ba14                usbd_edpt_claim
 .text.usbd_edpt_release
                0x1000ba78       0x4c CMakeFiles/lcd_i2cpwm_demo.dir/C_/pico/pico-sdk/lib/tinyusb/src/device/usbd.c.obj
                0x1000ba78                usbd_edpt_release
 .text.usbd_edpt_xfer
                0x1000bac4       0x48 CMakeFiles/lcd_i2cpwm_demo.dir/C_/pico/pico-sdk/lib/tinyusb/src/device/usbd.c.obj
                0x1000bac4                usbd_edpt_xfer
 .text.tud_control_status
                0x1000bb0c       0x30 CMakeFiles/lcd_i2cpwm_demo.dir/C_/pico/pico-sdk/lib/tinyusb/src/device/usbd_control.c.obj
                0x1000bb0c                tud_control_status
 .text.tud_control_xfer
                0x1000bb3c       0xbc CMakeFiles/lcd_i2cpwm_demo.dir/C_/pico/pico-sdk/lib/tinyusb/src/device/usbd_control.c.obj
                0x1000bb3c                tud_control_xfer
 .text.usbd_control_reset
                0x1000bbf8       0x14 CMakeFiles/lcd_i2cpwm_demo.dir/C_/pico/pico-sdk/lib/tinyusb/src/device/usbd_control.c.obj
                0x1000bbf8                usbd_control_reset
 .text.usbd_control_set_complete_callback
                0x1000bc0c        0xc CMakeFiles/lcd_i2cpwm_demo.dir/C_/pico/pico-sdk/lib/tinyusb/src/device/usbd_control.c.obj
                0x1000bc0c                usbd_control_set_complete_callback
 .text.usbd_control_set_request
                0x1000bc18       0x1c CMakeFiles/lcd_i2cpwm_demo.dir/C_/pico/pico-sdk/lib/tinyusb/src/device/usbd_control.c.obj
                0x1000bc18                usbd_control_set_request
 .text.usbd_control_xfer_cb
                0x1000bc34       0xfc CMakeFiles/lcd_i2cpwm_demo.dir/C_/pico/pico-sdk/lib/tinyusb/src/device/usbd_control.c.obj
                0x1000bc34                usbd_control_xfer_cb
 .text.tud_cdc_n_connected
                0x1000bd30       0x30 CMakeFiles/lcd_i2cpwm_demo.dir/C_/pico/pico-sdk/lib/tinyusb/src/class/cdc/cdc_device.c.obj
                0x1000bd30                tud_cdc_n_connected
 .text.tud_cdc_n_available
                0x1000bd60       0x18 CMakeFiles/lcd_i2cpwm_demo.dir/C_/pico/pico-sdk/lib/tinyusb/src/class/cdc/cdc_device.c.obj
                0x1000bd60                tud_cdc_n_available
 .text.tud_cdc_n_read
                0x1000bd78       0x70 CMakeFiles/lcd_i2cpwm_demo.dir/C_/pico/pico-sdk/lib/tinyusb/src/class/cdc/cdc_device.c.obj
                0x1000bd78                tud_cdc_n_read
 .text.tud_cdc_n_write_flush
                0x1000bde8       0x78 CMakeFiles/lcd_i2cpwm_demo.dir/C_/pico/pico-sdk/lib/tinyusb/src/class/cdc/cdc_device.c.obj
                0x1000bde8                tud_cdc_n_write_flush
 .text.tud_cdc_n_write
                0x1000be60       0x34 CMakeFiles/lcd_i2cpwm_demo.dir/C_/pico/pico-sdk/lib/tinyusb/src/class/cdc/cdc_device.c.obj
                0x1000be60                tud_cdc_n_write
 .text.tud_cdc_n_write_available
                0x1000be94       0x18 CMakeFiles/lcd_i2cpwm_demo.dir/C_/pico/pico-sdk/lib/tinyusb/src/class/cdc/cdc_device.c.obj
                0x1000be94                tud_cdc_n_write_available
 .text.cdcd_init
                0x1000beac       0x7c CMakeFiles/lcd_i2cpwm_demo.dir/C_/pico/pico-sdk/lib/tinyusb/src/class/cdc/cdc_device.c.obj
                0x1000beac                cdcd_init
 .text.cdcd_reset
                0x1000bf28       0x2c CMakeFiles/lcd_i2cpwm_demo.dir/C_/pico/pico-sdk/lib/tinyusb/src/class/cdc/cdc_device.c.obj
                0x1000bf28                cdcd_reset
 .text.cdcd_open
                0x1000bf54       0xe4 CMakeFiles/lcd_i2cpwm_demo.dir/C_/pico/pico-sdk/lib/tinyusb/src/class/cdc/cdc_device.c.obj
                0x1000bf54                cdcd_open
 .text.cdcd_control_xfer_cb
                0x1000c038       0xe4 CMakeFiles/lcd_i2cpwm_demo.dir/C_/pico/pico-sdk/lib/tinyusb/src/class/cdc/cdc_device.c.obj
                0x1000c038                cdcd_control_xfer_cb
 .text.cdcd_xfer_cb
                0x1000c11c      0x148 CMakeFiles/lcd_i2cpwm_demo.dir/C_/pico/pico-sdk/lib/tinyusb/src/class/cdc/cdc_device.c.obj
                0x1000c11c                cdcd_xfer_cb
 .text.tusb_init
                0x1000c264        0xc CMakeFiles/lcd_i2cpwm_demo.dir/C_/pico/pico-sdk/lib/tinyusb/src/tusb.c.obj
                0x1000c264                tusb_init
 .text.tusb_inited
                0x1000c270        0x8 CMakeFiles/lcd_i2cpwm_demo.dir/C_/pico/pico-sdk/lib/tinyusb/src/tusb.c.obj
                0x1000c270                tusb_inited
 .text.tu_edpt_validate
                0x1000c278       0x78 CMakeFiles/lcd_i2cpwm_demo.dir/C_/pico/pico-sdk/lib/tinyusb/src/tusb.c.obj
                0x1000c278                tu_edpt_validate
 .text.tu_edpt_bind_driver
                0x1000c2f0       0x2c CMakeFiles/lcd_i2cpwm_demo.dir/C_/pico/pico-sdk/lib/tinyusb/src/tusb.c.obj
                0x1000c2f0                tu_edpt_bind_driver
 .text.tu_fifo_config
                0x1000c31c       0x78 CMakeFiles/lcd_i2cpwm_demo.dir/C_/pico/pico-sdk/lib/tinyusb/src/common/tusb_fifo.c.obj
                0x1000c31c                tu_fifo_config
 .text.tu_fifo_count
                0x1000c394       0x20 CMakeFiles/lcd_i2cpwm_demo.dir/C_/pico/pico-sdk/lib/tinyusb/src/common/tusb_fifo.c.obj
                0x1000c394                tu_fifo_count
 .text.tu_fifo_empty
                0x1000c3b4       0x10 CMakeFiles/lcd_i2cpwm_demo.dir/C_/pico/pico-sdk/lib/tinyusb/src/common/tusb_fifo.c.obj
                0x1000c3b4                tu_fifo_empty
 .text.tu_fifo_remaining
                0x1000c3c4       0x1c CMakeFiles/lcd_i2cpwm_demo.dir/C_/pico/pico-sdk/lib/tinyusb/src/common/tusb_fifo.c.obj
                0x1000c3c4                tu_fifo_remaining
 .text.tu_fifo_read
                0x1000c3e0       0x9c CMakeFiles/lcd_i2cpwm_demo.dir/C_/pico/pico-sdk/lib/tinyusb/src/common/tusb_fifo.c.obj
                0x1000c3e0                tu_fifo_read
 .text.tu_fifo_read_n
                0x1000c47c      0x100 CMakeFiles/lcd_i2cpwm_demo.dir/C_/pico/pico-sdk/lib/tinyusb/src/common/tusb_fifo.c.obj
                0x1000c47c                tu_fifo_read_n
 .text.tu_fifo_write
                0x1000c57c       0x7c CMakeFiles/lcd_i2cpwm_demo.dir/C_/pico/pico-sdk/lib/tinyusb/src/common/tusb_fifo.c.obj
                0x1000c57c                tu_fifo_write
 .text.tu_fifo_write_n
                0x1000c5f8      0x100 CMakeFiles/lcd_i2cpwm_demo.dir/C_/pico/pico-sdk/lib/tinyusb/src/common/tusb_fifo.c.obj
                0x1000c5f8                tu_fifo_write_n
 .text.tu_fifo_clear
                0x1000c6f8       0x4c CMakeFiles/lcd_i2cpwm_demo.dir/C_/pico/pico-sdk/lib/tinyusb/src/common/tusb_fifo.c.obj
                0x1000c6f8                tu_fifo_clear
 .text.tu_fifo_set_overwritable
                0x1000c744       0x3c CMakeFiles/lcd_i2cpwm_demo.dir/C_/pico/pico-sdk/lib/tinyusb/src/common/tusb_fifo.c.obj
                0x1000c744                tu_fifo_set_overwritable
 .text.startup._retrieve_unique_id_on_boot
                0x1000c780       0x10 CMakeFiles/lcd_i2cpwm_demo.dir/C_/pico/pico-sdk/src/rp2_common/pico_unique_id/unique_id.c.obj
 .text.pico_get_unique_board_id_string
                0x1000c790      0x1a8 CMakeFiles/lcd_i2cpwm_demo.dir/C_/pico/pico-sdk/src/rp2_common/pico_unique_id/unique_id.c.obj
                0x1000c790                pico_get_unique_board_id_string
 .text.flash_get_unique_id
                0x1000c938       0x40 CMakeFiles/lcd_i2cpwm_demo.dir/C_/pico/pico-sdk/src/rp2_common/hardware_flash/flash.c.obj
                0x1000c938                flash_get_unique_id
 .text.spi_init
                0x1000c978       0xf8 CMakeFiles/lcd_i2cpwm_demo.dir/C_/pico/pico-sdk/src/rp2_common/hardware_spi/spi.c.obj
                0x1000c978                spi_init
 .text.spi_set_baudrate
                0x1000ca70       0x94 CMakeFiles/lcd_i2cpwm_demo.dir/C_/pico/pico-sdk/src/rp2_common/hardware_spi/spi.c.obj
                0x1000ca70                spi_set_baudrate
 .text.i2c_set_baudrate
                0x1000cb04       0xc4 CMakeFiles/lcd_i2cpwm_demo.dir/C_/pico/pico-sdk/src/rp2_common/hardware_i2c/i2c.c.obj
                0x1000cb04                i2c_set_baudrate
 .text.i2c_init
                0x1000cbc8       0x54 CMakeFiles/lcd_i2cpwm_demo.dir/C_/pico/pico-sdk/src/rp2_common/hardware_i2c/i2c.c.obj
                0x1000cbc8                i2c_init
 .text.i2c_write_blocking
                0x1000cc1c       0xd0 CMakeFiles/lcd_i2cpwm_demo.dir/C_/pico/pico-sdk/src/rp2_common/hardware_i2c/i2c.c.obj
                0x1000cc1c                i2c_write_blocking
 .text.i2c_read_blocking
                0x1000ccec       0xac CMakeFiles/lcd_i2cpwm_demo.dir/C_/pico/pico-sdk/src/rp2_common/hardware_i2c/i2c.c.obj
                0x1000ccec                i2c_read_blocking
 .text.strlen   0x1000cd98       0x5c c:/tools/gcc-arm-none-eabi-10.3-2021.10/bin/../lib/gcc/arm-none-eabi/10.3.1/../../../../arm-none-eabi/lib/thumb/v6-m/nofp\libc.a(lib_a-strlen-stub.o)
                0x1000cd98                strlen
 *(.fini)
 .fini          0x1000cdf4        0x4 c:/tools/gcc-arm-none-eabi-10.3-2021.10/bin/../lib/gcc/arm-none-eabi/10.3.1/thumb/v6-m/nofp/crti.o
                0x1000cdf4                _fini
 .fini.__stub   0x1000cdf8       0x80 linker stubs
 *crtbegin.o(.ctors)
 *crtbegin?.o(.ctors)
 *(EXCLUDE_FILE(*crtend.o *crtend?.o) .ctors)
 *(SORT_BY_NAME(.ctors.*))
 *(.ctors)
 *crtbegin.o(.dtors)
 *crtbegin?.o(.dtors)
 *(EXCLUDE_FILE(*crtend.o *crtend?.o) .dtors)
 *(SORT_BY_NAME(.dtors.*))
 *(.dtors)
 *(.eh_frame*)
 .eh_frame      0x1000ce78        0x0 c:/tools/gcc-arm-none-eabi-10.3-2021.10/bin/../lib/gcc/arm-none-eabi/10.3.1/thumb/v6-m/nofp/crtbegin.o
                0x1000ce78                . = ALIGN (0x4)

.glue_7         0x1000ce78        0x0
 .glue_7        0x1000ce78        0x0 linker stubs

.glue_7t        0x1000ce78        0x0
 .glue_7t       0x1000ce78        0x0 linker stubs

.vfp11_veneer   0x1000ce78        0x0
 .vfp11_veneer  0x1000ce78        0x0 linker stubs

.v4_bx          0x1000ce78        0x0
 .v4_bx         0x1000ce78        0x0 linker stubs

.iplt           0x1000ce78        0x0
 .iplt          0x1000ce78        0x0 c:/tools/gcc-arm-none-eabi-10.3-2021.10/bin/../lib/gcc/arm-none-eabi/10.3.1/thumb/v6-m/nofp/crtbegin.o

.rodata         0x1000ce78     0x3d64
 *(EXCLUDE_FILE(*libm.a: *libc.a:*lib_a-mem*.o *libgcc.a:) .rodata*)
 .rodata.System_Init.str1.4
                0x1000ce78       0x32 CMakeFiles/lcd_i2cpwm_demo.dir/lib/config/DEV_Config.c.obj
 *fill*         0x1000ceaa        0x2 
 .rodata.follow_path.str1.4
                0x1000ceac        0xf CMakeFiles/lcd_i2cpwm_demo.dir/lib/fatfs/ff.c.obj
 *fill*         0x1000cebb        0x1 
 .rodata.ExCvt  0x1000cebc       0x80 CMakeFiles/lcd_i2cpwm_demo.dir/lib/fatfs/ff.c.obj
 .rodata.Font16_Table
                0x1000cf3c      0xbe0 CMakeFiles/lcd_i2cpwm_demo.dir/lib/font/font16.c.obj
                0x1000cf3c                Font16_Table
 .rodata.Font20_Table
                0x1000db1c      0xed8 CMakeFiles/lcd_i2cpwm_demo.dir/lib/font/font20.c.obj
                0x1000db1c                Font20_Table
 .rodata.Font24_Table
                0x1000e9f4     0x1ab8 CMakeFiles/lcd_i2cpwm_demo.dir/lib/font/font24.c.obj
                0x1000e9f4                Font24_Table
 .rodata.SD_Init.str1.4
                0x100104ac       0x62 CMakeFiles/lcd_i2cpwm_demo.dir/lib/lcd/LCD_Bmp.c.obj
 *fill*         0x1001050e        0x2 
 .rodata.CSWTCH.9
                0x10010510        0xe CMakeFiles/lcd_i2cpwm_demo.dir/lib/lcd/LCD_Driver.c.obj
 *fill*         0x1001051e        0x2 
 .rodata.TP_GetAdFac.str1.4
                0x10010520       0x43 CMakeFiles/lcd_i2cpwm_demo.dir/lib/lcd/LCD_Touch.c.obj
 *fill*         0x10010563        0x1 
 .rodata.TP_gesmain.str1.4
                0x10010564        0x9 CMakeFiles/lcd_i2cpwm_demo.dir/lib/lcd/LCD_Touch.c.obj
 *fill*         0x1001056d        0x3 
 .rodata.TP_gesvallist.str1.4
                0x10010570        0xb CMakeFiles/lcd_i2cpwm_demo.dir/lib/lcd/LCD_Touch.c.obj
 *fill*         0x1001057b        0x1 
 .rodata.TP_gessensor.str1.4
                0x1001057c       0x25 CMakeFiles/lcd_i2cpwm_demo.dir/lib/lcd/LCD_Touch.c.obj
 *fill*         0x100105a1        0x3 
 .rodata.TP_gessetting.str1.4
                0x100105a4       0x34 CMakeFiles/lcd_i2cpwm_demo.dir/lib/lcd/LCD_Touch.c.obj
 .rodata.TP_gesmpresultstart.str1.4
                0x100105d8       0x34 CMakeFiles/lcd_i2cpwm_demo.dir/lib/lcd/LCD_Touch.c.obj
 .rodata.TP_gesmpresultstart
                0x1001060c       0x18 CMakeFiles/lcd_i2cpwm_demo.dir/lib/lcd/LCD_Touch.c.obj
 .rodata.TP_DrawBoard.str1.4
                0x10010624        0xa CMakeFiles/lcd_i2cpwm_demo.dir/lib/lcd/LCD_Touch.c.obj
 *fill*         0x1001062e        0x2 
 .rodata.i2c_bus_scan.str1.4
                0x10010630       0x5a CMakeFiles/lcd_i2cpwm_demo.dir/lib/pca9685/pca9685.c.obj
                                 0x5e (size before relaxing)
 *fill*         0x1001068a        0x2 
 .rodata.setPWM.str1.4
                0x1001068c       0x1c CMakeFiles/lcd_i2cpwm_demo.dir/lib/pca9685/pca9685.c.obj
 .rodata.getPCAmode.str1.4
                0x100106a8       0x10 CMakeFiles/lcd_i2cpwm_demo.dir/lib/pca9685/pca9685.c.obj
 .rodata.__bi_50.0
                0x100106b8        0x8 CMakeFiles/lcd_i2cpwm_demo.dir/lib/pca9685/pca9685.c.obj
 .rodata.spin_lock_claim_unused.str1.4
                0x100106c0       0x1b CMakeFiles/lcd_i2cpwm_demo.dir/C_/pico/pico-sdk/src/rp2_common/hardware_sync/sync.c.obj
 *fill*         0x100106db        0x1 
 .rodata.user_irq_claim_unused.str1.4
                0x100106dc       0x1b CMakeFiles/lcd_i2cpwm_demo.dir/C_/pico/pico-sdk/src/rp2_common/hardware_irq/irq.c.obj
 *fill*         0x100106f7        0x1 
 .rodata.hardware_alarm_claim.str1.4
                0x100106f8       0x22 CMakeFiles/lcd_i2cpwm_demo.dir/C_/pico/pico-sdk/src/rp2_common/hardware_timer/timer.c.obj
 *fill*         0x1001071a        0x2 
 .rodata.panic.str1.4
                0x1001071c       0x10 CMakeFiles/lcd_i2cpwm_demo.dir/C_/pico/pico-sdk/src/rp2_common/pico_runtime/runtime.c.obj
                                 0x12 (size before relaxing)
 .rodata.hard_assertion_failure.str1.4
                0x1001072c        0xc CMakeFiles/lcd_i2cpwm_demo.dir/C_/pico/pico-sdk/src/rp2_common/pico_runtime/runtime.c.obj
 .rodata._ftoa.str1.4
                0x10010738       0x15 CMakeFiles/lcd_i2cpwm_demo.dir/C_/pico/pico-sdk/src/rp2_common/pico_printf/printf.c.obj
 *fill*         0x1001074d        0x3 
 .rodata._vsnprintf
                0x10010750      0x1e0 CMakeFiles/lcd_i2cpwm_demo.dir/C_/pico/pico-sdk/src/rp2_common/pico_printf/printf.c.obj
 .rodata.pow10.0
                0x10010930       0x50 CMakeFiles/lcd_i2cpwm_demo.dir/C_/pico/pico-sdk/src/rp2_common/pico_printf/printf.c.obj
 .rodata.str1.4
                0x10010980       0x44 CMakeFiles/lcd_i2cpwm_demo.dir/C_/pico/pico-sdk/src/rp2_common/pico_standard_link/binary_info.c.obj
 .rodata.__bi_44
                0x100109c4        0xc CMakeFiles/lcd_i2cpwm_demo.dir/C_/pico/pico-sdk/src/rp2_common/pico_standard_link/binary_info.c.obj
 .rodata.__bi_75
                0x100109d0        0xc CMakeFiles/lcd_i2cpwm_demo.dir/C_/pico/pico-sdk/src/rp2_common/pico_standard_link/binary_info.c.obj
 .rodata.__bi_81
                0x100109dc        0xc CMakeFiles/lcd_i2cpwm_demo.dir/C_/pico/pico-sdk/src/rp2_common/pico_standard_link/binary_info.c.obj
 .rodata.crlf_str.0
                0x100109e8        0x2 CMakeFiles/lcd_i2cpwm_demo.dir/C_/pico/pico-sdk/src/rp2_common/pico_stdio/stdio.c.obj
 *fill*         0x100109ea        0x2 
 .rodata._resetd_driver
                0x100109ec       0x18 CMakeFiles/lcd_i2cpwm_demo.dir/C_/pico/pico-sdk/src/rp2_common/pico_stdio_usb/reset_interface.c.obj
 .rodata.str1.4
                0x10010a04       0x13 CMakeFiles/lcd_i2cpwm_demo.dir/C_/pico/pico-sdk/src/rp2_common/pico_stdio_usb/stdio_usb.c.obj
 *fill*         0x10010a17        0x1 
 .rodata.__bi_118.0
                0x10010a18        0xc CMakeFiles/lcd_i2cpwm_demo.dir/C_/pico/pico-sdk/src/rp2_common/pico_stdio_usb/stdio_usb.c.obj
 .rodata.str1.4
                0x10010a24       0x2a CMakeFiles/lcd_i2cpwm_demo.dir/C_/pico/pico-sdk/src/rp2_common/pico_stdio_usb/stdio_usb_descriptors.c.obj
 *fill*         0x10010a4e        0x2 
 .rodata.usbd_desc_cfg
                0x10010a50       0x54 CMakeFiles/lcd_i2cpwm_demo.dir/C_/pico/pico-sdk/src/rp2_common/pico_stdio_usb/stdio_usb_descriptors.c.obj
 .rodata.usbd_desc_device
                0x10010aa4       0x12 CMakeFiles/lcd_i2cpwm_demo.dir/C_/pico/pico-sdk/src/rp2_common/pico_stdio_usb/stdio_usb_descriptors.c.obj
 *fill*         0x10010ab6        0x2 
 .rodata.usbd_desc_str
                0x10010ab8       0x18 CMakeFiles/lcd_i2cpwm_demo.dir/C_/pico/pico-sdk/src/rp2_common/pico_stdio_usb/stdio_usb_descriptors.c.obj
 .rodata.dcd_rp2040_irq.str1.4
                0x10010ad0       0x14 CMakeFiles/lcd_i2cpwm_demo.dir/C_/pico/pico-sdk/lib/tinyusb/src/portable/raspberrypi/rp2040/dcd_rp2040.c.obj
 .rodata._hw_endpoint_buffer_control_update32.part.0.isra.0.str1.4
                0x10010ae4       0x1f CMakeFiles/lcd_i2cpwm_demo.dir/C_/pico/pico-sdk/lib/tinyusb/src/portable/raspberrypi/rp2040/rp2040_usb.c.obj
 *fill*         0x10010b03        0x1 
 .rodata.hw_endpoint_xfer_continue.str1.4
                0x10010b04       0x29 CMakeFiles/lcd_i2cpwm_demo.dir/C_/pico/pico-sdk/lib/tinyusb/src/portable/raspberrypi/rp2040/rp2040_usb.c.obj
 *fill*         0x10010b2d        0x3 
 .rodata.str1.4
                0x10010b30        0x7 CMakeFiles/lcd_i2cpwm_demo.dir/C_/pico/pico-sdk/lib/tinyusb/src/portable/raspberrypi/rp2040/rp2040_usb.c.obj
 *fill*         0x10010b37        0x1 
 .rodata.tud_task
                0x10010b38       0x8c CMakeFiles/lcd_i2cpwm_demo.dir/C_/pico/pico-sdk/lib/tinyusb/src/device/usbd.c.obj
 .rodata._usbd_driver
                0x10010bc4       0x18 CMakeFiles/lcd_i2cpwm_demo.dir/C_/pico/pico-sdk/lib/tinyusb/src/device/usbd.c.obj
                0x10010bdc                . = ALIGN (0x4)
 *(SORT_BY_ALIGNMENT(SORT_BY_NAME(.flashdata*)))
                0x10010bdc                . = ALIGN (0x4)

.rel.dyn        0x10010bdc        0x0
 .rel.iplt      0x10010bdc        0x0 c:/tools/gcc-arm-none-eabi-10.3-2021.10/bin/../lib/gcc/arm-none-eabi/10.3.1/thumb/v6-m/nofp/crtbegin.o

.ARM.extab
 *(.ARM.extab* .gnu.linkonce.armextab.*)
                0x10010bdc                __exidx_start = .

.ARM.exidx
 *(.ARM.exidx* .gnu.linkonce.armexidx.*)
                0x10010bdc                __exidx_end = .
                0x10010bdc                . = ALIGN (0x4)
                0x10010bdc                __binary_info_start = .

.binary_info    0x10010bdc       0x24
 *(.binary_info.keep.*)
 .binary_info.keep.__bi_ptr50
                0x10010bdc        0x4 CMakeFiles/lcd_i2cpwm_demo.dir/lib/pca9685/pca9685.c.obj
 .binary_info.keep.__bi_ptr22
                0x10010be0        0x4 CMakeFiles/lcd_i2cpwm_demo.dir/C_/pico/pico-sdk/src/rp2_common/pico_standard_link/binary_info.c.obj
 .binary_info.keep.__bi_ptr30
                0x10010be4        0x4 CMakeFiles/lcd_i2cpwm_demo.dir/C_/pico/pico-sdk/src/rp2_common/pico_standard_link/binary_info.c.obj
 .binary_info.keep.__bi_ptr38
                0x10010be8        0x4 CMakeFiles/lcd_i2cpwm_demo.dir/C_/pico/pico-sdk/src/rp2_common/pico_standard_link/binary_info.c.obj
 .binary_info.keep.__bi_ptr44
                0x10010bec        0x4 CMakeFiles/lcd_i2cpwm_demo.dir/C_/pico/pico-sdk/src/rp2_common/pico_standard_link/binary_info.c.obj
 .binary_info.keep.__bi_ptr50
                0x10010bf0        0x4 CMakeFiles/lcd_i2cpwm_demo.dir/C_/pico/pico-sdk/src/rp2_common/pico_standard_link/binary_info.c.obj
 .binary_info.keep.__bi_ptr75
                0x10010bf4        0x4 CMakeFiles/lcd_i2cpwm_demo.dir/C_/pico/pico-sdk/src/rp2_common/pico_standard_link/binary_info.c.obj
 .binary_info.keep.__bi_ptr81
                0x10010bf8        0x4 CMakeFiles/lcd_i2cpwm_demo.dir/C_/pico/pico-sdk/src/rp2_common/pico_standard_link/binary_info.c.obj
 *(.binary_info.*)
 .binary_info.__bi_ptr118
                0x10010bfc        0x4 CMakeFiles/lcd_i2cpwm_demo.dir/C_/pico/pico-sdk/src/rp2_common/pico_stdio_usb/stdio_usb.c.obj
                0x10010c00                __binary_info_end = .
                0x10010c00                . = ALIGN (0x4)
                0x10010c00                __etext = .

.ram_vector_table
                0x20000000       0xc0
 *(.ram_vector_table)
 .ram_vector_table
                0x20000000       0xc0 CMakeFiles/lcd_i2cpwm_demo.dir/C_/pico/pico-sdk/src/rp2_common/pico_runtime/runtime.c.obj
                0x20000000                ram_vector_table

.data           0x200000c0      0x464 load address 0x10010c00
                0x200000c0                __data_start__ = .
 *(vtable)
 *(.time_critical*)
 .time_critical.mutex_enter_blocking
                0x200000c0       0x48 CMakeFiles/lcd_i2cpwm_demo.dir/C_/pico/pico-sdk/src/common/pico_sync/mutex.c.obj
                0x200000c0                mutex_enter_blocking
 .time_critical.mutex_try_enter
                0x20000108       0x44 CMakeFiles/lcd_i2cpwm_demo.dir/C_/pico/pico-sdk/src/common/pico_sync/mutex.c.obj
                0x20000108                mutex_try_enter
 .time_critical.mutex_enter_timeout_ms
                0x2000014c       0xa0 CMakeFiles/lcd_i2cpwm_demo.dir/C_/pico/pico-sdk/src/common/pico_sync/mutex.c.obj
                0x2000014c                mutex_enter_timeout_ms
 .time_critical.mutex_exit
                0x200001ec       0x28 CMakeFiles/lcd_i2cpwm_demo.dir/C_/pico/pico-sdk/src/common/pico_sync/mutex.c.obj
                0x200001ec                mutex_exit
 .time_critical.flash_init_boot2_copyout
                0x20000214       0x30 CMakeFiles/lcd_i2cpwm_demo.dir/C_/pico/pico-sdk/src/rp2_common/hardware_flash/flash.c.obj
 .time_critical.flash_enable_xip_via_boot2
                0x20000244       0x10 CMakeFiles/lcd_i2cpwm_demo.dir/C_/pico/pico-sdk/src/rp2_common/hardware_flash/flash.c.obj
 .time_critical.flash_cs_force
                0x20000254       0x38 CMakeFiles/lcd_i2cpwm_demo.dir/C_/pico/pico-sdk/src/rp2_common/hardware_flash/flash.c.obj
 .time_critical.flash_do_cmd
                0x2000028c       0xc4 CMakeFiles/lcd_i2cpwm_demo.dir/C_/pico/pico-sdk/src/rp2_common/hardware_flash/flash.c.obj
                0x2000028c                flash_do_cmd
 .time_critical.spi_write_read_blocking
                0x20000350       0x74 CMakeFiles/lcd_i2cpwm_demo.dir/C_/pico/pico-sdk/src/rp2_common/hardware_spi/spi.c.obj
                0x20000350                spi_write_read_blocking
 *(.text*)
 .text          0x200003c4        0x4 c:/tools/gcc-arm-none-eabi-10.3-2021.10/bin/../lib/gcc/arm-none-eabi/10.3.1/thumb/v6-m/nofp\libgcc.a(_dvmd_tls.o)
                0x200003c4                __aeabi_idiv0
                0x200003c4                __aeabi_ldiv0
 .text.__stub   0x200003c8       0x30 linker stubs
                0x200003f8                . = ALIGN (0x4)
 *(.rodata*)
                0x200003f8                . = ALIGN (0x4)
 *(.data*)
 .data.Font16   0x200003f8        0x8 CMakeFiles/lcd_i2cpwm_demo.dir/lib/font/font16.c.obj
                0x200003f8                Font16
 .data.Font20   0x20000400        0x8 CMakeFiles/lcd_i2cpwm_demo.dir/lib/font/font20.c.obj
                0x20000400                Font20
 .data.Font24   0x20000408        0x8 CMakeFiles/lcd_i2cpwm_demo.dir/lib/font/font24.c.obj
                0x20000408                Font24
 .data.id       0x20000410        0x1 CMakeFiles/lcd_i2cpwm_demo.dir/lib/lcd/LCD_Driver.c.obj
                0x20000410                id
 .data.striped_spin_lock_num
                0x20000411        0x1 CMakeFiles/lcd_i2cpwm_demo.dir/C_/pico/pico-sdk/src/rp2_common/hardware_sync/sync.c.obj
 *fill*         0x20000412        0x2 
 .data          0x20000414       0x48 CMakeFiles/lcd_i2cpwm_demo.dir/C_/pico/pico-sdk/src/rp2_common/hardware_irq/irq_handler_chain.S.obj
                0x20000414                irq_handler_chain_slots
                0x20000444                irq_handler_chain_first_slot
                0x2000044e                irq_handler_chain_remove_tail
 .data.default_alarm_pool
                0x2000045c       0x18 CMakeFiles/lcd_i2cpwm_demo.dir/C_/pico/pico-sdk/src/common/pico_time/time.c.obj
 .data.default_alarm_pool_heap
                0x20000474       0x10 CMakeFiles/lcd_i2cpwm_demo.dir/C_/pico/pico-sdk/src/common/pico_time/time.c.obj
 *fill*         0x20000484        0xc 
 .data.aeabi_bits_funcs
                0x20000490       0x10 CMakeFiles/lcd_i2cpwm_demo.dir/C_/pico/pico-sdk/src/rp2_common/pico_bit_ops/bit_ops_aeabi.S.obj
                0x20000490                aeabi_bits_funcs
                0x200004a0                aeabi_bits_funcs_end
 .data.aeabi_mem_funcs
                0x200004a0       0x10 CMakeFiles/lcd_i2cpwm_demo.dir/C_/pico/pico-sdk/src/rp2_common/pico_mem_ops/mem_ops_aeabi.S.obj
                0x200004a0                aeabi_mem_funcs
                0x200004b0                aeabi_mem_funcs_end
 .data.stdio_usb
                0x200004b0       0x14 CMakeFiles/lcd_i2cpwm_demo.dir/C_/pico/pico-sdk/src/rp2_common/pico_stdio_usb/stdio_usb.c.obj
                0x200004b0                stdio_usb
 .data.ep_dir_string
                0x200004c4        0x8 CMakeFiles/lcd_i2cpwm_demo.dir/C_/pico/pico-sdk/lib/tinyusb/src/portable/raspberrypi/rp2040/rp2040_usb.c.obj
                0x200004c4                ep_dir_string
 .data._usbd_qdef
                0x200004cc       0x24 CMakeFiles/lcd_i2cpwm_demo.dir/C_/pico/pico-sdk/lib/tinyusb/src/device/usbd.c.obj
                0x200004cc                _usbd_qdef
 .data.i2c0_inst
                0x200004f0        0x8 CMakeFiles/lcd_i2cpwm_demo.dir/C_/pico/pico-sdk/src/rp2_common/hardware_i2c/i2c.c.obj
                0x200004f0                i2c0_inst
 .data.i2c1_inst
                0x200004f8        0x8 CMakeFiles/lcd_i2cpwm_demo.dir/C_/pico/pico-sdk/src/rp2_common/hardware_i2c/i2c.c.obj
                0x200004f8                i2c1_inst
                0x20000500                . = ALIGN (0x4)
 *(.after_data.*)
                0x20000500                . = ALIGN (0x4)
                0x20000500                PROVIDE (__mutex_array_start = .)
 *(SORT_BY_NAME(.mutex_array.*))
 *(.mutex_array)
 .mutex_array   0x20000500        0x8 CMakeFiles/lcd_i2cpwm_demo.dir/C_/pico/pico-sdk/src/rp2_common/pico_stdio/stdio.c.obj
                0x20000508                PROVIDE (__mutex_array_end = .)
                0x20000508                . = ALIGN (0x4)
                0x20000508                PROVIDE (__preinit_array_start = .)
 *(SORT_BY_NAME(.preinit_array.*))
 .preinit_array.00001
                0x20000508        0x4 CMakeFiles/lcd_i2cpwm_demo.dir/C_/pico/pico-sdk/src/rp2_common/pico_mem_ops/mem_ops_aeabi.S.obj
 .preinit_array.00010
                0x2000050c        0x4 CMakeFiles/lcd_i2cpwm_demo.dir/C_/pico/pico-sdk/src/rp2_common/pico_bit_ops/bit_ops_aeabi.S.obj
 .preinit_array.00020
                0x20000510        0x4 CMakeFiles/lcd_i2cpwm_demo.dir/C_/pico/pico-sdk/src/rp2_common/pico_double/double_aeabi.S.obj
 .preinit_array.00020
                0x20000514        0x4 CMakeFiles/lcd_i2cpwm_demo.dir/C_/pico/pico-sdk/src/rp2_common/pico_float/float_aeabi.S.obj
 *(.preinit_array)
                0x20000518                PROVIDE (__preinit_array_end = .)
                0x20000518                . = ALIGN (0x4)
                0x20000518                PROVIDE (__init_array_start = .)
 *(SORT_BY_NAME(.init_array.*))
 *(.init_array)
 .init_array    0x20000518        0x4 c:/tools/gcc-arm-none-eabi-10.3-2021.10/bin/../lib/gcc/arm-none-eabi/10.3.1/thumb/v6-m/nofp/crtbegin.o
 .init_array    0x2000051c        0x4 CMakeFiles/lcd_i2cpwm_demo.dir/C_/pico/pico-sdk/src/rp2_common/cmsis/stub/CMSIS/Device/RaspberryPi/RP2040/Source/system_RP2040.c.obj
 .init_array    0x20000520        0x4 CMakeFiles/lcd_i2cpwm_demo.dir/C_/pico/pico-sdk/src/rp2_common/pico_unique_id/unique_id.c.obj
                0x20000524                PROVIDE (__init_array_end = .)
                0x20000524                . = ALIGN (0x4)
                [!provide]                PROVIDE (__fini_array_start = .)
 *(SORT_BY_NAME(.fini_array.*))
 *(.fini_array)
                [!provide]                PROVIDE (__fini_array_end = .)
 *(.jcr)
                0x20000524                . = ALIGN (0x4)
                0x20000524                __data_end__ = .

.igot.plt       0x20000524        0x0 load address 0x10011064
 .igot.plt      0x20000524        0x0 c:/tools/gcc-arm-none-eabi-10.3-2021.10/bin/../lib/gcc/arm-none-eabi/10.3.1/thumb/v6-m/nofp/crtbegin.o

.uninitialized_data
                0x20000524        0x0 load address 0x10011064
                0x20000524                . = ALIGN (0x4)
 *(.uninitialized_data*)

.scratch_x      0x20040000        0x0 load address 0x10011064
                0x20040000                __scratch_x_start__ = .
 *(.scratch_x.*)
                0x20040000                . = ALIGN (0x4)
                0x20040000                __scratch_x_end__ = .
                0x10011064                __scratch_x_source__ = LOADADDR (.scratch_x)

.scratch_y      0x20041000        0x0 load address 0x10011064
                0x20041000                __scratch_y_start__ = .
 *(.scratch_y.*)
                0x20041000                . = ALIGN (0x4)
                0x20041000                __scratch_y_end__ = .
                0x10011064                __scratch_y_source__ = LOADADDR (.scratch_y)

.bss            0x20000528    0x26f2c
                0x20000528                . = ALIGN (0x4)
                0x20000528                __bss_start__ = .
 *(SORT_BY_ALIGNMENT(SORT_BY_NAME(.bss*)))
 .bss.default_alarm_pool_entries
                0x20000528      0x100 CMakeFiles/lcd_i2cpwm_demo.dir/C_/pico/pico-sdk/src/common/pico_time/time.c.obj
 .bss.last_avail_time.1
                0x20000628        0x8 CMakeFiles/lcd_i2cpwm_demo.dir/C_/pico/pico-sdk/src/rp2_common/pico_stdio_usb/stdio_usb.c.obj
 .bss.sd_table  0x20000630      0x100 CMakeFiles/lcd_i2cpwm_demo.dir/C_/pico/pico-sdk/src/rp2_common/pico_double/double_init_rom.c.obj
                0x20000630                sd_table
 .bss.sf_table  0x20000730      0x100 CMakeFiles/lcd_i2cpwm_demo.dir/C_/pico/pico-sdk/src/rp2_common/pico_float/float_init_rom.c.obj
                0x20000730                sf_table
 .bss           0x20000830       0x1c c:/tools/gcc-arm-none-eabi-10.3-2021.10/bin/../lib/gcc/arm-none-eabi/10.3.1/thumb/v6-m/nofp/crtbegin.o
 .bss.BytesRead
                0x2000084c        0x4 CMakeFiles/lcd_i2cpwm_demo.dir/lib/fatfs/fatfs_storage.c.obj
                0x2000084c                BytesRead
 .bss.FatFs     0x20000850        0x4 CMakeFiles/lcd_i2cpwm_demo.dir/lib/fatfs/ff.c.obj
 .bss.SystemCoreClock
                0x20000854        0x4 CMakeFiles/lcd_i2cpwm_demo.dir/C_/pico/pico-sdk/src/rp2_common/cmsis/stub/CMSIS/Device/RaspberryPi/RP2040/Source/system_RP2040.c.obj
                0x20000854                SystemCoreClock
 .bss._app_driver
                0x20000858        0x4 CMakeFiles/lcd_i2cpwm_demo.dir/C_/pico/pico-sdk/lib/tinyusb/src/device/usbd.c.obj
 .bss._cdcd_itf
                0x2000085c      0x2d8 CMakeFiles/lcd_i2cpwm_demo.dir/C_/pico/pico-sdk/lib/tinyusb/src/class/cdc/cdc_device.c.obj
 .bss._ctrl_xfer
                0x20000b34       0x14 CMakeFiles/lcd_i2cpwm_demo.dir/C_/pico/pico-sdk/lib/tinyusb/src/device/usbd_control.c.obj
 .bss._ubsd_mutexdef
                0x20000b48        0x8 CMakeFiles/lcd_i2cpwm_demo.dir/C_/pico/pico-sdk/lib/tinyusb/src/device/usbd.c.obj
 .bss._usbd_ctrl_buf
                0x20000b50       0x40 CMakeFiles/lcd_i2cpwm_demo.dir/C_/pico/pico-sdk/lib/tinyusb/src/device/usbd_control.c.obj
 .bss._usbd_dev
                0x20000b90       0x53 CMakeFiles/lcd_i2cpwm_demo.dir/C_/pico/pico-sdk/lib/tinyusb/src/device/usbd.c.obj
 *fill*         0x20000be3        0x1 
 .bss._usbd_mutex
                0x20000be4        0x4 CMakeFiles/lcd_i2cpwm_demo.dir/C_/pico/pico-sdk/lib/tinyusb/src/device/usbd.c.obj
 .bss._usbd_q   0x20000be8        0x4 CMakeFiles/lcd_i2cpwm_demo.dir/C_/pico/pico-sdk/lib/tinyusb/src/device/usbd.c.obj
 .bss._usbd_qdef_buf
                0x20000bec       0xc0 CMakeFiles/lcd_i2cpwm_demo.dir/C_/pico/pico-sdk/lib/tinyusb/src/device/usbd.c.obj
                0x20000bec                _usbd_qdef_buf
 .bss.aBuffer   0x20000cac      0x5a0 CMakeFiles/lcd_i2cpwm_demo.dir/lib/fatfs/fatfs_storage.c.obj
 .bss.alarm_callbacks
                0x2000124c       0x10 CMakeFiles/lcd_i2cpwm_demo.dir/C_/pico/pico-sdk/src/rp2_common/hardware_timer/timer.c.obj
 .bss.boot2_copyout
                0x2000125c      0x100 CMakeFiles/lcd_i2cpwm_demo.dir/C_/pico/pico-sdk/src/rp2_common/hardware_flash/flash.c.obj
 .bss.claimed   0x2000135c        0x4 CMakeFiles/lcd_i2cpwm_demo.dir/C_/pico/pico-sdk/src/rp2_common/hardware_sync/sync.c.obj
 .bss.configured_freq
                0x20001360       0x28 CMakeFiles/lcd_i2cpwm_demo.dir/C_/pico/pico-sdk/src/rp2_common/hardware_clocks/clocks.c.obj
 .bss.default_alarm_pool_entry_ids_high
                0x20001388       0x10 CMakeFiles/lcd_i2cpwm_demo.dir/C_/pico/pico-sdk/src/common/pico_time/time.c.obj
 .bss.default_alarm_pool_heap_nodes
                0x20001398       0x30 CMakeFiles/lcd_i2cpwm_demo.dir/C_/pico/pico-sdk/src/common/pico_time/time.c.obj
 .bss.desc_str.0
                0x200013c8       0x28 CMakeFiles/lcd_i2cpwm_demo.dir/C_/pico/pico-sdk/src/rp2_common/pico_stdio_usb/stdio_usb_descriptors.c.obj
 .bss.drivers   0x200013f0        0x4 CMakeFiles/lcd_i2cpwm_demo.dir/C_/pico/pico-sdk/src/rp2_common/pico_stdio/stdio.c.obj
 .bss.file_name
                0x200013f4      0x113 CMakeFiles/lcd_i2cpwm_demo.dir/lib/lcd/LCD_Bmp.c.obj
                0x200013f4                file_name
 *fill*         0x20001507        0x1 
 .bss.filter    0x20001508        0x4 CMakeFiles/lcd_i2cpwm_demo.dir/C_/pico/pico-sdk/src/rp2_common/pico_stdio/stdio.c.obj
 .bss.hw_endpoints
                0x2000150c      0x400 CMakeFiles/lcd_i2cpwm_demo.dir/C_/pico/pico-sdk/lib/tinyusb/src/portable/raspberrypi/rp2040/dcd_rp2040.c.obj
 .bss.i2c_writebuf
                0x2000190c        0x3 CMakeFiles/lcd_i2cpwm_demo.dir/lib/lcd/LCD_Touch.c.obj
                0x2000190c                i2c_writebuf
 *fill*         0x2000190f        0x1 
 .bss.lazy_vsnprintf
                0x20001910        0x4 CMakeFiles/lcd_i2cpwm_demo.dir/C_/pico/pico-sdk/src/rp2_common/pico_printf/printf.c.obj
 .bss.load_value
                0x20001914        0x4 CMakeFiles/lcd_i2cpwm_demo.dir/C_/pico/pico-sdk/src/rp2_common/hardware_watchdog/watchdog.c.obj
 .bss.microSDFatFs
                0x20001918      0x230 CMakeFiles/lcd_i2cpwm_demo.dir/lib/lcd/LCD_Bmp.c.obj
                0x20001918                microSDFatFs
 .bss.next_buffer_ptr
                0x20001b48        0x4 CMakeFiles/lcd_i2cpwm_demo.dir/C_/pico/pico-sdk/lib/tinyusb/src/portable/raspberrypi/rp2040/dcd_rp2040.c.obj
 .bss.pDirectoryFiles
                0x20001b4c       0x64 CMakeFiles/lcd_i2cpwm_demo.dir/lib/lcd/LCD_Bmp.c.obj
                0x20001b4c                pDirectoryFiles
 .bss.pic       0x20001bb0    0x25800 CMakeFiles/lcd_i2cpwm_demo.dir/lib/fatfs/fatfs_storage.c.obj
                0x20001bb0                pic
 .bss.pools     0x200273b0       0x10 CMakeFiles/lcd_i2cpwm_demo.dir/C_/pico/pico-sdk/src/common/pico_time/time.c.obj
 .bss.pwmgui    0x200273c0        0x4 CMakeFiles/lcd_i2cpwm_demo.dir/lib/lcd/LCD_Touch.c.obj
 .bss.retrieved_id
                0x200273c4        0x8 CMakeFiles/lcd_i2cpwm_demo.dir/C_/pico/pico-sdk/src/rp2_common/pico_unique_id/unique_id.c.obj
 .bss.sLCD_DIS  0x200273cc        0xa CMakeFiles/lcd_i2cpwm_demo.dir/lib/lcd/LCD_Driver.c.obj
                0x200273cc                sLCD_DIS
 *fill*         0x200273d6        0x2 
 .bss.sTP_DEV   0x200273d8       0x1c CMakeFiles/lcd_i2cpwm_demo.dir/lib/lcd/LCD_Touch.c.obj
 .bss.sTP_Draw  0x200273f4        0x8 CMakeFiles/lcd_i2cpwm_demo.dir/lib/lcd/LCD_Touch.c.obj
 .bss.sf_clz_func
                0x200273fc        0x4 CMakeFiles/lcd_i2cpwm_demo.dir/C_/pico/pico-sdk/src/rp2_common/pico_double/double_init_rom.c.obj
                0x200273fc                sf_clz_func
 .bss.sleep_notifier
                0x20027400        0x4 CMakeFiles/lcd_i2cpwm_demo.dir/C_/pico/pico-sdk/src/common/pico_time/time.c.obj
 .bss.slice_0   0x20027404        0x4 CMakeFiles/lcd_i2cpwm_demo.dir/lib/config/DEV_Config.c.obj
 .bss.slice_1   0x20027408        0x4 CMakeFiles/lcd_i2cpwm_demo.dir/lib/config/DEV_Config.c.obj
 .bss.slice_num
                0x2002740c        0x4 CMakeFiles/lcd_i2cpwm_demo.dir/lib/config/DEV_Config.c.obj
 .bss.stdio_usb_mutex
                0x20027410        0x8 CMakeFiles/lcd_i2cpwm_demo.dir/C_/pico/pico-sdk/src/rp2_common/pico_stdio_usb/stdio_usb.c.obj
 .bss.target_hi
                0x20027418       0x10 CMakeFiles/lcd_i2cpwm_demo.dir/C_/pico/pico-sdk/src/rp2_common/hardware_timer/timer.c.obj
 .bss.usbd_serial_str
                0x20027428       0x11 CMakeFiles/lcd_i2cpwm_demo.dir/C_/pico/pico-sdk/src/rp2_common/pico_stdio_usb/stdio_usb_descriptors.c.obj
 *fill*         0x20027439        0x3 
 .bss.user_irq_claimed
                0x2002743c        0x2 CMakeFiles/lcd_i2cpwm_demo.dir/C_/pico/pico-sdk/src/rp2_common/hardware_irq/irq.c.obj
 .bss.Fsid      0x2002743e        0x2 CMakeFiles/lcd_i2cpwm_demo.dir/lib/fatfs/ff.c.obj
 .bss.pagestatus
                0x20027440        0x2 CMakeFiles/lcd_i2cpwm_demo.dir/lib/lcd/LCD_Touch.c.obj
                0x20027440                pagestatus
 .bss.SD_Type   0x20027442        0x1 CMakeFiles/lcd_i2cpwm_demo.dir/lib/sdcard/MMC_SD.c.obj
                0x20027442                SD_Type
 .bss._app_driver_count
                0x20027443        0x1 CMakeFiles/lcd_i2cpwm_demo.dir/C_/pico/pico-sdk/lib/tinyusb/src/device/usbd.c.obj
 .bss._usbd_initialized
                0x20027444        0x1 CMakeFiles/lcd_i2cpwm_demo.dir/C_/pico/pico-sdk/lib/tinyusb/src/device/usbd.c.obj
 .bss.boot2_copyout_valid
                0x20027445        0x1 CMakeFiles/lcd_i2cpwm_demo.dir/C_/pico/pico-sdk/src/rp2_common/hardware_flash/flash.c.obj
 .bss.claimed   0x20027446        0x1 CMakeFiles/lcd_i2cpwm_demo.dir/C_/pico/pico-sdk/src/rp2_common/hardware_timer/timer.c.obj
 .bss.f_res     0x20027447        0x1 CMakeFiles/lcd_i2cpwm_demo.dir/lib/lcd/LCD_Bmp.c.obj
                0x20027447                f_res
 .bss.irq_hander_chain_free_slot_head
                0x20027448        0x1 CMakeFiles/lcd_i2cpwm_demo.dir/C_/pico/pico-sdk/src/rp2_common/hardware_irq/irq.c.obj
 .bss.itf_num   0x20027449        0x1 CMakeFiles/lcd_i2cpwm_demo.dir/C_/pico/pico-sdk/src/rp2_common/pico_stdio_usb/reset_interface.c.obj
 .bss.low_priority_irq_num
                0x2002744a        0x1 CMakeFiles/lcd_i2cpwm_demo.dir/C_/pico/pico-sdk/src/rp2_common/pico_stdio_usb/stdio_usb.c.obj
 .bss.ox_sensing
                0x2002744b        0x1 CMakeFiles/lcd_i2cpwm_demo.dir/lib/lcd/LCD_Touch.c.obj
                0x2002744b                ox_sensing
 .bss.pwmstatus
                0x2002744c        0x1 CMakeFiles/lcd_i2cpwm_demo.dir/lib/lcd/LCD_Touch.c.obj
                0x2002744c                pwmstatus
 .bss.sstart    0x2002744d        0x1 CMakeFiles/lcd_i2cpwm_demo.dir/lib/lcd/LCD_Touch.c.obj
                0x2002744d                sstart
 .bss.sstop     0x2002744e        0x1 CMakeFiles/lcd_i2cpwm_demo.dir/lib/lcd/LCD_Touch.c.obj
                0x2002744e                sstop
 .bss.start_status
                0x2002744f        0x1 CMakeFiles/lcd_i2cpwm_demo.dir/lib/lcd/LCD_Touch.c.obj
                0x2002744f                start_status
 .bss.timer_callbacks_pending
                0x20027450        0x1 CMakeFiles/lcd_i2cpwm_demo.dir/C_/pico/pico-sdk/src/rp2_common/hardware_timer/timer.c.obj
 *(COMMON)
                0x20027454                . = ALIGN (0x4)
 *fill*         0x20027451        0x3 
                0x20027454                __bss_end__ = .

.heap           0x20027454      0x800
                0x20027454                __end__ = .
                0x20027454                end = __end__
 *(.heap*)
 .heap          0x20027454      0x800 CMakeFiles/lcd_i2cpwm_demo.dir/C_/pico/pico-sdk/src/rp2_common/pico_standard_link/crt0.S.obj
                0x20027c54                __HeapLimit = .

.stack1_dummy   0x20040000        0x0
 *(.stack1*)

.stack_dummy    0x20041000      0x800
 *(.stack*)
 .stack         0x20041000      0x800 CMakeFiles/lcd_i2cpwm_demo.dir/C_/pico/pico-sdk/src/rp2_common/pico_standard_link/crt0.S.obj

.flash_end      0x10011064        0x0
                0x10011064                __flash_binary_end = .
                0x20040000                __StackLimit = (ORIGIN (RAM) + LENGTH (RAM))
                0x20041000                __StackOneTop = (ORIGIN (SCRATCH_X) + LENGTH (SCRATCH_X))
                0x20042000                __StackTop = (ORIGIN (SCRATCH_Y) + LENGTH (SCRATCH_Y))
                0x20041000                __StackOneBottom = (__StackOneTop - SIZEOF (.stack1_dummy))
                0x20041800                __StackBottom = (__StackTop - SIZEOF (.stack_dummy))
                0x20042000                PROVIDE (__stack = __StackTop)
                0x00000001                ASSERT ((__StackLimit >= __HeapLimit), region RAM overflowed)
                0x00000001                ASSERT (((__binary_info_header_end - __logical_binary_start) <= 0x100), Binary info must be in first 256 bytes of the binary)
LOAD CMakeFiles/lcd_i2cpwm_demo.dir/main.c.obj
LOAD CMakeFiles/lcd_i2cpwm_demo.dir/view/lcd_test.c.obj
LOAD CMakeFiles/lcd_i2cpwm_demo.dir/lib/config/DEV_Config.c.obj
LOAD CMakeFiles/lcd_i2cpwm_demo.dir/lib/fatfs/diskio.c.obj
LOAD CMakeFiles/lcd_i2cpwm_demo.dir/lib/fatfs/fatfs_storage.c.obj
LOAD CMakeFiles/lcd_i2cpwm_demo.dir/lib/fatfs/ff.c.obj
LOAD CMakeFiles/lcd_i2cpwm_demo.dir/lib/font/font8.c.obj
LOAD CMakeFiles/lcd_i2cpwm_demo.dir/lib/font/font12.c.obj
LOAD CMakeFiles/lcd_i2cpwm_demo.dir/lib/font/font16.c.obj
LOAD CMakeFiles/lcd_i2cpwm_demo.dir/lib/font/font20.c.obj
LOAD CMakeFiles/lcd_i2cpwm_demo.dir/lib/font/font24.c.obj
LOAD CMakeFiles/lcd_i2cpwm_demo.dir/lib/lcd/LCD_Bmp.c.obj
LOAD CMakeFiles/lcd_i2cpwm_demo.dir/lib/lcd/LCD_Driver.c.obj
LOAD CMakeFiles/lcd_i2cpwm_demo.dir/lib/lcd/LCD_GUI.c.obj
LOAD CMakeFiles/lcd_i2cpwm_demo.dir/lib/lcd/LCD_Touch.c.obj
LOAD CMakeFiles/lcd_i2cpwm_demo.dir/lib/sdcard/MMC_SD.c.obj
LOAD CMakeFiles/lcd_i2cpwm_demo.dir/lib/pca9685/pca9685.c.obj
LOAD CMakeFiles/lcd_i2cpwm_demo.dir/C_/pico/pico-sdk/src/rp2_common/cmsis/stub/CMSIS/Device/RaspberryPi/RP2040/Source/system_RP2040.c.obj
LOAD CMakeFiles/lcd_i2cpwm_demo.dir/C_/pico/pico-sdk/src/rp2_common/hardware_clocks/clocks.c.obj
LOAD CMakeFiles/lcd_i2cpwm_demo.dir/C_/pico/pico-sdk/src/rp2_common/hardware_claim/claim.c.obj
LOAD CMakeFiles/lcd_i2cpwm_demo.dir/C_/pico/pico-sdk/src/rp2_common/pico_platform/platform.c.obj
LOAD CMakeFiles/lcd_i2cpwm_demo.dir/C_/pico/pico-sdk/src/rp2_common/hardware_sync/sync.c.obj
LOAD CMakeFiles/lcd_i2cpwm_demo.dir/C_/pico/pico-sdk/src/rp2_common/hardware_gpio/gpio.c.obj
LOAD CMakeFiles/lcd_i2cpwm_demo.dir/C_/pico/pico-sdk/src/rp2_common/hardware_irq/irq.c.obj